Archive member included to satisfy reference by file (symbol)

c:/st/stm32cubeide_1.5.0/stm32cubeide/plugins/com.st.stm32cube.ide.mcu.externaltools.gnu-tools-for-stm32.7-2018-q2-update.win32_1.5.0.202011040924/tools/bin/../lib/gcc/arm-none-eabi/7.3.1/../../../../arm-none-eabi/lib/thumb/v7e-m/fpv4-sp/hard\libc_nano.a(lib_a-errno.o)
                              src/bsp/syscalls.o (__errno)
c:/st/stm32cubeide_1.5.0/stm32cubeide/plugins/com.st.stm32cube.ide.mcu.externaltools.gnu-tools-for-stm32.7-2018-q2-update.win32_1.5.0.202011040924/tools/bin/../lib/gcc/arm-none-eabi/7.3.1/../../../../arm-none-eabi/lib/thumb/v7e-m/fpv4-sp/hard\libc_nano.a(lib_a-exit.o)
                              c:/st/stm32cubeide_1.5.0/stm32cubeide/plugins/com.st.stm32cube.ide.mcu.externaltools.gnu-tools-for-stm32.7-2018-q2-update.win32_1.5.0.202011040924/tools/bin/../lib/gcc/arm-none-eabi/7.3.1/../../../../arm-none-eabi/lib/thumb/v7e-m/fpv4-sp/hard/crt0.o (exit)
c:/st/stm32cubeide_1.5.0/stm32cubeide/plugins/com.st.stm32cube.ide.mcu.externaltools.gnu-tools-for-stm32.7-2018-q2-update.win32_1.5.0.202011040924/tools/bin/../lib/gcc/arm-none-eabi/7.3.1/../../../../arm-none-eabi/lib/thumb/v7e-m/fpv4-sp/hard\libc_nano.a(lib_a-impure.o)
                              c:/st/stm32cubeide_1.5.0/stm32cubeide/plugins/com.st.stm32cube.ide.mcu.externaltools.gnu-tools-for-stm32.7-2018-q2-update.win32_1.5.0.202011040924/tools/bin/../lib/gcc/arm-none-eabi/7.3.1/../../../../arm-none-eabi/lib/thumb/v7e-m/fpv4-sp/hard\libc_nano.a(lib_a-exit.o) (_global_impure_ptr)
c:/st/stm32cubeide_1.5.0/stm32cubeide/plugins/com.st.stm32cube.ide.mcu.externaltools.gnu-tools-for-stm32.7-2018-q2-update.win32_1.5.0.202011040924/tools/bin/../lib/gcc/arm-none-eabi/7.3.1/../../../../arm-none-eabi/lib/thumb/v7e-m/fpv4-sp/hard\libc_nano.a(lib_a-init.o)
                              c:/st/stm32cubeide_1.5.0/stm32cubeide/plugins/com.st.stm32cube.ide.mcu.externaltools.gnu-tools-for-stm32.7-2018-q2-update.win32_1.5.0.202011040924/tools/bin/../lib/gcc/arm-none-eabi/7.3.1/../../../../arm-none-eabi/lib/thumb/v7e-m/fpv4-sp/hard/crt0.o (__libc_init_array)
c:/st/stm32cubeide_1.5.0/stm32cubeide/plugins/com.st.stm32cube.ide.mcu.externaltools.gnu-tools-for-stm32.7-2018-q2-update.win32_1.5.0.202011040924/tools/bin/../lib/gcc/arm-none-eabi/7.3.1/../../../../arm-none-eabi/lib/thumb/v7e-m/fpv4-sp/hard\libc_nano.a(lib_a-malloc.o)
                              src/lib/FatFs/src/option/syscall.o (malloc)
c:/st/stm32cubeide_1.5.0/stm32cubeide/plugins/com.st.stm32cube.ide.mcu.externaltools.gnu-tools-for-stm32.7-2018-q2-update.win32_1.5.0.202011040924/tools/bin/../lib/gcc/arm-none-eabi/7.3.1/../../../../arm-none-eabi/lib/thumb/v7e-m/fpv4-sp/hard\libc_nano.a(lib_a-memcpy-stub.o)
                              src/hw/driver/cli.o (memcpy)
c:/st/stm32cubeide_1.5.0/stm32cubeide/plugins/com.st.stm32cube.ide.mcu.externaltools.gnu-tools-for-stm32.7-2018-q2-update.win32_1.5.0.202011040924/tools/bin/../lib/gcc/arm-none-eabi/7.3.1/../../../../arm-none-eabi/lib/thumb/v7e-m/fpv4-sp/hard\libc_nano.a(lib_a-memset.o)
                              c:/st/stm32cubeide_1.5.0/stm32cubeide/plugins/com.st.stm32cube.ide.mcu.externaltools.gnu-tools-for-stm32.7-2018-q2-update.win32_1.5.0.202011040924/tools/bin/../lib/gcc/arm-none-eabi/7.3.1/../../../../arm-none-eabi/lib/thumb/v7e-m/fpv4-sp/hard/crt0.o (memset)
c:/st/stm32cubeide_1.5.0/stm32cubeide/plugins/com.st.stm32cube.ide.mcu.externaltools.gnu-tools-for-stm32.7-2018-q2-update.win32_1.5.0.202011040924/tools/bin/../lib/gcc/arm-none-eabi/7.3.1/../../../../arm-none-eabi/lib/thumb/v7e-m/fpv4-sp/hard\libc_nano.a(lib_a-nano-freer.o)
                              c:/st/stm32cubeide_1.5.0/stm32cubeide/plugins/com.st.stm32cube.ide.mcu.externaltools.gnu-tools-for-stm32.7-2018-q2-update.win32_1.5.0.202011040924/tools/bin/../lib/gcc/arm-none-eabi/7.3.1/../../../../arm-none-eabi/lib/thumb/v7e-m/fpv4-sp/hard\libc_nano.a(lib_a-malloc.o) (_free_r)
c:/st/stm32cubeide_1.5.0/stm32cubeide/plugins/com.st.stm32cube.ide.mcu.externaltools.gnu-tools-for-stm32.7-2018-q2-update.win32_1.5.0.202011040924/tools/bin/../lib/gcc/arm-none-eabi/7.3.1/../../../../arm-none-eabi/lib/thumb/v7e-m/fpv4-sp/hard\libc_nano.a(lib_a-nano-mallocr.o)
                              c:/st/stm32cubeide_1.5.0/stm32cubeide/plugins/com.st.stm32cube.ide.mcu.externaltools.gnu-tools-for-stm32.7-2018-q2-update.win32_1.5.0.202011040924/tools/bin/../lib/gcc/arm-none-eabi/7.3.1/../../../../arm-none-eabi/lib/thumb/v7e-m/fpv4-sp/hard\libc_nano.a(lib_a-malloc.o) (_malloc_r)
c:/st/stm32cubeide_1.5.0/stm32cubeide/plugins/com.st.stm32cube.ide.mcu.externaltools.gnu-tools-for-stm32.7-2018-q2-update.win32_1.5.0.202011040924/tools/bin/../lib/gcc/arm-none-eabi/7.3.1/../../../../arm-none-eabi/lib/thumb/v7e-m/fpv4-sp/hard\libc_nano.a(lib_a-nano-vfprintf_float.o)
                              (_printf_float)
[...]
Memory Configuration

Name             Origin             Length             Attributes
RAM              0x0000000020000000 0x0000000000020000 xrw
FLASH            0x0000000008000000 0x0000000000080000 xr
*default*        0x0000000000000000 0xffffffffffffffff

Linker script and memory map

LOAD c:/st/stm32cubeide_1.5.0/stm32cubeide/plugins/com.st.stm32cube.ide.mcu.externaltools.gnu-tools-for-stm32.7-2018-q2-update.win32_1.5.0.202011040924/tools/bin/../lib/gcc/arm-none-eabi/7.3.1/thumb/v7e-m/fpv4-sp/hard/crti.o
LOAD c:/st/stm32cubeide_1.5.0/stm32cubeide/plugins/com.st.stm32cube.ide.mcu.externaltools.gnu-tools-for-stm32.7-2018-q2-update.win32_1.5.0.202011040924/tools/bin/../lib/gcc/arm-none-eabi/7.3.1/thumb/v7e-m/fpv4-sp/hard/crtbegin.o
LOAD c:/st/stm32cubeide_1.5.0/stm32cubeide/plugins/com.st.stm32cube.ide.mcu.externaltools.gnu-tools-for-stm32.7-2018-q2-update.win32_1.5.0.202011040924/tools/bin/../lib/gcc/arm-none-eabi/7.3.1/../../../../arm-none-eabi/lib/thumb/v7e-m/fpv4-sp/hard/crt0.o
LOAD src/ap/ap.o
LOAD src/bsp/bsp.o
LOAD src/bsp/stm32f4xx_hal_msp.o
LOAD src/bsp/stm32f4xx_it.o
LOAD src/bsp/syscalls.o
LOAD src/bsp/sysmem.o
LOAD src/bsp/system_stm32f4xx.o
LOAD src/bsp/startup/startup_stm32f411ceux.o
LOAD src/common/core/qbuffer.o
LOAD src/common/core/user_delay.o
LOAD src/hw/driver/button.o
LOAD src/hw/driver/clcd.o
LOAD src/hw/driver/cli.o
LOAD src/hw/driver/ds18b20.o
LOAD src/hw/driver/fatfs.o
LOAD src/hw/driver/files.o
LOAD src/hw/driver/gpio.o
LOAD src/hw/driver/i2c.o
LOAD src/hw/driver/lcd.o
LOAD src/hw/driver/led.o
LOAD src/hw/driver/onewire.o
LOAD src/hw/driver/sd.o
LOAD src/hw/driver/sonar.o
LOAD src/hw/driver/spi.o
LOAD src/hw/driver/tds.o
LOAD src/hw/driver/uart.o
LOAD src/hw/driver/fatfs/sd_diskio.o
LOAD src/hw/driver/hangul/han.o
LOAD src/hw/driver/lcd/lcd_fonts.o
LOAD src/hw/driver/lcd/ssd1306.o
LOAD src/hw/driver/lcd/st7735.o
LOAD src/hw/hw.o
LOAD src/lib/FatFs/src/diskio.o
LOAD src/lib/FatFs/src/ff.o
LOAD src/lib/FatFs/src/ff_gen_drv.o
LOAD src/lib/FatFs/src/option/syscall.o
LOAD src/lib/FatFs/src/option/unicode.o
LOAD src/lib/f411/Drivers/STM32F4xx_HAL_Driver/Src/stm32f4xx_hal.o
LOAD src/lib/f411/Drivers/STM32F4xx_HAL_Driver/Src/stm32f4xx_hal_adc.o
LOAD src/lib/f411/Drivers/STM32F4xx_HAL_Driver/Src/stm32f4xx_hal_adc_ex.o
LOAD src/lib/f411/Drivers/STM32F4xx_HAL_Driver/Src/stm32f4xx_hal_cortex.o
LOAD src/lib/f411/Drivers/STM32F4xx_HAL_Driver/Src/stm32f4xx_hal_dma.o
LOAD src/lib/f411/Drivers/STM32F4xx_HAL_Driver/Src/stm32f4xx_hal_dma_ex.o
LOAD src/lib/f411/Drivers/STM32F4xx_HAL_Driver/Src/stm32f4xx_hal_exti.o
LOAD src/lib/f411/Drivers/STM32F4xx_HAL_Driver/Src/stm32f4xx_hal_flash.o
LOAD src/lib/f411/Drivers/STM32F4xx_HAL_Driver/Src/stm32f4xx_hal_flash_ex.o
LOAD src/lib/f411/Drivers/STM32F4xx_HAL_Driver/Src/stm32f4xx_hal_flash_ramfunc.o
LOAD src/lib/f411/Drivers/STM32F4xx_HAL_Driver/Src/stm32f4xx_hal_gpio.o
LOAD src/lib/f411/Drivers/STM32F4xx_HAL_Driver/Src/stm32f4xx_hal_pwr.o
LOAD src/lib/f411/Drivers/STM32F4xx_HAL_Driver/Src/stm32f4xx_hal_pwr_ex.o
LOAD src/lib/f411/Drivers/STM32F4xx_HAL_Driver/Src/stm32f4xx_hal_rcc.o
LOAD src/lib/f411/Drivers/STM32F4xx_HAL_Driver/Src/stm32f4xx_hal_rcc_ex.o
LOAD src/lib/f411/Drivers/STM32F4xx_HAL_Driver/Src/stm32f4xx_hal_sd.o
LOAD src/lib/f411/Drivers/STM32F4xx_HAL_Driver/Src/stm32f4xx_hal_spi.o
LOAD src/lib/f411/Drivers/STM32F4xx_HAL_Driver/Src/stm32f4xx_hal_tim.o
LOAD src/lib/f411/Drivers/STM32F4xx_HAL_Driver/Src/stm32f4xx_hal_tim_ex.o
LOAD src/lib/f411/Drivers/STM32F4xx_HAL_Driver/Src/stm32f4xx_hal_uart.o
LOAD src/lib/f411/Drivers/STM32F4xx_HAL_Driver/Src/stm32f4xx_ll_sdmmc.o
LOAD src/main.o
START GROUP
LOAD c:/st/stm32cubeide_1.5.0/stm32cubeide/plugins/com.st.stm32cube.ide.mcu.externaltools.gnu-tools-for-stm32.7-2018-q2-update.win32_1.5.0.202011040924/tools/bin/../lib/gcc/arm-none-eabi/7.3.1/../../../../arm-none-eabi/lib/thumb/v7e-m/fpv4-sp/hard\libc_nano.a
LOAD c:/st/stm32cubeide_1.5.0/stm32cubeide/plugins/com.st.stm32cube.ide.mcu.externaltools.gnu-tools-for-stm32.7-2018-q2-update.win32_1.5.0.202011040924/tools/bin/../lib/gcc/arm-none-eabi/7.3.1/../../../../arm-none-eabi/lib/thumb/v7e-m/fpv4-sp/hard\libm.a
END GROUP
START GROUP
LOAD c:/st/stm32cubeide_1.5.0/stm32cubeide/plugins/com.st.stm32cube.ide.mcu.externaltools.gnu-tools-for-stm32.7-2018-q2-update.win32_1.5.0.202011040924/tools/bin/../lib/gcc/arm-none-eabi/7.3.1/thumb/v7e-m/fpv4-sp/hard\libgcc.a
LOAD c:/st/stm32cubeide_1.5.0/stm32cubeide/plugins/com.st.stm32cube.ide.mcu.externaltools.gnu-tools-for-stm32.7-2018-q2-update.win32_1.5.0.202011040924/tools/bin/../lib/gcc/arm-none-eabi/7.3.1/../../../../arm-none-eabi/lib/thumb/v7e-m/fpv4-sp/hard\libc_nano.a
END GROUP
START GROUP
LOAD c:/st/stm32cubeide_1.5.0/stm32cubeide/plugins/com.st.stm32cube.ide.mcu.externaltools.gnu-tools-for-stm32.7-2018-q2-update.win32_1.5.0.202011040924/tools/bin/../lib/gcc/arm-none-eabi/7.3.1/thumb/v7e-m/fpv4-sp/hard\libgcc.a
LOAD c:/st/stm32cubeide_1.5.0/stm32cubeide/plugins/com.st.stm32cube.ide.mcu.externaltools.gnu-tools-for-stm32.7-2018-q2-update.win32_1.5.0.202011040924/tools/bin/../lib/gcc/arm-none-eabi/7.3.1/../../../../arm-none-eabi/lib/thumb/v7e-m/fpv4-sp/hard\libc_nano.a
LOAD c:/st/stm32cubeide_1.5.0/stm32cubeide/plugins/com.st.stm32cube.ide.mcu.externaltools.gnu-tools-for-stm32.7-2018-q2-update.win32_1.5.0.202011040924/tools/bin/../lib/gcc/arm-none-eabi/7.3.1/../../../../arm-none-eabi/lib/thumb/v7e-m/fpv4-sp/hard\libnosys.a
END GROUP
START GROUP
LOAD c:/st/stm32cubeide_1.5.0/stm32cubeide/plugins/com.st.stm32cube.ide.mcu.externaltools.gnu-tools-for-stm32.7-2018-q2-update.win32_1.5.0.202011040924/tools/bin/../lib/gcc/arm-none-eabi/7.3.1/thumb/v7e-m/fpv4-sp/hard\libgcc.a
LOAD c:/st/stm32cubeide_1.5.0/stm32cubeide/plugins/com.st.stm32cube.ide.mcu.externaltools.gnu-tools-for-stm32.7-2018-q2-update.win32_1.5.0.202011040924/tools/bin/../lib/gcc/arm-none-eabi/7.3.1/../../../../arm-none-eabi/lib/thumb/v7e-m/fpv4-sp/hard\libc_nano.a
LOAD c:/st/stm32cubeide_1.5.0/stm32cubeide/plugins/com.st.stm32cube.ide.mcu.externaltools.gnu-tools-for-stm32.7-2018-q2-update.win32_1.5.0.202011040924/tools/bin/../lib/gcc/arm-none-eabi/7.3.1/../../../../arm-none-eabi/lib/thumb/v7e-m/fpv4-sp/hard\libnosys.a
END GROUP
LOAD c:/st/stm32cubeide_1.5.0/stm32cubeide/plugins/com.st.stm32cube.ide.mcu.externaltools.gnu-tools-for-stm32.7-2018-q2-update.win32_1.5.0.202011040924/tools/bin/../lib/gcc/arm-none-eabi/7.3.1/thumb/v7e-m/fpv4-sp/hard/crtend.o
LOAD c:/st/stm32cubeide_1.5.0/stm32cubeide/plugins/com.st.stm32cube.ide.mcu.externaltools.gnu-tools-for-stm32.7-2018-q2-update.win32_1.5.0.202011040924/tools/bin/../lib/gcc/arm-none-eabi/7.3.1/thumb/v7e-m/fpv4-sp/hard/crtn.o
                0x0000000020020000                _estack = (ORIGIN (RAM) + LENGTH (RAM))
                0x0000000000000200                _Min_Heap_Size = 0x200
                0x0000000000000400                _Min_Stack_Size = 0x400

.isr_vector     0x0000000008000000      0x198
                0x0000000008000000                . = ALIGN (0x4)
 *(.isr_vector)
 .isr_vector    0x0000000008000000      0x198 src/bsp/startup/startup_stm32f411ceux.o
                0x0000000008000000                g_pfnVectors
                0x0000000008000198                . = ALIGN (0x4)

.text           0x00000000080001a0    0x1573c
                0x00000000080001a0                . = ALIGN (0x4)
 *(.text)
 .text          0x00000000080001a0       0x40 c:/st/stm32cubeide_1.5.0/stm32cubeide/plugins/com.st.stm32cube.ide.mcu.externaltools.gnu-tools-for-stm32.7-2018-q2-update.win32_1.5.0.202011040924/tools/bin/../lib/gcc/arm-none-eabi/7.3.1/thumb/v7e-m/fpv4-sp/hard/crtbegin.o
 .text          0x00000000080001e0       0x14 c:/st/stm32cubeide_1.5.0/stm32cubeide/plugins/com.st.stm32cube.ide.mcu.externaltools.gnu-tools-for-stm32.7-2018-q2-update.win32_1.5.0.202011040924/tools/bin/../lib/gcc/arm-none-eabi/7.3.1/../../../../arm-none-eabi/lib/thumb/v7e-m/fpv4-sp/hard\libc_nano.a(lib_a-strcmp.o)
                0x00000000080001e0                strcmp
 .text          0x00000000080001f4       0x10 c:/st/stm32cubeide_1.5.0/stm32cubeide/plugins/com.st.stm32cube.ide.mcu.externaltools.gnu-tools-for-stm32.7-2018-q2-update.win32_1.5.0.202011040924/tools/bin/../lib/gcc/arm-none-eabi/7.3.1/../../../../arm-none-eabi/lib/thumb/v7e-m/fpv4-sp/hard\libc_nano.a(lib_a-strlen.o)
                0x00000000080001f4                strlen
 *fill*         0x0000000008000204        0xc 
 .text          0x0000000008000210       0xa0 c:/st/stm32cubeide_1.5.0/stm32cubeide/plugins/com.st.stm32cube.ide.mcu.externaltools.gnu-tools-for-stm32.7-2018-q2-update.win32_1.5.0.202011040924/tools/bin/../lib/gcc/arm-none-eabi/7.3.1/../../../../arm-none-eabi/lib/thumb/v7e-m/fpv4-sp/hard\libc_nano.a(lib_a-memchr.o)
                0x0000000008000210                memchr
 .text          0x00000000080002b0      0x378 c:/st/stm32cubeide_1.5.0/stm32cubeide/plugins/com.st.stm32cube.ide.mcu.externaltools.gnu-tools-for-stm32.7-2018-q2-update.win32_1.5.0.202011040924/tools/bin/../lib/gcc/arm-none-eabi/7.3.1/thumb/v7e-m/fpv4-sp/hard\libgcc.a(_arm_addsubdf3.o)
                0x00000000080002b0                __aeabi_drsub
                0x00000000080002b8                __aeabi_dsub
                0x00000000080002b8                __subdf3
                0x00000000080002bc                __aeabi_dadd
                0x00000000080002bc                __adddf3
                0x0000000008000534                __floatunsidf
                0x0000000008000534                __aeabi_ui2d
                0x0000000008000554                __floatsidf
                0x0000000008000554                __aeabi_i2d
                0x0000000008000578                __aeabi_f2d
                0x0000000008000578                __extendsfdf2
                0x00000000080005bc                __floatundidf
                0x00000000080005bc                __aeabi_ul2d
                0x00000000080005cc                __floatdidf
                0x00000000080005cc                __aeabi_l2d
 .text          0x0000000008000628      0x424 c:/st/stm32cubeide_1.5.0/stm32cubeide/plugins/com.st.stm32cube.ide.mcu.externaltools.gnu-tools-for-stm32.7-2018-q2-update.win32_1.5.0.202011040924/tools/bin/../lib/gcc/arm-none-eabi/7.3.1/thumb/v7e-m/fpv4-sp/hard\libgcc.a(_arm_muldivdf3.o)
                0x0000000008000628                __aeabi_dmul
                0x0000000008000628                __muldf3
                0x000000000800087c                __divdf3
                0x000000000800087c                __aeabi_ddiv
 .text          0x0000000008000a4c      0x110 c:/st/stm32cubeide_1.5.0/stm32cubeide/plugins/com.st.stm32cube.ide.mcu.externaltools.gnu-tools-for-stm32.7-2018-q2-update.win32_1.5.0.202011040924/tools/bin/../lib/gcc/arm-none-eabi/7.3.1/thumb/v7e-m/fpv4-sp/hard\libgcc.a(_arm_cmpdf2.o)
                0x0000000008000a4c                __gtdf2
                0x0000000008000a4c                __gedf2
                0x0000000008000a54                __ltdf2
                0x0000000008000a54                __ledf2
                0x0000000008000a5c                __nedf2
                0x0000000008000a5c                __eqdf2
                0x0000000008000a5c                __cmpdf2
                0x0000000008000ad8                __aeabi_cdrcmple
                0x0000000008000ae8                __aeabi_cdcmpeq
                0x0000000008000ae8                __aeabi_cdcmple
                0x0000000008000af8                __aeabi_dcmpeq
                0x0000000008000b0c                __aeabi_dcmplt
                0x0000000008000b20                __aeabi_dcmple
                0x0000000008000b34                __aeabi_dcmpge
                0x0000000008000b48                __aeabi_dcmpgt
 .text          0x0000000008000b5c       0x2c c:/st/stm32cubeide_1.5.0/stm32cubeide/plugins/com.st.stm32cube.ide.mcu.externaltools.gnu-tools-for-stm32.7-2018-q2-update.win32_1.5.0.202011040924/tools/bin/../lib/gcc/arm-none-eabi/7.3.1/thumb/v7e-m/fpv4-sp/hard\libgcc.a(_arm_unorddf2.o)
                0x0000000008000b5c                __unorddf2
                0x0000000008000b5c                __aeabi_dcmpun
 .text          0x0000000008000b88       0x50 c:/st/stm32cubeide_1.5.0/stm32cubeide/plugins/com.st.stm32cube.ide.mcu.externaltools.gnu-tools-for-stm32.7-2018-q2-update.win32_1.5.0.202011040924/tools/bin/../lib/gcc/arm-none-eabi/7.3.1/thumb/v7e-m/fpv4-sp/hard\libgcc.a(_arm_fixdfsi.o)
                0x0000000008000b88                __aeabi_d2iz
                0x0000000008000b88                __fixdfsi
 .text          0x0000000008000bd8       0x40 c:/st/stm32cubeide_1.5.0/stm32cubeide/plugins/com.st.stm32cube.ide.mcu.externaltools.gnu-tools-for-stm32.7-2018-q2-update.win32_1.5.0.202011040924/tools/bin/../lib/gcc/arm-none-eabi/7.3.1/thumb/v7e-m/fpv4-sp/hard\libgcc.a(_arm_fixunsdfsi.o)
                0x0000000008000bd8                __aeabi_d2uiz
                0x0000000008000bd8                __fixunsdfsi
 .text          0x0000000008000c18       0xa0 c:/st/stm32cubeide_1.5.0/stm32cubeide/plugins/com.st.stm32cube.ide.mcu.externaltools.gnu-tools-for-stm32.7-2018-q2-update.win32_1.5.0.202011040924/tools/bin/../lib/gcc/arm-none-eabi/7.3.1/thumb/v7e-m/fpv4-sp/hard\libgcc.a(_arm_truncdfsf2.o)
                0x0000000008000c18                __truncdfsf2
                0x0000000008000c18                __aeabi_d2f
 .text          0x0000000008000cb8       0x30 c:/st/stm32cubeide_1.5.0/stm32cubeide/plugins/com.st.stm32cube.ide.mcu.externaltools.gnu-tools-for-stm32.7-2018-q2-update.win32_1.5.0.202011040924/tools/bin/../lib/gcc/arm-none-eabi/7.3.1/thumb/v7e-m/fpv4-sp/hard\libgcc.a(_aeabi_uldivmod.o)
                0x0000000008000cb8                __aeabi_uldivmod
 .text          0x0000000008000ce8      0x2cc c:/st/stm32cubeide_1.5.0/stm32cubeide/plugins/com.st.stm32cube.ide.mcu.externaltools.gnu-tools-for-stm32.7-2018-q2-update.win32_1.5.0.202011040924/tools/bin/../lib/gcc/arm-none-eabi/7.3.1/thumb/v7e-m/fpv4-sp/hard\libgcc.a(_udivmoddi4.o)
                0x0000000008000ce8                __udivmoddi4
 .text          0x0000000008000fb4        0x4 c:/st/stm32cubeide_1.5.0/stm32cubeide/plugins/com.st.stm32cube.ide.mcu.externaltools.gnu-tools-for-stm32.7-2018-q2-update.win32_1.5.0.202011040924/tools/bin/../lib/gcc/arm-none-eabi/7.3.1/thumb/v7e-m/fpv4-sp/hard\libgcc.a(_dvmd_tls.o)
                0x0000000008000fb4                __aeabi_idiv0
                0x0000000008000fb4                __aeabi_ldiv0
 *(.text*)
 .text.apInit   0x0000000008000fb8       0x12 src/ap/ap.o
                0x0000000008000fb8                apInit
 .text.apMain   0x0000000008000fca       0x4a src/ap/ap.o
                0x0000000008000fca                apMain
 .text.sensorMain
                0x0000000008001014       0x14 src/ap/ap.o
                0x0000000008001014                sensorMain
 .text.lcdMain  0x0000000008001028      0x190 src/ap/ap.o
                0x0000000008001028                lcdMain
 .text.bspInit  0x00000000080011b8       0x54 src/bsp/bsp.o
                0x00000000080011b8                bspInit
 .text.delay    0x000000000800120c       0x16 src/bsp/bsp.o
                0x000000000800120c                delay
 .text.millis   0x0000000008001222        0xe src/bsp/bsp.o
                0x0000000008001222                millis
 .text.SystemClock_Config
                0x0000000008001230       0xd0 src/bsp/bsp.o
                0x0000000008001230                SystemClock_Config
 .text.Error_Handler
                0x0000000008001300        0x8 src/bsp/bsp.o
                0x0000000008001300                Error_Handler
 .text.HAL_MspInit
                0x0000000008001308       0x50 src/bsp/stm32f4xx_hal_msp.o
                0x0000000008001308                HAL_MspInit
 .text.NMI_Handler
                0x0000000008001358        0x6 src/bsp/stm32f4xx_it.o
                0x0000000008001358                NMI_Handler
 .text.HardFault_Handler
                0x000000000800135e        0x6 src/bsp/stm32f4xx_it.o
                0x000000000800135e                HardFault_Handler
 .text.MemManage_Handler
                0x0000000008001364        0x6 src/bsp/stm32f4xx_it.o
                0x0000000008001364                MemManage_Handler
 .text.BusFault_Handler
                0x000000000800136a        0x6 src/bsp/stm32f4xx_it.o
                0x000000000800136a                BusFault_Handler
 .text.UsageFault_Handler
                0x0000000008001370        0x6 src/bsp/stm32f4xx_it.o
                0x0000000008001370                UsageFault_Handler
 .text.SVC_Handler
                0x0000000008001376        0xe src/bsp/stm32f4xx_it.o
                0x0000000008001376                SVC_Handler
 .text.DebugMon_Handler
                0x0000000008001384        0xe src/bsp/stm32f4xx_it.o
                0x0000000008001384                DebugMon_Handler
 .text.PendSV_Handler
                0x0000000008001392        0xe src/bsp/stm32f4xx_it.o
                0x0000000008001392                PendSV_Handler
 .text.SysTick_Handler
                0x00000000080013a0        0xc src/bsp/stm32f4xx_it.o
                0x00000000080013a0                SysTick_Handler
 .text.ADC_IRQHandler
                0x00000000080013ac       0x14 src/bsp/stm32f4xx_it.o
                0x00000000080013ac                ADC_IRQHandler
 .text.TIM3_IRQHandler
                0x00000000080013c0       0x14 src/bsp/stm32f4xx_it.o
                0x00000000080013c0                TIM3_IRQHandler
 .text.SPI1_IRQHandler
                0x00000000080013d4       0x14 src/bsp/stm32f4xx_it.o
                0x00000000080013d4                SPI1_IRQHandler
 .text.USART1_IRQHandler
                0x00000000080013e8       0x14 src/bsp/stm32f4xx_it.o
                0x00000000080013e8                USART1_IRQHandler
 .text.SDIO_IRQHandler
                0x00000000080013fc       0x14 src/bsp/stm32f4xx_it.o
                0x00000000080013fc                SDIO_IRQHandler
 .text.DMA2_Stream0_IRQHandler
                0x0000000008001410       0x14 src/bsp/stm32f4xx_it.o
                0x0000000008001410                DMA2_Stream0_IRQHandler
 .text.DMA2_Stream2_IRQHandler
                0x0000000008001424       0x14 src/bsp/stm32f4xx_it.o
                0x0000000008001424                DMA2_Stream2_IRQHandler
 .text.DMA2_Stream3_IRQHandler
                0x0000000008001438       0x14 src/bsp/stm32f4xx_it.o
                0x0000000008001438                DMA2_Stream3_IRQHandler
 .text.DMA2_Stream5_IRQHandler
                0x000000000800144c       0x14 src/bsp/stm32f4xx_it.o
                0x000000000800144c                DMA2_Stream5_IRQHandler
 .text.DMA2_Stream6_IRQHandler
                0x0000000008001460       0x14 src/bsp/stm32f4xx_it.o
                0x0000000008001460                DMA2_Stream6_IRQHandler
 .text.DMA2_Stream7_IRQHandler
                0x0000000008001474       0x14 src/bsp/stm32f4xx_it.o
                0x0000000008001474                DMA2_Stream7_IRQHandler
 .text._sbrk    0x0000000008001488       0x6c src/bsp/sysmem.o
                0x0000000008001488                _sbrk
 .text.SystemInit
                0x00000000080014f4       0x2c src/bsp/system_stm32f4xx.o
                0x00000000080014f4                SystemInit
 .text.Reset_Handler
                0x0000000008001520       0x50 src/bsp/startup/startup_stm32f411ceux.o
                0x0000000008001520                Reset_Handler
 .text.Default_Handler
                0x0000000008001570        0x2 src/bsp/startup/startup_stm32f411ceux.o
                0x0000000008001570                RTC_Alarm_IRQHandler
                0x0000000008001570                EXTI2_IRQHandler
                0x0000000008001570                SPI4_IRQHandler
                0x0000000008001570                TIM1_CC_IRQHandler
                0x0000000008001570                DMA1_Stream5_IRQHandler
                0x0000000008001570                PVD_IRQHandler
                0x0000000008001570                TAMP_STAMP_IRQHandler
                0x0000000008001570                EXTI3_IRQHandler
                0x0000000008001570                TIM1_UP_TIM10_IRQHandler
                0x0000000008001570                I2C3_ER_IRQHandler
                0x0000000008001570                EXTI0_IRQHandler
                0x0000000008001570                I2C2_EV_IRQHandler
                0x0000000008001570                DMA1_Stream2_IRQHandler
                0x0000000008001570                FPU_IRQHandler
                0x0000000008001570                TIM1_BRK_TIM9_IRQHandler
                0x0000000008001570                USART6_IRQHandler
                0x0000000008001570                TIM4_IRQHandler
                0x0000000008001570                I2C1_EV_IRQHandler
                0x0000000008001570                DMA1_Stream6_IRQHandler
                0x0000000008001570                DMA1_Stream1_IRQHandler
                0x0000000008001570                RCC_IRQHandler
                0x0000000008001570                Default_Handler
                0x0000000008001570                EXTI15_10_IRQHandler
                0x0000000008001570                DMA1_Stream7_IRQHandler
                0x0000000008001570                SPI5_IRQHandler
                0x0000000008001570                TIM5_IRQHandler
                0x0000000008001570                I2C3_EV_IRQHandler
                0x0000000008001570                EXTI9_5_IRQHandler
                0x0000000008001570                RTC_WKUP_IRQHandler
                0x0000000008001570                SPI2_IRQHandler
                0x0000000008001570                DMA1_Stream0_IRQHandler
                0x0000000008001570                EXTI4_IRQHandler
                0x0000000008001570                WWDG_IRQHandler
                0x0000000008001570                TIM2_IRQHandler
                0x0000000008001570                OTG_FS_WKUP_IRQHandler
                0x0000000008001570                TIM1_TRG_COM_TIM11_IRQHandler
                0x0000000008001570                EXTI1_IRQHandler
                0x0000000008001570                USART2_IRQHandler
                0x0000000008001570                I2C2_ER_IRQHandler
                0x0000000008001570                DMA2_Stream1_IRQHandler
                0x0000000008001570                FLASH_IRQHandler
                0x0000000008001570                DMA2_Stream4_IRQHandler
                0x0000000008001570                OTG_FS_IRQHandler
                0x0000000008001570                SPI3_IRQHandler
                0x0000000008001570                DMA1_Stream4_IRQHandler
                0x0000000008001570                I2C1_ER_IRQHandler
                0x0000000008001570                DMA1_Stream3_IRQHandler
 .text.qbufferCreate
                0x0000000008001572       0x36 src/common/core/qbuffer.o
                0x0000000008001572                qbufferCreate
 .text.qbufferRead
                0x00000000080015a8       0x7a src/common/core/qbuffer.o
                0x00000000080015a8                qbufferRead
 .text.qbufferAvailable
                0x0000000008001622       0x30 src/common/core/qbuffer.o
                0x0000000008001622                qbufferAvailable
 *fill*         0x0000000008001652        0x2 
 .text.DWT_Delay_Init
                0x0000000008001654       0x60 src/common/core/user_delay.o
                0x0000000008001654                DWT_Delay_Init
 .text.buttonInit
                0x00000000080016b4       0xa0 src/hw/driver/button.o
                0x00000000080016b4                buttonInit
 .text.buttonGetPressed
                0x0000000008001754       0xe0 src/hw/driver/button.o
                0x0000000008001754                buttonGetPressed
 .text.cliButton
                0x0000000008001834       0x90 src/hw/driver/button.o
 .text.cliInit  0x00000000080018c4       0x98 src/hw/driver/cli.o
                0x00000000080018c4                cliInit
 .text.cliOpen  0x000000000800195c       0x3c src/hw/driver/cli.o
                0x000000000800195c                cliOpen
 .text.cliShowLog
                0x0000000008001998      0x104 src/hw/driver/cli.o
                0x0000000008001998                cliShowLog
 .text.cliShowPrompt
                0x0000000008001a9c       0x30 src/hw/driver/cli.o
 .text.cliMain  0x0000000008001acc       0x44 src/hw/driver/cli.o
                0x0000000008001acc                cliMain
 .text.cliUpdate
                0x0000000008001b10      0x4c8 src/hw/driver/cli.o
 .text.cliLineClean
                0x0000000008001fd8       0x34 src/hw/driver/cli.o
 .text.cliLineAdd
                0x000000000800200c       0x88 src/hw/driver/cli.o
 .text.cliLineChange
                0x0000000008002094      0x114 src/hw/driver/cli.o
 .text.cliRunCmd
                0x00000000080021a8       0xb4 src/hw/driver/cli.o
 .text.cliParseArgs
                0x000000000800225c       0x90 src/hw/driver/cli.o
 .text.cliPrintf
                0x00000000080022ec       0x48 src/hw/driver/cli.o
                0x00000000080022ec                cliPrintf
 .text.cliToUpper
                0x0000000008002334       0x68 src/hw/driver/cli.o
 .text.cliArgsGetData
                0x000000000800239c       0x50 src/hw/driver/cli.o
 .text.cliArgsGetFloat
                0x00000000080023ec       0x58 src/hw/driver/cli.o
 .text.cliArgsGetStr
                0x0000000008002444       0x48 src/hw/driver/cli.o
 .text.cliArgsIsStr
                0x000000000800248c       0x54 src/hw/driver/cli.o
 .text.cliKeepLoop
                0x00000000080024e0       0x2c src/hw/driver/cli.o
                0x00000000080024e0                cliKeepLoop
 .text.cliAdd   0x000000000800250c       0x94 src/hw/driver/cli.o
                0x000000000800250c                cliAdd
 .text.cliShowList
                0x00000000080025a0       0x70 src/hw/driver/cli.o
                0x00000000080025a0                cliShowList
 .text.cliMemoryDump
                0x0000000008002610      0x144 src/hw/driver/cli.o
                0x0000000008002610                cliMemoryDump
 .text.Ds18b20_Init
                0x0000000008002754      0x110 src/hw/driver/ds18b20.o
                0x0000000008002754                Ds18b20_Init
 .text.Ds18b20_ManualConvert
                0x0000000008002864      0x11c src/hw/driver/ds18b20.o
                0x0000000008002864                Ds18b20_ManualConvert
 .text.DS18B20_StartAll
                0x0000000008002980       0x26 src/hw/driver/ds18b20.o
                0x0000000008002980                DS18B20_StartAll
 *fill*         0x00000000080029a6        0x2 
 .text.DS18B20_Read
                0x00000000080029a8      0x200 src/hw/driver/ds18b20.o
                0x00000000080029a8                DS18B20_Read
 .text.DS18B20_SetResolution
                0x0000000008002ba8      0x110 src/hw/driver/ds18b20.o
                0x0000000008002ba8                DS18B20_SetResolution
 .text.DS18B20_Is
                0x0000000008002cb8       0x22 src/hw/driver/ds18b20.o
                0x0000000008002cb8                DS18B20_Is
 .text.DS18B20_DisableAlarmTemperature
                0x0000000008002cda       0xb6 src/hw/driver/ds18b20.o
                0x0000000008002cda                DS18B20_DisableAlarmTemperature
 .text.DS18B20_AllDone
                0x0000000008002d90       0x18 src/hw/driver/ds18b20.o
                0x0000000008002d90                DS18B20_AllDone
 .text.cliDS18B20
                0x0000000008002da8       0x7c src/hw/driver/ds18b20.o
 .text.fatfsInit
                0x0000000008002e24       0x58 src/hw/driver/fatfs.o
                0x0000000008002e24                fatfsInit
 .text.fatfsDir
                0x0000000008002e7c       0xb0 src/hw/driver/fatfs.o
                0x0000000008002e7c                fatfsDir
 .text.cliFatfs
                0x0000000008002f2c      0x2a8 src/hw/driver/fatfs.o
 .text.gpioInit
                0x00000000080031d4       0xb0 src/hw/driver/gpio.o
                0x00000000080031d4                gpioInit
 .text.gpioPinMode
                0x0000000008003284       0xe4 src/hw/driver/gpio.o
                0x0000000008003284                gpioPinMode
 .text.gpioPinWrite
                0x0000000008003368       0xa8 src/hw/driver/gpio.o
                0x0000000008003368                gpioPinWrite
 .text.gpioPinRead
                0x0000000008003410       0x70 src/hw/driver/gpio.o
                0x0000000008003410                gpioPinRead
 .text.cliGpio  0x0000000008003480      0x160 src/hw/driver/gpio.o
 .text.TransferDoneISR
                0x00000000080035e0       0x50 src/hw/driver/lcd.o
                0x00000000080035e0                TransferDoneISR
 .text.lcdInit  0x0000000008003630       0xc8 src/hw/driver/lcd.o
                0x0000000008003630                lcdInit
 .text.lcdIsInit
                0x00000000080036f8       0x18 src/hw/driver/lcd.o
                0x00000000080036f8                lcdIsInit
 .text.lcdSetBackLight
                0x0000000008003710       0x4c src/hw/driver/lcd.o
                0x0000000008003710                lcdSetBackLight
 .text.lcdDrawPixel
                0x000000000800375c       0x18 src/hw/driver/lcd.o
                0x000000000800375c                lcdDrawPixel
 .text.lcdClearBuffer
                0x0000000008003774       0x1c src/hw/driver/lcd.o
                0x0000000008003774                lcdClearBuffer
 .text.lcdDrawCircleHelper
                0x0000000008003790      0x140 src/hw/driver/lcd.o
                0x0000000008003790                lcdDrawCircleHelper
 .text.lcdDrawRoundRect
                0x00000000080038d0       0xfe src/hw/driver/lcd.o
                0x00000000080038d0                lcdDrawRoundRect
 .text.lcdDrawFillCircleHelper
                0x00000000080039ce      0x104 src/hw/driver/lcd.o
                0x00000000080039ce                lcdDrawFillCircleHelper
 .text.lcdDrawFillRoundRect
                0x0000000008003ad2       0x66 src/hw/driver/lcd.o
                0x0000000008003ad2                lcdDrawFillRoundRect
 .text.lcdGetFps
                0x0000000008003b38       0x18 src/hw/driver/lcd.o
                0x0000000008003b38                lcdGetFps
 .text.lcdGetFpsTime
                0x0000000008003b50       0x18 src/hw/driver/lcd.o
                0x0000000008003b50                lcdGetFpsTime
 .text.lcdDrawAvailable
                0x0000000008003b68       0x2c src/hw/driver/lcd.o
                0x0000000008003b68                lcdDrawAvailable
 .text.lcdRequestDraw
                0x0000000008003b94       0x70 src/hw/driver/lcd.o
                0x0000000008003b94                lcdRequestDraw
 .text.lcdUpdateDraw
                0x0000000008003c04       0x58 src/hw/driver/lcd.o
                0x0000000008003c04                lcdUpdateDraw
 .text.lcdGetFrameBuffer
                0x0000000008003c5c       0x18 src/hw/driver/lcd.o
                0x0000000008003c5c                lcdGetFrameBuffer
 .text.lcdDrawLine
                0x0000000008003c74      0x16a src/hw/driver/lcd.o
                0x0000000008003c74                lcdDrawLine
 .text.lcdDrawVLine
                0x0000000008003dde       0x4a src/hw/driver/lcd.o
                0x0000000008003dde                lcdDrawVLine
 .text.lcdDrawHLine
                0x0000000008003e28       0x4a src/hw/driver/lcd.o
                0x0000000008003e28                lcdDrawHLine
 .text.lcdDrawFillRect
                0x0000000008003e72       0x5c src/hw/driver/lcd.o
                0x0000000008003e72                lcdDrawFillRect
 *fill*         0x0000000008003ece        0x2 
 .text.lcdPrintf
                0x0000000008003ed0      0x1e8 src/hw/driver/lcd.o
                0x0000000008003ed0                lcdPrintf
 .text.disHanFont
                0x00000000080040b8       0xa8 src/hw/driver/lcd.o
 .text.disEngFont
                0x0000000008004160       0x96 src/hw/driver/lcd.o
 *fill*         0x00000000080041f6        0x2 
 .text.lcdSetFont
                0x00000000080041f8       0x20 src/hw/driver/lcd.o
                0x00000000080041f8                lcdSetFont
 .text.cliLcd   0x0000000008004218      0x10c src/hw/driver/lcd.o
 .text.ledInit  0x0000000008004324       0x9c src/hw/driver/led.o
                0x0000000008004324                ledInit
 .text.ledOn    0x00000000080043c0       0x40 src/hw/driver/led.o
                0x00000000080043c0                ledOn
 .text.ledOff   0x0000000008004400       0x40 src/hw/driver/led.o
                0x0000000008004400                ledOff
 .text.ledToggle
                0x0000000008004440       0x38 src/hw/driver/led.o
                0x0000000008004440                ledToggle
 .text.cliLed   0x0000000008004478       0xa0 src/hw/driver/led.o
 .text.DWT_Delay_us
                0x0000000008004518       0x44 src/hw/driver/onewire.o
 .text.ONEWIRE_LOW
                0x000000000800455c       0x20 src/hw/driver/onewire.o
                0x000000000800455c                ONEWIRE_LOW
 .text.ONEWIRE_HIGH
                0x000000000800457c       0x1e src/hw/driver/onewire.o
                0x000000000800457c                ONEWIRE_HIGH
 .text.ONEWIRE_INPUT
                0x000000000800459a       0x32 src/hw/driver/onewire.o
                0x000000000800459a                ONEWIRE_INPUT
 .text.ONEWIRE_OUTPUT
                0x00000000080045cc       0x32 src/hw/driver/onewire.o
                0x00000000080045cc                ONEWIRE_OUTPUT
 .text.OneWire_Init
                0x00000000080045fe       0x52 src/hw/driver/onewire.o
                0x00000000080045fe                OneWire_Init
 .text.OneWire_Reset
                0x0000000008004650       0x54 src/hw/driver/onewire.o
                0x0000000008004650                OneWire_Reset
 .text.OneWire_WriteBit
                0x00000000080046a4       0x64 src/hw/driver/onewire.o
                0x00000000080046a4                OneWire_WriteBit
 .text.OneWire_ReadBit
                0x0000000008004708       0x54 src/hw/driver/onewire.o
                0x0000000008004708                OneWire_ReadBit
 .text.OneWire_WriteByte
                0x000000000800475c       0x3a src/hw/driver/onewire.o
                0x000000000800475c                OneWire_WriteByte
 .text.OneWire_ReadByte
                0x0000000008004796       0x42 src/hw/driver/onewire.o
                0x0000000008004796                OneWire_ReadByte
 .text.OneWire_First
                0x00000000080047d8       0x20 src/hw/driver/onewire.o
                0x00000000080047d8                OneWire_First
 .text.OneWire_Next
                0x00000000080047f8       0x1a src/hw/driver/onewire.o
                0x00000000080047f8                OneWire_Next
 .text.OneWire_ResetSearch
                0x0000000008004812       0x26 src/hw/driver/onewire.o
                0x0000000008004812                OneWire_ResetSearch
 .text.OneWire_Search
                0x0000000008004838      0x18c src/hw/driver/onewire.o
                0x0000000008004838                OneWire_Search
 .text.OneWire_SelectWithPointer
                0x00000000080049c4       0x3c src/hw/driver/onewire.o
                0x00000000080049c4                OneWire_SelectWithPointer
 .text.OneWire_GetFullROM
                0x0000000008004a00       0x38 src/hw/driver/onewire.o
                0x0000000008004a00                OneWire_GetFullROM
 .text.OneWire_CRC8
                0x0000000008004a38       0x70 src/hw/driver/onewire.o
                0x0000000008004a38                OneWire_CRC8
 .text.sdInit   0x0000000008004aa8       0x98 src/hw/driver/sd.o
                0x0000000008004aa8                sdInit
 .text.sdIsInit
                0x0000000008004b40       0x18 src/hw/driver/sd.o
                0x0000000008004b40                sdIsInit
 .text.sdIsDetected
                0x0000000008004b58       0x2c src/hw/driver/sd.o
                0x0000000008004b58                sdIsDetected
 .text.sdGetInfo
                0x0000000008004b84       0xac src/hw/driver/sd.o
                0x0000000008004b84                sdGetInfo
 .text.sdIsBusy
                0x0000000008004c30       0x2c src/hw/driver/sd.o
                0x0000000008004c30                sdIsBusy
 .text.sdIsReady
                0x0000000008004c5c       0x3e src/hw/driver/sd.o
                0x0000000008004c5c                sdIsReady
 *fill*         0x0000000008004c9a        0x2 
 .text.sdReadBlocks
                0x0000000008004c9c       0x94 src/hw/driver/sd.o
                0x0000000008004c9c                sdReadBlocks
 .text.sdWriteBlocks
                0x0000000008004d30       0x98 src/hw/driver/sd.o
                0x0000000008004d30                sdWriteBlocks
 .text.HAL_SD_RxCpltCallback
                0x0000000008004dc8       0x20 src/hw/driver/sd.o
                0x0000000008004dc8                HAL_SD_RxCpltCallback
 .text.HAL_SD_TxCpltCallback
                0x0000000008004de8       0x20 src/hw/driver/sd.o
                0x0000000008004de8                HAL_SD_TxCpltCallback
 .text.HAL_SD_MspInit
                0x0000000008004e08      0x21c src/hw/driver/sd.o
                0x0000000008004e08                HAL_SD_MspInit
 .text.cliSd    0x0000000008005024      0x214 src/hw/driver/sd.o
 .text.DWT_Delay_us
                0x0000000008005238       0x44 src/hw/driver/sonar.o
 .text.sonarInit
                0x000000000800527c       0xf4 src/hw/driver/sonar.o
                0x000000000800527c                sonarInit
 .text.Sonar_measure
                0x0000000008005370      0x198 src/hw/driver/sonar.o
                0x0000000008005370                Sonar_measure
 .text.HAL_TIM_Base_MspInit
                0x0000000008005508       0xa0 src/hw/driver/sonar.o
                0x0000000008005508                HAL_TIM_Base_MspInit
 .text.HAL_TIM_IC_CaptureCallback
                0x00000000080055a8       0x7c src/hw/driver/sonar.o
                0x00000000080055a8                HAL_TIM_IC_CaptureCallback
 .text.spiInit  0x0000000008005624       0xa4 src/hw/driver/spi.o
                0x0000000008005624                spiInit
 .text.spiBegin
                0x00000000080056c8       0xb8 src/hw/driver/spi.o
                0x00000000080056c8                spiBegin
 .text.spiSetDataMode
                0x0000000008005780       0xcc src/hw/driver/spi.o
                0x0000000008005780                spiSetDataMode
 .text.spiSetBitWidth
                0x000000000800584c       0x60 src/hw/driver/spi.o
                0x000000000800584c                spiSetBitWidth
 .text.spiTransfer8
                0x00000000080058ac       0x54 src/hw/driver/spi.o
                0x00000000080058ac                spiTransfer8
 .text.spiDmaTxStart
                0x0000000008005900       0x50 src/hw/driver/spi.o
                0x0000000008005900                spiDmaTxStart
 .text.spiDmaTxTransfer
                0x0000000008005950       0x60 src/hw/driver/spi.o
                0x0000000008005950                spiDmaTxTransfer
 .text.spiDmaTxIsDone
                0x00000000080059b0       0x40 src/hw/driver/spi.o
                0x00000000080059b0                spiDmaTxIsDone
 .text.spiAttachTxInterrupt
                0x00000000080059f0       0x44 src/hw/driver/spi.o
                0x00000000080059f0                spiAttachTxInterrupt
 .text.HAL_SPI_ErrorCallback
                0x0000000008005a34       0x2c src/hw/driver/spi.o
                0x0000000008005a34                HAL_SPI_ErrorCallback
 .text.HAL_SPI_TxCpltCallback
                0x0000000008005a60       0x3c src/hw/driver/spi.o
                0x0000000008005a60                HAL_SPI_TxCpltCallback
 .text.HAL_SPI_MspInit
                0x0000000008005a9c      0x134 src/hw/driver/spi.o
                0x0000000008005a9c                HAL_SPI_MspInit
 .text.HAL_SPI_MspDeInit
                0x0000000008005bd0       0x4c src/hw/driver/spi.o
                0x0000000008005bd0                HAL_SPI_MspDeInit
 .text.tdsInit  0x0000000008005c1c       0xe8 src/hw/driver/tds.o
                0x0000000008005c1c                tdsInit
 *fill*         0x0000000008005d04        0x4 
 .text.tds_measure
                0x0000000008005d08      0x264 src/hw/driver/tds.o
                0x0000000008005d08                tds_measure
 .text.HAL_ADC_MspInit
                0x0000000008005f6c      0x12c src/hw/driver/tds.o
                0x0000000008005f6c                HAL_ADC_MspInit
 .text.uartInit
                0x0000000008006098       0x34 src/hw/driver/uart.o
                0x0000000008006098                uartInit
 .text.uartOpen
                0x00000000080060cc      0x224 src/hw/driver/uart.o
                0x00000000080060cc                uartOpen
 .text.uartAvailable
                0x00000000080062f0       0x8c src/hw/driver/uart.o
                0x00000000080062f0                uartAvailable
 .text.uartRead
                0x000000000800637c       0x4c src/hw/driver/uart.o
                0x000000000800637c                uartRead
 .text.uartWrite
                0x00000000080063c8       0x70 src/hw/driver/uart.o
                0x00000000080063c8                uartWrite
 .text.uartPrintf
                0x0000000008006438       0x5c src/hw/driver/uart.o
                0x0000000008006438                uartPrintf
 .text.HAL_UART_ErrorCallback
                0x0000000008006494       0x14 src/hw/driver/uart.o
                0x0000000008006494                HAL_UART_ErrorCallback
 .text.HAL_UART_RxCpltCallback
                0x00000000080064a8       0x14 src/hw/driver/uart.o
                0x00000000080064a8                HAL_UART_RxCpltCallback
 .text.HAL_UART_MspInit
                0x00000000080064bc      0x1ac src/hw/driver/uart.o
                0x00000000080064bc                HAL_UART_MspInit
 .text.HAL_UART_MspDeInit
                0x0000000008006668       0x64 src/hw/driver/uart.o
                0x0000000008006668                HAL_UART_MspDeInit
 .text.SD_CheckStatus
                0x00000000080066cc       0x84 src/hw/driver/fatfs/sd_diskio.o
 .text.SD_initialize
                0x0000000008006750       0x44 src/hw/driver/fatfs/sd_diskio.o
                0x0000000008006750                SD_initialize
 .text.SD_status
                0x0000000008006794       0x1c src/hw/driver/fatfs/sd_diskio.o
                0x0000000008006794                SD_status
 .text.SD_read  0x00000000080067b0       0x36 src/hw/driver/fatfs/sd_diskio.o
                0x00000000080067b0                SD_read
 .text.SD_write
                0x00000000080067e6       0x36 src/hw/driver/fatfs/sd_diskio.o
                0x00000000080067e6                SD_write
 .text.SD_ioctl
                0x000000000800681c       0xb0 src/hw/driver/fatfs/sd_diskio.o
                0x000000000800681c                SD_ioctl
 .text.hanFontLoad
                0x00000000080068cc       0xc8 src/hw/driver/hangul/han.o
                0x00000000080068cc                hanFontLoad
 .text.hanWanFontLoad
                0x0000000008006994      0x1fc src/hw/driver/hangul/han.o
                0x0000000008006994                hanWanFontLoad
 .text.hanUniFontLoad
                0x0000000008006b90      0x250 src/hw/driver/hangul/han.o
                0x0000000008006b90                hanUniFontLoad
 .text.hanEngFontLoad
                0x0000000008006de0       0x54 src/hw/driver/hangul/han.o
                0x0000000008006de0                hanEngFontLoad
 .text.hanCnvCodeWan2Johab
                0x0000000008006e34       0x44 src/hw/driver/hangul/han.o
                0x0000000008006e34                hanCnvCodeWan2Johab
 .text.TransferDoneISR
                0x0000000008006e78       0x38 src/hw/driver/lcd/st7735.o
 .text.st7735Init
                0x0000000008006eb0       0x18 src/hw/driver/lcd/st7735.o
                0x0000000008006eb0                st7735Init
 .text.st7735InitDriver
                0x0000000008006ec8       0x5c src/hw/driver/lcd/st7735.o
                0x0000000008006ec8                st7735InitDriver
 .text.st7735Reset
                0x0000000008006f24       0x78 src/hw/driver/lcd/st7735.o
 .text.st7735GetWidth
                0x0000000008006f9c       0x10 src/hw/driver/lcd/st7735.o
                0x0000000008006f9c                st7735GetWidth
 .text.st7735GetHeight
                0x0000000008006fac       0x10 src/hw/driver/lcd/st7735.o
                0x0000000008006fac                st7735GetHeight
 .text.writecommand
                0x0000000008006fbc       0x3c src/hw/driver/lcd/st7735.o
 .text.writedata
                0x0000000008006ff8       0x3c src/hw/driver/lcd/st7735.o
 .text.st7735InitRegs
                0x0000000008007034      0x15e src/hw/driver/lcd/st7735.o
 *fill*         0x0000000008007192        0x2 
 .text.st7735SetRotation
                0x0000000008007194       0x54 src/hw/driver/lcd/st7735.o
 .text.st7735SetWindow
                0x00000000080071e8       0x98 src/hw/driver/lcd/st7735.o
                0x00000000080071e8                st7735SetWindow
 .text.st7735FillRect
                0x0000000008007280      0x170 src/hw/driver/lcd/st7735.o
 .text.st7735SendBuffer
                0x00000000080073f0       0x4c src/hw/driver/lcd/st7735.o
                0x00000000080073f0                st7735SendBuffer
 .text.st7735SetCallBack
                0x000000000800743c       0x20 src/hw/driver/lcd/st7735.o
                0x000000000800743c                st7735SetCallBack
 .text.hwInit   0x000000000800745c       0x46 src/hw/hw.o
                0x000000000800745c                hwInit
 *fill*         0x00000000080074a2        0x2 
 .text.disk_status
                0x00000000080074a4       0x34 src/lib/FatFs/src/diskio.o
                0x00000000080074a4                disk_status
 .text.disk_initialize
                0x00000000080074d8       0x4c src/lib/FatFs/src/diskio.o
                0x00000000080074d8                disk_initialize
 .text.disk_read
                0x0000000008007524       0x40 src/lib/FatFs/src/diskio.o
                0x0000000008007524                disk_read
 .text.disk_write
                0x0000000008007564       0x40 src/lib/FatFs/src/diskio.o
                0x0000000008007564                disk_write
 .text.disk_ioctl
                0x00000000080075a4       0x3c src/lib/FatFs/src/diskio.o
                0x00000000080075a4                disk_ioctl
 .text.get_fattime
                0x00000000080075e0       0x10 src/lib/FatFs/src/diskio.o
                0x00000000080075e0                get_fattime
 .text.ld_word  0x00000000080075f0       0x30 src/lib/FatFs/src/ff.o
 .text.ld_dword
                0x0000000008007620       0x46 src/lib/FatFs/src/ff.o
 .text.st_word  0x0000000008007666       0x36 src/lib/FatFs/src/ff.o
 .text.st_dword
                0x000000000800769c       0x58 src/lib/FatFs/src/ff.o
 .text.mem_cpy  0x00000000080076f4       0x42 src/lib/FatFs/src/ff.o
 .text.mem_set  0x0000000008007736       0x34 src/lib/FatFs/src/ff.o
 .text.mem_cmp  0x000000000800776a       0x4e src/lib/FatFs/src/ff.o
 .text.chk_chr  0x00000000080077b8       0x36 src/lib/FatFs/src/ff.o
 *fill*         0x00000000080077ee        0x2 
 .text.chk_lock
                0x00000000080077f0       0xb8 src/lib/FatFs/src/ff.o
 .text.enq_lock
                0x00000000080078a8       0x44 src/lib/FatFs/src/ff.o
 .text.inc_lock
                0x00000000080078ec      0x11c src/lib/FatFs/src/ff.o
 .text.dec_lock
                0x0000000008007a08       0x78 src/lib/FatFs/src/ff.o
 .text.clear_lock
                0x0000000008007a80       0x48 src/lib/FatFs/src/ff.o
 .text.sync_window
                0x0000000008007ac8       0x88 src/lib/FatFs/src/ff.o
 .text.move_window
                0x0000000008007b50       0x5a src/lib/FatFs/src/ff.o
 *fill*         0x0000000008007baa        0x2 
 .text.sync_fs  0x0000000008007bac       0xdc src/lib/FatFs/src/ff.o
 .text.clust2sect
                0x0000000008007c88       0x3e src/lib/FatFs/src/ff.o
 .text.get_fat  0x0000000008007cc6      0x14a src/lib/FatFs/src/ff.o
 .text.put_fat  0x0000000008007e10      0x1ce src/lib/FatFs/src/ff.o
 .text.remove_chain
                0x0000000008007fde       0xca src/lib/FatFs/src/ff.o
 .text.create_chain
                0x00000000080080a8      0x130 src/lib/FatFs/src/ff.o
 .text.clmt_clust
                0x00000000080081d8       0x68 src/lib/FatFs/src/ff.o
 .text.dir_sdi  0x0000000008008240       0xf6 src/lib/FatFs/src/ff.o
 .text.dir_next
                0x0000000008008336      0x18a src/lib/FatFs/src/ff.o
 .text.dir_alloc
                0x00000000080084c0       0x8e src/lib/FatFs/src/ff.o
 .text.ld_clust
                0x000000000800854e       0x3e src/lib/FatFs/src/ff.o
 .text.st_clust
                0x000000000800858c       0x40 src/lib/FatFs/src/ff.o
 .text.cmp_lfn  0x00000000080085cc       0xe0 src/lib/FatFs/src/ff.o
 .text.pick_lfn
                0x00000000080086ac       0xc8 src/lib/FatFs/src/ff.o
 .text.put_lfn  0x0000000008008774       0xd0 src/lib/FatFs/src/ff.o
 .text.gen_numname
                0x0000000008008844      0x11e src/lib/FatFs/src/ff.o
 .text.sum_sfn  0x0000000008008962       0x42 src/lib/FatFs/src/ff.o
 .text.dir_read
                0x00000000080089a4      0x14e src/lib/FatFs/src/ff.o
 .text.dir_find
                0x0000000008008af2      0x180 src/lib/FatFs/src/ff.o
 *fill*         0x0000000008008c72        0x2 
 .text.dir_register
                0x0000000008008c74      0x1f0 src/lib/FatFs/src/ff.o
 .text.get_fileinfo
                0x0000000008008e64      0x1ba src/lib/FatFs/src/ff.o
 *fill*         0x000000000800901e        0x2 
 .text.create_name
                0x0000000008009020      0x370 src/lib/FatFs/src/ff.o
 .text.follow_path
                0x0000000008009390       0xe2 src/lib/FatFs/src/ff.o
 .text.get_ldnumber
                0x0000000008009472       0x88 src/lib/FatFs/src/ff.o
 *fill*         0x00000000080094fa        0x2 
 .text.check_fs
                0x00000000080094fc       0xac src/lib/FatFs/src/ff.o
 .text.find_volume
                0x00000000080095a8      0x498 src/lib/FatFs/src/ff.o
 .text.validate
                0x0000000008009a40       0x6a src/lib/FatFs/src/ff.o
 *fill*         0x0000000008009aaa        0x2 
 .text.f_mount  0x0000000008009aac       0x8c src/lib/FatFs/src/ff.o
                0x0000000008009aac                f_mount
 .text.f_open   0x0000000008009b38      0x39c src/lib/FatFs/src/ff.o
                0x0000000008009b38                f_open
 .text.f_read   0x0000000008009ed4      0x27e src/lib/FatFs/src/ff.o
                0x0000000008009ed4                f_read
 .text.f_write  0x000000000800a152      0x2ea src/lib/FatFs/src/ff.o
                0x000000000800a152                f_write
 .text.f_sync   0x000000000800a43c       0xfc src/lib/FatFs/src/ff.o
                0x000000000800a43c                f_sync
 .text.f_close  0x000000000800a538       0x54 src/lib/FatFs/src/ff.o
                0x000000000800a538                f_close
 .text.f_lseek  0x000000000800a58c      0x412 src/lib/FatFs/src/ff.o
                0x000000000800a58c                f_lseek
 .text.f_opendir
                0x000000000800a99e      0x106 src/lib/FatFs/src/ff.o
                0x000000000800a99e                f_opendir
 .text.f_closedir
                0x000000000800aaa4       0x4c src/lib/FatFs/src/ff.o
                0x000000000800aaa4                f_closedir
 .text.f_readdir
                0x000000000800aaf0       0x9a src/lib/FatFs/src/ff.o
                0x000000000800aaf0                f_readdir
 .text.f_getfree
                0x000000000800ab8a      0x16a src/lib/FatFs/src/ff.o
                0x000000000800ab8a                f_getfree
 .text.putc_bfd
                0x000000000800acf4       0x7a src/lib/FatFs/src/ff.o
 .text.putc_flush
                0x000000000800ad6e       0x4c src/lib/FatFs/src/ff.o
 .text.putc_init
                0x000000000800adba       0x2a src/lib/FatFs/src/ff.o
 .text.f_printf
                0x000000000800ade4      0x440 src/lib/FatFs/src/ff.o
                0x000000000800ade4                f_printf
 .text.FATFS_LinkDriverEx
                0x000000000800b224       0x98 src/lib/FatFs/src/ff_gen_drv.o
                0x000000000800b224                FATFS_LinkDriverEx
 .text.FATFS_LinkDriver
                0x000000000800b2bc       0x1e src/lib/FatFs/src/ff_gen_drv.o
                0x000000000800b2bc                FATFS_LinkDriver
 .text.ff_memalloc
                0x000000000800b2da       0x18 src/lib/FatFs/src/option/syscall.o
                0x000000000800b2da                ff_memalloc
 .text.ff_memfree
                0x000000000800b2f2       0x16 src/lib/FatFs/src/option/syscall.o
                0x000000000800b2f2                ff_memfree
 .text.ff_convert
                0x000000000800b308       0x78 src/lib/FatFs/src/option/unicode.o
                0x000000000800b308                ff_convert
 .text.ff_wtoupper
                0x000000000800b380      0x114 src/lib/FatFs/src/option/unicode.o
                0x000000000800b380                ff_wtoupper
 .text.HAL_Init
                0x000000000800b494       0x44 src/lib/f411/Drivers/STM32F4xx_HAL_Driver/Src/stm32f4xx_hal.o
                0x000000000800b494                HAL_Init
 .text.HAL_InitTick
                0x000000000800b4d8       0x60 src/lib/f411/Drivers/STM32F4xx_HAL_Driver/Src/stm32f4xx_hal.o
                0x000000000800b4d8                HAL_InitTick
 .text.HAL_IncTick
                0x000000000800b538       0x28 src/lib/f411/Drivers/STM32F4xx_HAL_Driver/Src/stm32f4xx_hal.o
                0x000000000800b538                HAL_IncTick
 .text.HAL_GetTick
                0x000000000800b560       0x18 src/lib/f411/Drivers/STM32F4xx_HAL_Driver/Src/stm32f4xx_hal.o
                0x000000000800b560                HAL_GetTick
 .text.HAL_Delay
                0x000000000800b578       0x44 src/lib/f411/Drivers/STM32F4xx_HAL_Driver/Src/stm32f4xx_hal.o
                0x000000000800b578                HAL_Delay
 .text.HAL_ADC_Init
                0x000000000800b5bc       0x86 src/lib/f411/Drivers/STM32F4xx_HAL_Driver/Src/stm32f4xx_hal_adc.o
                0x000000000800b5bc                HAL_ADC_Init
 .text.HAL_ADC_IRQHandler
                0x000000000800b642      0x282 src/lib/f411/Drivers/STM32F4xx_HAL_Driver/Src/stm32f4xx_hal_adc.o
                0x000000000800b642                HAL_ADC_IRQHandler
 .text.HAL_ADC_Start_DMA
                0x000000000800b8c4      0x1a8 src/lib/f411/Drivers/STM32F4xx_HAL_Driver/Src/stm32f4xx_hal_adc.o
                0x000000000800b8c4                HAL_ADC_Start_DMA
 .text.HAL_ADC_ConvCpltCallback
                0x000000000800ba6c       0x14 src/lib/f411/Drivers/STM32F4xx_HAL_Driver/Src/stm32f4xx_hal_adc.o
                0x000000000800ba6c                HAL_ADC_ConvCpltCallback
 .text.HAL_ADC_ConvHalfCpltCallback
                0x000000000800ba80       0x14 src/lib/f411/Drivers/STM32F4xx_HAL_Driver/Src/stm32f4xx_hal_adc.o
                0x000000000800ba80                HAL_ADC_ConvHalfCpltCallback
 .text.HAL_ADC_LevelOutOfWindowCallback
                0x000000000800ba94       0x14 src/lib/f411/Drivers/STM32F4xx_HAL_Driver/Src/stm32f4xx_hal_adc.o
                0x000000000800ba94                HAL_ADC_LevelOutOfWindowCallback
 .text.HAL_ADC_ErrorCallback
                0x000000000800baa8       0x14 src/lib/f411/Drivers/STM32F4xx_HAL_Driver/Src/stm32f4xx_hal_adc.o
                0x000000000800baa8                HAL_ADC_ErrorCallback
 .text.HAL_ADC_ConfigChannel
                0x000000000800babc      0x264 src/lib/f411/Drivers/STM32F4xx_HAL_Driver/Src/stm32f4xx_hal_adc.o
                0x000000000800babc                HAL_ADC_ConfigChannel
 .text.ADC_Init
                0x000000000800bd20      0x1f8 src/lib/f411/Drivers/STM32F4xx_HAL_Driver/Src/stm32f4xx_hal_adc.o
 .text.ADC_DMAConvCplt
                0x000000000800bf18       0xba src/lib/f411/Drivers/STM32F4xx_HAL_Driver/Src/stm32f4xx_hal_adc.o
 .text.ADC_DMAHalfConvCplt
                0x000000000800bfd2       0x1c src/lib/f411/Drivers/STM32F4xx_HAL_Driver/Src/stm32f4xx_hal_adc.o
 .text.ADC_DMAError
                0x000000000800bfee       0x2e src/lib/f411/Drivers/STM32F4xx_HAL_Driver/Src/stm32f4xx_hal_adc.o
 .text.HAL_ADCEx_InjectedConvCpltCallback
                0x000000000800c01c       0x14 src/lib/f411/Drivers/STM32F4xx_HAL_Driver/Src/stm32f4xx_hal_adc_ex.o
                0x000000000800c01c                HAL_ADCEx_InjectedConvCpltCallback
 .text.__NVIC_SetPriorityGrouping
                0x000000000800c030       0x48 src/lib/f411/Drivers/STM32F4xx_HAL_Driver/Src/stm32f4xx_hal_cortex.o
 .text.__NVIC_GetPriorityGrouping
                0x000000000800c078       0x1c src/lib/f411/Drivers/STM32F4xx_HAL_Driver/Src/stm32f4xx_hal_cortex.o
 .text.__NVIC_EnableIRQ
                0x000000000800c094       0x3c src/lib/f411/Drivers/STM32F4xx_HAL_Driver/Src/stm32f4xx_hal_cortex.o
 .text.__NVIC_DisableIRQ
                0x000000000800c0d0       0x44 src/lib/f411/Drivers/STM32F4xx_HAL_Driver/Src/stm32f4xx_hal_cortex.o
 .text.__NVIC_SetPriority
                0x000000000800c114       0x54 src/lib/f411/Drivers/STM32F4xx_HAL_Driver/Src/stm32f4xx_hal_cortex.o
 .text.NVIC_EncodePriority
                0x000000000800c168       0x66 src/lib/f411/Drivers/STM32F4xx_HAL_Driver/Src/stm32f4xx_hal_cortex.o
 *fill*         0x000000000800c1ce        0x2 
 .text.SysTick_Config
                0x000000000800c1d0       0x44 src/lib/f411/Drivers/STM32F4xx_HAL_Driver/Src/stm32f4xx_hal_cortex.o
 .text.HAL_NVIC_SetPriorityGrouping
                0x000000000800c214       0x16 src/lib/f411/Drivers/STM32F4xx_HAL_Driver/Src/stm32f4xx_hal_cortex.o
                0x000000000800c214                HAL_NVIC_SetPriorityGrouping
 .text.HAL_NVIC_SetPriority
                0x000000000800c22a       0x38 src/lib/f411/Drivers/STM32F4xx_HAL_Driver/Src/stm32f4xx_hal_cortex.o
                0x000000000800c22a                HAL_NVIC_SetPriority
 .text.HAL_NVIC_EnableIRQ
                0x000000000800c262       0x1c src/lib/f411/Drivers/STM32F4xx_HAL_Driver/Src/stm32f4xx_hal_cortex.o
                0x000000000800c262                HAL_NVIC_EnableIRQ
 .text.HAL_NVIC_DisableIRQ
                0x000000000800c27e       0x1c src/lib/f411/Drivers/STM32F4xx_HAL_Driver/Src/stm32f4xx_hal_cortex.o
                0x000000000800c27e                HAL_NVIC_DisableIRQ
 .text.HAL_SYSTICK_Config
                0x000000000800c29a       0x18 src/lib/f411/Drivers/STM32F4xx_HAL_Driver/Src/stm32f4xx_hal_cortex.o
                0x000000000800c29a                HAL_SYSTICK_Config
 *fill*         0x000000000800c2b2        0x2 
 .text.HAL_DMA_Init
                0x000000000800c2b4      0x15c src/lib/f411/Drivers/STM32F4xx_HAL_Driver/Src/stm32f4xx_hal_dma.o
                0x000000000800c2b4                HAL_DMA_Init
 .text.HAL_DMA_DeInit
                0x000000000800c410       0xbc src/lib/f411/Drivers/STM32F4xx_HAL_Driver/Src/stm32f4xx_hal_dma.o
                0x000000000800c410                HAL_DMA_DeInit
 .text.HAL_DMA_Start_IT
                0x000000000800c4cc       0xb0 src/lib/f411/Drivers/STM32F4xx_HAL_Driver/Src/stm32f4xx_hal_dma.o
                0x000000000800c4cc                HAL_DMA_Start_IT
 .text.HAL_DMA_Abort_IT
                0x000000000800c57c       0x44 src/lib/f411/Drivers/STM32F4xx_HAL_Driver/Src/stm32f4xx_hal_dma.o
                0x000000000800c57c                HAL_DMA_Abort_IT
 .text.HAL_DMA_IRQHandler
                0x000000000800c5c0      0x314 src/lib/f411/Drivers/STM32F4xx_HAL_Driver/Src/stm32f4xx_hal_dma.o
                0x000000000800c5c0                HAL_DMA_IRQHandler
 .text.HAL_DMA_GetError
                0x000000000800c8d4       0x18 src/lib/f411/Drivers/STM32F4xx_HAL_Driver/Src/stm32f4xx_hal_dma.o
                0x000000000800c8d4                HAL_DMA_GetError
 .text.DMA_SetConfig
                0x000000000800c8ec       0x5c src/lib/f411/Drivers/STM32F4xx_HAL_Driver/Src/stm32f4xx_hal_dma.o
 .text.DMA_CalcBaseAndBitshift
                0x000000000800c948       0x6c src/lib/f411/Drivers/STM32F4xx_HAL_Driver/Src/stm32f4xx_hal_dma.o
 .text.DMA_CheckFifoParam
                0x000000000800c9b4       0xf4 src/lib/f411/Drivers/STM32F4xx_HAL_Driver/Src/stm32f4xx_hal_dma.o
 .text.HAL_GPIO_Init
                0x000000000800caa8      0x304 src/lib/f411/Drivers/STM32F4xx_HAL_Driver/Src/stm32f4xx_hal_gpio.o
                0x000000000800caa8                HAL_GPIO_Init
 .text.HAL_GPIO_DeInit
                0x000000000800cdac      0x1c4 src/lib/f411/Drivers/STM32F4xx_HAL_Driver/Src/stm32f4xx_hal_gpio.o
                0x000000000800cdac                HAL_GPIO_DeInit
 .text.HAL_GPIO_ReadPin
                0x000000000800cf70       0x30 src/lib/f411/Drivers/STM32F4xx_HAL_Driver/Src/stm32f4xx_hal_gpio.o
                0x000000000800cf70                HAL_GPIO_ReadPin
 .text.HAL_GPIO_WritePin
                0x000000000800cfa0       0x32 src/lib/f411/Drivers/STM32F4xx_HAL_Driver/Src/stm32f4xx_hal_gpio.o
                0x000000000800cfa0                HAL_GPIO_WritePin
 .text.HAL_GPIO_TogglePin
                0x000000000800cfd2       0x36 src/lib/f411/Drivers/STM32F4xx_HAL_Driver/Src/stm32f4xx_hal_gpio.o
                0x000000000800cfd2                HAL_GPIO_TogglePin
 .text.HAL_RCC_OscConfig
                0x000000000800d008      0x4e0 src/lib/f411/Drivers/STM32F4xx_HAL_Driver/Src/stm32f4xx_hal_rcc.o
                0x000000000800d008                HAL_RCC_OscConfig
 .text.HAL_RCC_ClockConfig
                0x000000000800d4e8      0x1cc src/lib/f411/Drivers/STM32F4xx_HAL_Driver/Src/stm32f4xx_hal_rcc.o
                0x000000000800d4e8                HAL_RCC_ClockConfig
 .text.HAL_RCC_GetSysClockFreq
                0x000000000800d6b4      0x164 src/lib/f411/Drivers/STM32F4xx_HAL_Driver/Src/stm32f4xx_hal_rcc.o
                0x000000000800d6b4                HAL_RCC_GetSysClockFreq
 .text.HAL_RCC_GetHCLKFreq
                0x000000000800d818       0x18 src/lib/f411/Drivers/STM32F4xx_HAL_Driver/Src/stm32f4xx_hal_rcc.o
                0x000000000800d818                HAL_RCC_GetHCLKFreq
 .text.HAL_RCC_GetPCLK1Freq
                0x000000000800d830       0x28 src/lib/f411/Drivers/STM32F4xx_HAL_Driver/Src/stm32f4xx_hal_rcc.o
                0x000000000800d830                HAL_RCC_GetPCLK1Freq
 .text.HAL_RCC_GetPCLK2Freq
                0x000000000800d858       0x28 src/lib/f411/Drivers/STM32F4xx_HAL_Driver/Src/stm32f4xx_hal_rcc.o
                0x000000000800d858                HAL_RCC_GetPCLK2Freq
 .text.HAL_SD_Init
                0x000000000800d880       0x60 src/lib/f411/Drivers/STM32F4xx_HAL_Driver/Src/stm32f4xx_hal_sd.o
                0x000000000800d880                HAL_SD_Init
 .text.HAL_SD_InitCard
                0x000000000800d8e0       0xc0 src/lib/f411/Drivers/STM32F4xx_HAL_Driver/Src/stm32f4xx_hal_sd.o
                0x000000000800d8e0                HAL_SD_InitCard
 .text.HAL_SD_ReadBlocks_DMA
                0x000000000800d9a0      0x1d4 src/lib/f411/Drivers/STM32F4xx_HAL_Driver/Src/stm32f4xx_hal_sd.o
                0x000000000800d9a0                HAL_SD_ReadBlocks_DMA
 .text.HAL_SD_WriteBlocks_DMA
                0x000000000800db74      0x1e0 src/lib/f411/Drivers/STM32F4xx_HAL_Driver/Src/stm32f4xx_hal_sd.o
                0x000000000800db74                HAL_SD_WriteBlocks_DMA
 .text.HAL_SD_IRQHandler
                0x000000000800dd54      0x30c src/lib/f411/Drivers/STM32F4xx_HAL_Driver/Src/stm32f4xx_hal_sd.o
                0x000000000800dd54                HAL_SD_IRQHandler
 .text.HAL_SD_ErrorCallback
                0x000000000800e060       0x14 src/lib/f411/Drivers/STM32F4xx_HAL_Driver/Src/stm32f4xx_hal_sd.o
                0x000000000800e060                HAL_SD_ErrorCallback
 .text.HAL_SD_AbortCallback
                0x000000000800e074       0x14 src/lib/f411/Drivers/STM32F4xx_HAL_Driver/Src/stm32f4xx_hal_sd.o
                0x000000000800e074                HAL_SD_AbortCallback
 .text.HAL_SD_GetCardCSD
                0x000000000800e088      0x348 src/lib/f411/Drivers/STM32F4xx_HAL_Driver/Src/stm32f4xx_hal_sd.o
                0x000000000800e088                HAL_SD_GetCardCSD
 .text.HAL_SD_GetCardInfo
                0x000000000800e3d0       0x58 src/lib/f411/Drivers/STM32F4xx_HAL_Driver/Src/stm32f4xx_hal_sd.o
                0x000000000800e3d0                HAL_SD_GetCardInfo
 .text.HAL_SD_ConfigWideBusOperation
                0x000000000800e428       0xf8 src/lib/f411/Drivers/STM32F4xx_HAL_Driver/Src/stm32f4xx_hal_sd.o
                0x000000000800e428                HAL_SD_ConfigWideBusOperation
 .text.HAL_SD_GetCardState
                0x000000000800e520       0x40 src/lib/f411/Drivers/STM32F4xx_HAL_Driver/Src/stm32f4xx_hal_sd.o
                0x000000000800e520                HAL_SD_GetCardState
 .text.SD_DMATransmitCplt
                0x000000000800e560       0x2a src/lib/f411/Drivers/STM32F4xx_HAL_Driver/Src/stm32f4xx_hal_sd.o
 .text.SD_DMAReceiveCplt
                0x000000000800e58a       0x70 src/lib/f411/Drivers/STM32F4xx_HAL_Driver/Src/stm32f4xx_hal_sd.o
 *fill*         0x000000000800e5fa        0x2 
 .text.SD_DMAError
                0x000000000800e5fc       0xa4 src/lib/f411/Drivers/STM32F4xx_HAL_Driver/Src/stm32f4xx_hal_sd.o
 .text.SD_DMATxAbort
                0x000000000800e6a0       0x6e src/lib/f411/Drivers/STM32F4xx_HAL_Driver/Src/stm32f4xx_hal_sd.o
 .text.SD_DMARxAbort
                0x000000000800e70e       0x6e src/lib/f411/Drivers/STM32F4xx_HAL_Driver/Src/stm32f4xx_hal_sd.o
 .text.SD_InitCard
                0x000000000800e77c      0x19a src/lib/f411/Drivers/STM32F4xx_HAL_Driver/Src/stm32f4xx_hal_sd.o
 *fill*         0x000000000800e916        0x2 
 .text.SD_PowerON
                0x000000000800e918      0x11c src/lib/f411/Drivers/STM32F4xx_HAL_Driver/Src/stm32f4xx_hal_sd.o
 .text.SD_SendStatus
                0x000000000800ea34       0x50 src/lib/f411/Drivers/STM32F4xx_HAL_Driver/Src/stm32f4xx_hal_sd.o
 .text.SD_WideBus_Enable
                0x000000000800ea84       0x96 src/lib/f411/Drivers/STM32F4xx_HAL_Driver/Src/stm32f4xx_hal_sd.o
 .text.SD_WideBus_Disable
                0x000000000800eb1a       0x96 src/lib/f411/Drivers/STM32F4xx_HAL_Driver/Src/stm32f4xx_hal_sd.o
 .text.SD_FindSCR
                0x000000000800ebb0      0x194 src/lib/f411/Drivers/STM32F4xx_HAL_Driver/Src/stm32f4xx_hal_sd.o
 .text.SD_Read_IT
                0x000000000800ed44       0xa2 src/lib/f411/Drivers/STM32F4xx_HAL_Driver/Src/stm32f4xx_hal_sd.o
 .text.SD_Write_IT
                0x000000000800ede6       0xaa src/lib/f411/Drivers/STM32F4xx_HAL_Driver/Src/stm32f4xx_hal_sd.o
 .text.HAL_SPI_Init
                0x000000000800ee90       0xc8 src/lib/f411/Drivers/STM32F4xx_HAL_Driver/Src/stm32f4xx_hal_spi.o
                0x000000000800ee90                HAL_SPI_Init
 .text.HAL_SPI_DeInit
                0x000000000800ef58       0x50 src/lib/f411/Drivers/STM32F4xx_HAL_Driver/Src/stm32f4xx_hal_spi.o
                0x000000000800ef58                HAL_SPI_DeInit
 .text.HAL_SPI_TransmitReceive
                0x000000000800efa8      0x344 src/lib/f411/Drivers/STM32F4xx_HAL_Driver/Src/stm32f4xx_hal_spi.o
                0x000000000800efa8                HAL_SPI_TransmitReceive
 .text.HAL_SPI_Transmit_DMA
                0x000000000800f2ec      0x15c src/lib/f411/Drivers/STM32F4xx_HAL_Driver/Src/stm32f4xx_hal_spi.o
                0x000000000800f2ec                HAL_SPI_Transmit_DMA
 .text.HAL_SPI_IRQHandler
                0x000000000800f448      0x200 src/lib/f411/Drivers/STM32F4xx_HAL_Driver/Src/stm32f4xx_hal_spi.o
                0x000000000800f448                HAL_SPI_IRQHandler
 .text.HAL_SPI_TxHalfCpltCallback
                0x000000000800f648       0x14 src/lib/f411/Drivers/STM32F4xx_HAL_Driver/Src/stm32f4xx_hal_spi.o
                0x000000000800f648                HAL_SPI_TxHalfCpltCallback
 .text.SPI_DMATransmitCplt
                0x000000000800f65c       0xa8 src/lib/f411/Drivers/STM32F4xx_HAL_Driver/Src/stm32f4xx_hal_spi.o
 .text.SPI_DMAHalfTransmitCplt
                0x000000000800f704       0x1c src/lib/f411/Drivers/STM32F4xx_HAL_Driver/Src/stm32f4xx_hal_spi.o
 .text.SPI_DMAError
                0x000000000800f720       0x40 src/lib/f411/Drivers/STM32F4xx_HAL_Driver/Src/stm32f4xx_hal_spi.o
 .text.SPI_DMAAbortOnError
                0x000000000800f760       0x28 src/lib/f411/Drivers/STM32F4xx_HAL_Driver/Src/stm32f4xx_hal_spi.o
 .text.SPI_WaitFlagStateUntilTimeout
                0x000000000800f788       0xd4 src/lib/f411/Drivers/STM32F4xx_HAL_Driver/Src/stm32f4xx_hal_spi.o
 .text.SPI_EndRxTxTransaction
                0x000000000800f85c       0x84 src/lib/f411/Drivers/STM32F4xx_HAL_Driver/Src/stm32f4xx_hal_spi.o
 .text.HAL_TIM_Base_Init
                0x000000000800f8e0       0x56 src/lib/f411/Drivers/STM32F4xx_HAL_Driver/Src/stm32f4xx_hal_tim.o
                0x000000000800f8e0                HAL_TIM_Base_Init
 .text.HAL_TIM_IC_Init
                0x000000000800f936       0x56 src/lib/f411/Drivers/STM32F4xx_HAL_Driver/Src/stm32f4xx_hal_tim.o
                0x000000000800f936                HAL_TIM_IC_Init
 .text.HAL_TIM_IC_MspInit
                0x000000000800f98c       0x14 src/lib/f411/Drivers/STM32F4xx_HAL_Driver/Src/stm32f4xx_hal_tim.o
                0x000000000800f98c                HAL_TIM_IC_MspInit
 .text.HAL_TIM_IC_Start_IT
                0x000000000800f9a0       0xd0 src/lib/f411/Drivers/STM32F4xx_HAL_Driver/Src/stm32f4xx_hal_tim.o
                0x000000000800f9a0                HAL_TIM_IC_Start_IT
 .text.HAL_TIM_IRQHandler
                0x000000000800fa70      0x210 src/lib/f411/Drivers/STM32F4xx_HAL_Driver/Src/stm32f4xx_hal_tim.o
                0x000000000800fa70                HAL_TIM_IRQHandler
 .text.HAL_TIM_IC_ConfigChannel
                0x000000000800fc80      0x138 src/lib/f411/Drivers/STM32F4xx_HAL_Driver/Src/stm32f4xx_hal_tim.o
                0x000000000800fc80                HAL_TIM_IC_ConfigChannel
 .text.HAL_TIM_ConfigClockSource
                0x000000000800fdb8      0x16e src/lib/f411/Drivers/STM32F4xx_HAL_Driver/Src/stm32f4xx_hal_tim.o
                0x000000000800fdb8                HAL_TIM_ConfigClockSource
 .text.HAL_TIM_PeriodElapsedCallback
                0x000000000800ff26       0x14 src/lib/f411/Drivers/STM32F4xx_HAL_Driver/Src/stm32f4xx_hal_tim.o
                0x000000000800ff26                HAL_TIM_PeriodElapsedCallback
 .text.HAL_TIM_OC_DelayElapsedCallback
                0x000000000800ff3a       0x14 src/lib/f411/Drivers/STM32F4xx_HAL_Driver/Src/stm32f4xx_hal_tim.o
                0x000000000800ff3a                HAL_TIM_OC_DelayElapsedCallback
 .text.HAL_TIM_PWM_PulseFinishedCallback
                0x000000000800ff4e       0x14 src/lib/f411/Drivers/STM32F4xx_HAL_Driver/Src/stm32f4xx_hal_tim.o
                0x000000000800ff4e                HAL_TIM_PWM_PulseFinishedCallback
 .text.HAL_TIM_TriggerCallback
                0x000000000800ff62       0x14 src/lib/f411/Drivers/STM32F4xx_HAL_Driver/Src/stm32f4xx_hal_tim.o
                0x000000000800ff62                HAL_TIM_TriggerCallback
 *fill*         0x000000000800ff76        0x2 
 .text.TIM_Base_SetConfig
                0x000000000800ff78      0x100 src/lib/f411/Drivers/STM32F4xx_HAL_Driver/Src/stm32f4xx_hal_tim.o
                0x000000000800ff78                TIM_Base_SetConfig
 .text.TIM_TI1_SetConfig
                0x0000000008010078       0xd0 src/lib/f411/Drivers/STM32F4xx_HAL_Driver/Src/stm32f4xx_hal_tim.o
                0x0000000008010078                TIM_TI1_SetConfig
 .text.TIM_TI1_ConfigInputStage
                0x0000000008010148       0x5e src/lib/f411/Drivers/STM32F4xx_HAL_Driver/Src/stm32f4xx_hal_tim.o
 .text.TIM_TI2_SetConfig
                0x00000000080101a6       0x7a src/lib/f411/Drivers/STM32F4xx_HAL_Driver/Src/stm32f4xx_hal_tim.o
 .text.TIM_TI2_ConfigInputStage
                0x0000000008010220       0x60 src/lib/f411/Drivers/STM32F4xx_HAL_Driver/Src/stm32f4xx_hal_tim.o
 .text.TIM_TI3_SetConfig
                0x0000000008010280       0x78 src/lib/f411/Drivers/STM32F4xx_HAL_Driver/Src/stm32f4xx_hal_tim.o
 .text.TIM_TI4_SetConfig
                0x00000000080102f8       0x7a src/lib/f411/Drivers/STM32F4xx_HAL_Driver/Src/stm32f4xx_hal_tim.o
 .text.TIM_ITRx_SetConfig
                0x0000000008010372       0x36 src/lib/f411/Drivers/STM32F4xx_HAL_Driver/Src/stm32f4xx_hal_tim.o
 .text.TIM_ETR_SetConfig
                0x00000000080103a8       0x40 src/lib/f411/Drivers/STM32F4xx_HAL_Driver/Src/stm32f4xx_hal_tim.o
                0x00000000080103a8                TIM_ETR_SetConfig
 .text.TIM_CCxChannelCmd
                0x00000000080103e8       0x4a src/lib/f411/Drivers/STM32F4xx_HAL_Driver/Src/stm32f4xx_hal_tim.o
                0x00000000080103e8                TIM_CCxChannelCmd
 *fill*         0x0000000008010432        0x2 
 .text.HAL_TIMEx_MasterConfigSynchronization
                0x0000000008010434       0xdc src/lib/f411/Drivers/STM32F4xx_HAL_Driver/Src/stm32f4xx_hal_tim_ex.o
                0x0000000008010434                HAL_TIMEx_MasterConfigSynchronization
 .text.HAL_TIMEx_CommutCallback
                0x0000000008010510       0x14 src/lib/f411/Drivers/STM32F4xx_HAL_Driver/Src/stm32f4xx_hal_tim_ex.o
                0x0000000008010510                HAL_TIMEx_CommutCallback
 .text.HAL_TIMEx_BreakCallback
                0x0000000008010524       0x14 src/lib/f411/Drivers/STM32F4xx_HAL_Driver/Src/stm32f4xx_hal_tim_ex.o
                0x0000000008010524                HAL_TIMEx_BreakCallback
 .text.HAL_UART_Init
                0x0000000008010538       0x9a src/lib/f411/Drivers/STM32F4xx_HAL_Driver/Src/stm32f4xx_hal_uart.o
                0x0000000008010538                HAL_UART_Init
 .text.HAL_UART_DeInit
                0x00000000080105d2       0x58 src/lib/f411/Drivers/STM32F4xx_HAL_Driver/Src/stm32f4xx_hal_uart.o
                0x00000000080105d2                HAL_UART_DeInit
 .text.HAL_UART_Transmit
                0x000000000801062a      0x132 src/lib/f411/Drivers/STM32F4xx_HAL_Driver/Src/stm32f4xx_hal_uart.o
                0x000000000801062a                HAL_UART_Transmit
 .text.HAL_UART_Receive_DMA
                0x000000000801075c      0x100 src/lib/f411/Drivers/STM32F4xx_HAL_Driver/Src/stm32f4xx_hal_uart.o
                0x000000000801075c                HAL_UART_Receive_DMA
 .text.HAL_UART_IRQHandler
                0x000000000801085c      0x200 src/lib/f411/Drivers/STM32F4xx_HAL_Driver/Src/stm32f4xx_hal_uart.o
                0x000000000801085c                HAL_UART_IRQHandler
 .text.HAL_UART_TxCpltCallback
                0x0000000008010a5c       0x14 src/lib/f411/Drivers/STM32F4xx_HAL_Driver/Src/stm32f4xx_hal_uart.o
                0x0000000008010a5c                HAL_UART_TxCpltCallback
 .text.HAL_UART_RxHalfCpltCallback
                0x0000000008010a70       0x14 src/lib/f411/Drivers/STM32F4xx_HAL_Driver/Src/stm32f4xx_hal_uart.o
                0x0000000008010a70                HAL_UART_RxHalfCpltCallback
 .text.UART_DMAReceiveCplt
                0x0000000008010a84       0x68 src/lib/f411/Drivers/STM32F4xx_HAL_Driver/Src/stm32f4xx_hal_uart.o
 .text.UART_DMARxHalfCplt
                0x0000000008010aec       0x1c src/lib/f411/Drivers/STM32F4xx_HAL_Driver/Src/stm32f4xx_hal_uart.o
 .text.UART_DMAError
                0x0000000008010b08       0x94 src/lib/f411/Drivers/STM32F4xx_HAL_Driver/Src/stm32f4xx_hal_uart.o
 .text.UART_WaitOnFlagUntilTimeout
                0x0000000008010b9c       0x94 src/lib/f411/Drivers/STM32F4xx_HAL_Driver/Src/stm32f4xx_hal_uart.o
 .text.UART_EndTxTransfer
                0x0000000008010c30       0x2c src/lib/f411/Drivers/STM32F4xx_HAL_Driver/Src/stm32f4xx_hal_uart.o
 .text.UART_EndRxTransfer
                0x0000000008010c5c       0x3c src/lib/f411/Drivers/STM32F4xx_HAL_Driver/Src/stm32f4xx_hal_uart.o
 .text.UART_DMAAbortOnError
                0x0000000008010c98       0x28 src/lib/f411/Drivers/STM32F4xx_HAL_Driver/Src/stm32f4xx_hal_uart.o
 .text.UART_Transmit_IT
                0x0000000008010cc0       0xac src/lib/f411/Drivers/STM32F4xx_HAL_Driver/Src/stm32f4xx_hal_uart.o
 .text.UART_EndTransmit_IT
                0x0000000008010d6c       0x30 src/lib/f411/Drivers/STM32F4xx_HAL_Driver/Src/stm32f4xx_hal_uart.o
 .text.UART_Receive_IT
                0x0000000008010d9c      0x102 src/lib/f411/Drivers/STM32F4xx_HAL_Driver/Src/stm32f4xx_hal_uart.o
 *fill*         0x0000000008010e9e        0x2 
 .text.UART_SetConfig
                0x0000000008010ea0      0x6f8 src/lib/f411/Drivers/STM32F4xx_HAL_Driver/Src/stm32f4xx_hal_uart.o
 .text.SDIO_Init
                0x0000000008011598       0x56 src/lib/f411/Drivers/STM32F4xx_HAL_Driver/Src/stm32f4xx_ll_sdmmc.o
                0x0000000008011598                SDIO_Init
 .text.SDIO_ReadFIFO
                0x00000000080115ee       0x1a src/lib/f411/Drivers/STM32F4xx_HAL_Driver/Src/stm32f4xx_ll_sdmmc.o
                0x00000000080115ee                SDIO_ReadFIFO
 .text.SDIO_WriteFIFO
                0x0000000008011608       0x22 src/lib/f411/Drivers/STM32F4xx_HAL_Driver/Src/stm32f4xx_ll_sdmmc.o
                0x0000000008011608                SDIO_WriteFIFO
 .text.SDIO_PowerState_ON
                0x000000000801162a       0x1e src/lib/f411/Drivers/STM32F4xx_HAL_Driver/Src/stm32f4xx_ll_sdmmc.o
                0x000000000801162a                SDIO_PowerState_ON
 .text.SDIO_GetPowerState
                0x0000000008011648       0x1c src/lib/f411/Drivers/STM32F4xx_HAL_Driver/Src/stm32f4xx_ll_sdmmc.o
                0x0000000008011648                SDIO_GetPowerState
 .text.SDIO_SendCommand
                0x0000000008011664       0x54 src/lib/f411/Drivers/STM32F4xx_HAL_Driver/Src/stm32f4xx_ll_sdmmc.o
                0x0000000008011664                SDIO_SendCommand
 .text.SDIO_GetCommandResponse
                0x00000000080116b8       0x1a src/lib/f411/Drivers/STM32F4xx_HAL_Driver/Src/stm32f4xx_ll_sdmmc.o
                0x00000000080116b8                SDIO_GetCommandResponse
 .text.SDIO_GetResponse
                0x00000000080116d2       0x26 src/lib/f411/Drivers/STM32F4xx_HAL_Driver/Src/stm32f4xx_ll_sdmmc.o
                0x00000000080116d2                SDIO_GetResponse
 .text.SDIO_ConfigData
                0x00000000080116f8       0x58 src/lib/f411/Drivers/STM32F4xx_HAL_Driver/Src/stm32f4xx_ll_sdmmc.o
                0x00000000080116f8                SDIO_ConfigData
 .text.SDMMC_CmdBlockLength
                0x0000000008011750       0x44 src/lib/f411/Drivers/STM32F4xx_HAL_Driver/Src/stm32f4xx_ll_sdmmc.o
                0x0000000008011750                SDMMC_CmdBlockLength
 .text.SDMMC_CmdReadSingleBlock
                0x0000000008011794       0x44 src/lib/f411/Drivers/STM32F4xx_HAL_Driver/Src/stm32f4xx_ll_sdmmc.o
                0x0000000008011794                SDMMC_CmdReadSingleBlock
 .text.SDMMC_CmdReadMultiBlock
                0x00000000080117d8       0x44 src/lib/f411/Drivers/STM32F4xx_HAL_Driver/Src/stm32f4xx_ll_sdmmc.o
                0x00000000080117d8                SDMMC_CmdReadMultiBlock
 .text.SDMMC_CmdWriteSingleBlock
                0x000000000801181c       0x44 src/lib/f411/Drivers/STM32F4xx_HAL_Driver/Src/stm32f4xx_ll_sdmmc.o
                0x000000000801181c                SDMMC_CmdWriteSingleBlock
 .text.SDMMC_CmdWriteMultiBlock
                0x0000000008011860       0x44 src/lib/f411/Drivers/STM32F4xx_HAL_Driver/Src/stm32f4xx_ll_sdmmc.o
                0x0000000008011860                SDMMC_CmdWriteMultiBlock
 .text.SDMMC_CmdStopTransfer
                0x00000000080118a4       0x44 src/lib/f411/Drivers/STM32F4xx_HAL_Driver/Src/stm32f4xx_ll_sdmmc.o
                0x00000000080118a4                SDMMC_CmdStopTransfer
 .text.SDMMC_CmdSelDesel
                0x00000000080118e8       0x46 src/lib/f411/Drivers/STM32F4xx_HAL_Driver/Src/stm32f4xx_ll_sdmmc.o
                0x00000000080118e8                SDMMC_CmdSelDesel
 .text.SDMMC_CmdGoIdleState
                0x000000000801192e       0x3c src/lib/f411/Drivers/STM32F4xx_HAL_Driver/Src/stm32f4xx_ll_sdmmc.o
                0x000000000801192e                SDMMC_CmdGoIdleState
 .text.SDMMC_CmdOperCond
                0x000000000801196a       0x3e src/lib/f411/Drivers/STM32F4xx_HAL_Driver/Src/stm32f4xx_ll_sdmmc.o
                0x000000000801196a                SDMMC_CmdOperCond
 .text.SDMMC_CmdAppCommand
                0x00000000080119a8       0x44 src/lib/f411/Drivers/STM32F4xx_HAL_Driver/Src/stm32f4xx_ll_sdmmc.o
                0x00000000080119a8                SDMMC_CmdAppCommand
 .text.SDMMC_CmdAppOperCommand
                0x00000000080119ec       0x46 src/lib/f411/Drivers/STM32F4xx_HAL_Driver/Src/stm32f4xx_ll_sdmmc.o
                0x00000000080119ec                SDMMC_CmdAppOperCommand
 .text.SDMMC_CmdBusWidth
                0x0000000008011a32       0x44 src/lib/f411/Drivers/STM32F4xx_HAL_Driver/Src/stm32f4xx_ll_sdmmc.o
                0x0000000008011a32                SDMMC_CmdBusWidth
 .text.SDMMC_CmdSendSCR
                0x0000000008011a76       0x42 src/lib/f411/Drivers/STM32F4xx_HAL_Driver/Src/stm32f4xx_ll_sdmmc.o
                0x0000000008011a76                SDMMC_CmdSendSCR
 .text.SDMMC_CmdSendCID
                0x0000000008011ab8       0x3c src/lib/f411/Drivers/STM32F4xx_HAL_Driver/Src/stm32f4xx_ll_sdmmc.o
                0x0000000008011ab8                SDMMC_CmdSendCID
 .text.SDMMC_CmdSendCSD
                0x0000000008011af4       0x3e src/lib/f411/Drivers/STM32F4xx_HAL_Driver/Src/stm32f4xx_ll_sdmmc.o
                0x0000000008011af4                SDMMC_CmdSendCSD
 .text.SDMMC_CmdSetRelAdd
                0x0000000008011b32       0x42 src/lib/f411/Drivers/STM32F4xx_HAL_Driver/Src/stm32f4xx_ll_sdmmc.o
                0x0000000008011b32                SDMMC_CmdSetRelAdd
 .text.SDMMC_CmdSendStatus
                0x0000000008011b74       0x44 src/lib/f411/Drivers/STM32F4xx_HAL_Driver/Src/stm32f4xx_ll_sdmmc.o
                0x0000000008011b74                SDMMC_CmdSendStatus
 .text.SDMMC_GetCmdError
                0x0000000008011bb8       0x50 src/lib/f411/Drivers/STM32F4xx_HAL_Driver/Src/stm32f4xx_ll_sdmmc.o
 .text.SDMMC_GetCmdResp1
                0x0000000008011c08      0x1d8 src/lib/f411/Drivers/STM32F4xx_HAL_Driver/Src/stm32f4xx_ll_sdmmc.o
 .text.SDMMC_GetCmdResp2
                0x0000000008011de0       0x8c src/lib/f411/Drivers/STM32F4xx_HAL_Driver/Src/stm32f4xx_ll_sdmmc.o
 .text.SDMMC_GetCmdResp3
                0x0000000008011e6c       0x74 src/lib/f411/Drivers/STM32F4xx_HAL_Driver/Src/stm32f4xx_ll_sdmmc.o
 .text.SDMMC_GetCmdResp6
                0x0000000008011ee0       0xe8 src/lib/f411/Drivers/STM32F4xx_HAL_Driver/Src/stm32f4xx_ll_sdmmc.o
 .text.SDMMC_GetCmdResp7
                0x0000000008011fc8       0x98 src/lib/f411/Drivers/STM32F4xx_HAL_Driver/Src/stm32f4xx_ll_sdmmc.o
 .text.main     0x0000000008012060       0x16 src/main.o
                0x0000000008012060                main
 *fill*         0x0000000008012076        0x2 
 .text.__errno  0x0000000008012078        0xc c:/st/stm32cubeide_1.5.0/stm32cubeide/plugins/com.st.stm32cube.ide.mcu.externaltools.gnu-tools-for-stm32.7-2018-q2-update.win32_1.5.0.202011040924/tools/bin/../lib/gcc/arm-none-eabi/7.3.1/../../../../arm-none-eabi/lib/thumb/v7e-m/fpv4-sp/hard\libc_nano.a(lib_a-errno.o)
                0x0000000008012078                __errno
 .text.__libc_init_array
                0x0000000008012084       0x48 c:/st/stm32cubeide_1.5.0/stm32cubeide/plugins/com.st.stm32cube.ide.mcu.externaltools.gnu-tools-for-stm32.7-2018-q2-update.win32_1.5.0.202011040924/tools/bin/../lib/gcc/arm-none-eabi/7.3.1/../../../../arm-none-eabi/lib/thumb/v7e-m/fpv4-sp/hard\libc_nano.a(lib_a-init.o)
                0x0000000008012084                __libc_init_array
 .text.malloc   0x00000000080120cc       0x10 c:/st/stm32cubeide_1.5.0/stm32cubeide/plugins/com.st.stm32cube.ide.mcu.externaltools.gnu-tools-for-stm32.7-2018-q2-update.win32_1.5.0.202011040924/tools/bin/../lib/gcc/arm-none-eabi/7.3.1/../../../../arm-none-eabi/lib/thumb/v7e-m/fpv4-sp/hard\libc_nano.a(lib_a-malloc.o)
                0x00000000080120cc                malloc
 .text.free     0x00000000080120dc       0x10 c:/st/stm32cubeide_1.5.0/stm32cubeide/plugins/com.st.stm32cube.ide.mcu.externaltools.gnu-tools-for-stm32.7-2018-q2-update.win32_1.5.0.202011040924/tools/bin/../lib/gcc/arm-none-eabi/7.3.1/../../../../arm-none-eabi/lib/thumb/v7e-m/fpv4-sp/hard\libc_nano.a(lib_a-malloc.o)
                0x00000000080120dc                free
 .text.memcpy   0x00000000080120ec       0x16 c:/st/stm32cubeide_1.5.0/stm32cubeide/plugins/com.st.stm32cube.ide.mcu.externaltools.gnu-tools-for-stm32.7-2018-q2-update.win32_1.5.0.202011040924/tools/bin/../lib/gcc/arm-none-eabi/7.3.1/../../../../arm-none-eabi/lib/thumb/v7e-m/fpv4-sp/hard\libc_nano.a(lib_a-memcpy-stub.o)
                0x00000000080120ec                memcpy
 .text.memset   0x0000000008012102       0x10 c:/st/stm32cubeide_1.5.0/stm32cubeide/plugins/com.st.stm32cube.ide.mcu.externaltools.gnu-tools-for-stm32.7-2018-q2-update.win32_1.5.0.202011040924/tools/bin/../lib/gcc/arm-none-eabi/7.3.1/../../../../arm-none-eabi/lib/thumb/v7e-m/fpv4-sp/hard\libc_nano.a(lib_a-memset.o)
                0x0000000008012102                memset
 *fill*         0x0000000008012112        0x2 
 .text._free_r  0x0000000008012114       0x9c c:/st/stm32cubeide_1.5.0/stm32cubeide/plugins/com.st.stm32cube.ide.mcu.externaltools.gnu-tools-for-stm32.7-2018-q2-update.win32_1.5.0.202011040924/tools/bin/../lib/gcc/arm-none-eabi/7.3.1/../../../../arm-none-eabi/lib/thumb/v7e-m/fpv4-sp/hard\libc_nano.a(lib_a-nano-freer.o)
                0x0000000008012114                _free_r
 .text._malloc_r
                0x00000000080121b0       0xb4 c:/st/stm32cubeide_1.5.0/stm32cubeide/plugins/com.st.stm32cube.ide.mcu.externaltools.gnu-tools-for-stm32.7-2018-q2-update.win32_1.5.0.202011040924/tools/bin/../lib/gcc/arm-none-eabi/7.3.1/../../../../arm-none-eabi/lib/thumb/v7e-m/fpv4-sp/hard\libc_nano.a(lib_a-nano-mallocr.o)
                0x00000000080121b0                _malloc_r
 .text.__cvt    0x0000000008012264       0xc2 c:/st/stm32cubeide_1.5.0/stm32cubeide/plugins/com.st.stm32cube.ide.mcu.externaltools.gnu-tools-for-stm32.7-2018-q2-update.win32_1.5.0.202011040924/tools/bin/../lib/gcc/arm-none-eabi/7.3.1/../../../../arm-none-eabi/lib/thumb/v7e-m/fpv4-sp/hard\libc_nano.a(lib_a-nano-vfprintf_float.o)
                0x0000000008012264                __cvt
 .text.__exponent
                0x0000000008012326       0x66 c:/st/stm32cubeide_1.5.0/stm32cubeide/plugins/com.st.stm32cube.ide.mcu.externaltools.gnu-tools-for-stm32.7-2018-q2-update.win32_1.5.0.202011040924/tools/bin/../lib/gcc/arm-none-eabi/7.3.1/../../../../arm-none-eabi/lib/thumb/v7e-m/fpv4-sp/hard\libc_nano.a(lib_a-nano-vfprintf_float.o)
                0x0000000008012326                __exponent
 .text._printf_float
                0x000000000801238c      0x480 c:/st/stm32cubeide_1.5.0/stm32cubeide/plugins/com.st.stm32cube.ide.mcu.externaltools.gnu-tools-for-stm32.7-2018-q2-update.win32_1.5.0.202011040924/tools/bin/../lib/gcc/arm-none-eabi/7.3.1/../../../../arm-none-eabi/lib/thumb/v7e-m/fpv4-sp/hard\libc_nano.a(lib_a-nano-vfprintf_float.o)
                0x000000000801238c                _printf_float
 .text._printf_common
                0x000000000801280c       0xea c:/st/stm32cubeide_1.5.0/stm32cubeide/plugins/com.st.stm32cube.ide.mcu.externaltools.gnu-tools-for-stm32.7-2018-q2-update.win32_1.5.0.202011040924/tools/bin/../lib/gcc/arm-none-eabi/7.3.1/../../../../arm-none-eabi/lib/thumb/v7e-m/fpv4-sp/hard\libc_nano.a(lib_a-nano-vfprintf_i.o)
                0x000000000801280c                _printf_common
 *fill*         0x00000000080128f6        0x2 
 .text._printf_i
                0x00000000080128f8      0x224 c:/st/stm32cubeide_1.5.0/stm32cubeide/plugins/com.st.stm32cube.ide.mcu.externaltools.gnu-tools-for-stm32.7-2018-q2-update.win32_1.5.0.202011040924/tools/bin/../lib/gcc/arm-none-eabi/7.3.1/../../../../arm-none-eabi/lib/thumb/v7e-m/fpv4-sp/hard\libc_nano.a(lib_a-nano-vfprintf_i.o)
                0x00000000080128f8                _printf_i
 .text._sbrk_r  0x0000000008012b1c       0x20 c:/st/stm32cubeide_1.5.0/stm32cubeide/plugins/com.st.stm32cube.ide.mcu.externaltools.gnu-tools-for-stm32.7-2018-q2-update.win32_1.5.0.202011040924/tools/bin/../lib/gcc/arm-none-eabi/7.3.1/../../../../arm-none-eabi/lib/thumb/v7e-m/fpv4-sp/hard\libc_nano.a(lib_a-sbrkr.o)
                0x0000000008012b1c                _sbrk_r
 .text.strcpy   0x0000000008012b3c       0x10 c:/st/stm32cubeide_1.5.0/stm32cubeide/plugins/com.st.stm32cube.ide.mcu.externaltools.gnu-tools-for-stm32.7-2018-q2-update.win32_1.5.0.202011040924/tools/bin/../lib/gcc/arm-none-eabi/7.3.1/../../../../arm-none-eabi/lib/thumb/v7e-m/fpv4-sp/hard\libc_nano.a(lib_a-strcpy.o)
                0x0000000008012b3c                strcpy
 .text.unlikely.sulp
                0x0000000008012b4c       0x38 c:/st/stm32cubeide_1.5.0/stm32cubeide/plugins/com.st.stm32cube.ide.mcu.externaltools.gnu-tools-for-stm32.7-2018-q2-update.win32_1.5.0.202011040924/tools/bin/../lib/gcc/arm-none-eabi/7.3.1/../../../../arm-none-eabi/lib/thumb/v7e-m/fpv4-sp/hard\libc_nano.a(lib_a-strtod.o)
 *fill*         0x0000000008012b84        0x4 
 .text._strtod_l
                0x0000000008012b88      0xbe8 c:/st/stm32cubeide_1.5.0/stm32cubeide/plugins/com.st.stm32cube.ide.mcu.externaltools.gnu-tools-for-stm32.7-2018-q2-update.win32_1.5.0.202011040924/tools/bin/../lib/gcc/arm-none-eabi/7.3.1/../../../../arm-none-eabi/lib/thumb/v7e-m/fpv4-sp/hard\libc_nano.a(lib_a-strtod.o)
                0x0000000008012b88                _strtod_l
 .text.strtof   0x0000000008013770       0xa8 c:/st/stm32cubeide_1.5.0/stm32cubeide/plugins/com.st.stm32cube.ide.mcu.externaltools.gnu-tools-for-stm32.7-2018-q2-update.win32_1.5.0.202011040924/tools/bin/../lib/gcc/arm-none-eabi/7.3.1/../../../../arm-none-eabi/lib/thumb/v7e-m/fpv4-sp/hard\libc_nano.a(lib_a-strtod.o)
                0x0000000008013770                strtof
 .text.__strtok_r
                0x0000000008013818       0x54 c:/st/stm32cubeide_1.5.0/stm32cubeide/plugins/com.st.stm32cube.ide.mcu.externaltools.gnu-tools-for-stm32.7-2018-q2-update.win32_1.5.0.202011040924/tools/bin/../lib/gcc/arm-none-eabi/7.3.1/../../../../arm-none-eabi/lib/thumb/v7e-m/fpv4-sp/hard\libc_nano.a(lib_a-strtok_r.o)
                0x0000000008013818                __strtok_r
 .text.strtok_r
                0x000000000801386c        0x6 c:/st/stm32cubeide_1.5.0/stm32cubeide/plugins/com.st.stm32cube.ide.mcu.externaltools.gnu-tools-for-stm32.7-2018-q2-update.win32_1.5.0.202011040924/tools/bin/../lib/gcc/arm-none-eabi/7.3.1/../../../../arm-none-eabi/lib/thumb/v7e-m/fpv4-sp/hard\libc_nano.a(lib_a-strtok_r.o)
                0x000000000801386c                strtok_r
 .text._strtoul_l.isra.0
                0x0000000008013872       0xf4 c:/st/stm32cubeide_1.5.0/stm32cubeide/plugins/com.st.stm32cube.ide.mcu.externaltools.gnu-tools-for-stm32.7-2018-q2-update.win32_1.5.0.202011040924/tools/bin/../lib/gcc/arm-none-eabi/7.3.1/../../../../arm-none-eabi/lib/thumb/v7e-m/fpv4-sp/hard\libc_nano.a(lib_a-strtoul.o)
 *fill*         0x0000000008013966        0x2 
 .text.strtoul  0x0000000008013968       0x2c c:/st/stm32cubeide_1.5.0/stm32cubeide/plugins/com.st.stm32cube.ide.mcu.externaltools.gnu-tools-for-stm32.7-2018-q2-update.win32_1.5.0.202011040924/tools/bin/../lib/gcc/arm-none-eabi/7.3.1/../../../../arm-none-eabi/lib/thumb/v7e-m/fpv4-sp/hard\libc_nano.a(lib_a-strtoul.o)
                0x0000000008013968                strtoul
 .text._vsnprintf_r
                0x0000000008013994       0x58 c:/st/stm32cubeide_1.5.0/stm32cubeide/plugins/com.st.stm32cube.ide.mcu.externaltools.gnu-tools-for-stm32.7-2018-q2-update.win32_1.5.0.202011040924/tools/bin/../lib/gcc/arm-none-eabi/7.3.1/../../../../arm-none-eabi/lib/thumb/v7e-m/fpv4-sp/hard\libc_nano.a(lib_a-vsnprintf.o)
                0x0000000008013994                _vsniprintf_r
                0x0000000008013994                _vsnprintf_r
 .text.vsnprintf
                0x00000000080139ec       0x1c c:/st/stm32cubeide_1.5.0/stm32cubeide/plugins/com.st.stm32cube.ide.mcu.externaltools.gnu-tools-for-stm32.7-2018-q2-update.win32_1.5.0.202011040924/tools/bin/../lib/gcc/arm-none-eabi/7.3.1/../../../../arm-none-eabi/lib/thumb/v7e-m/fpv4-sp/hard\libc_nano.a(lib_a-vsnprintf.o)
                0x00000000080139ec                vsniprintf
                0x00000000080139ec                vsnprintf
 .text.quorem   0x0000000008013a08      0x118 c:/st/stm32cubeide_1.5.0/stm32cubeide/plugins/com.st.stm32cube.ide.mcu.externaltools.gnu-tools-for-stm32.7-2018-q2-update.win32_1.5.0.202011040924/tools/bin/../lib/gcc/arm-none-eabi/7.3.1/../../../../arm-none-eabi/lib/thumb/v7e-m/fpv4-sp/hard\libc_nano.a(lib_a-dtoa.o)
 .text._dtoa_r  0x0000000008013b20      0xb70 c:/st/stm32cubeide_1.5.0/stm32cubeide/plugins/com.st.stm32cube.ide.mcu.externaltools.gnu-tools-for-stm32.7-2018-q2-update.win32_1.5.0.202011040924/tools/bin/../lib/gcc/arm-none-eabi/7.3.1/../../../../arm-none-eabi/lib/thumb/v7e-m/fpv4-sp/hard\libc_nano.a(lib_a-dtoa.o)
                0x0000000008013b20                _dtoa_r
 .text.rshift   0x0000000008014690       0x74 c:/st/stm32cubeide_1.5.0/stm32cubeide/plugins/com.st.stm32cube.ide.mcu.externaltools.gnu-tools-for-stm32.7-2018-q2-update.win32_1.5.0.202011040924/tools/bin/../lib/gcc/arm-none-eabi/7.3.1/../../../../arm-none-eabi/lib/thumb/v7e-m/fpv4-sp/hard\libc_nano.a(lib_a-gdtoa-gethex.o)
 .text.__hexdig_fun
                0x0000000008014704       0x2a c:/st/stm32cubeide_1.5.0/stm32cubeide/plugins/com.st.stm32cube.ide.mcu.externaltools.gnu-tools-for-stm32.7-2018-q2-update.win32_1.5.0.202011040924/tools/bin/../lib/gcc/arm-none-eabi/7.3.1/../../../../arm-none-eabi/lib/thumb/v7e-m/fpv4-sp/hard\libc_nano.a(lib_a-gdtoa-gethex.o)
                0x0000000008014704                __hexdig_fun
 .text.__gethex
                0x000000000801472e      0x442 c:/st/stm32cubeide_1.5.0/stm32cubeide/plugins/com.st.stm32cube.ide.mcu.externaltools.gnu-tools-for-stm32.7-2018-q2-update.win32_1.5.0.202011040924/tools/bin/../lib/gcc/arm-none-eabi/7.3.1/../../../../arm-none-eabi/lib/thumb/v7e-m/fpv4-sp/hard\libc_nano.a(lib_a-gdtoa-gethex.o)
                0x000000000801472e                __gethex
 .text.L_shift  0x0000000008014b70       0x24 c:/st/stm32cubeide_1.5.0/stm32cubeide/plugins/com.st.stm32cube.ide.mcu.externaltools.gnu-tools-for-stm32.7-2018-q2-update.win32_1.5.0.202011040924/tools/bin/../lib/gcc/arm-none-eabi/7.3.1/../../../../arm-none-eabi/lib/thumb/v7e-m/fpv4-sp/hard\libc_nano.a(lib_a-gdtoa-hexnan.o)