Archive member included to satisfy reference by file (symbol)

c:/st/stm32cubeide_1.5.0/stm32cubeide/plugins/com.st.stm32cube.ide.mcu.externaltools.gnu-tools-for-stm32.7-2018-q2-update.win32_1.5.0.202011040924/tools/bin/../lib/gcc/arm-none-eabi/7.3.1/../../../../arm-none-eabi/lib/thumb/v7e-m/fpv4-sp/hard\libc_nano.a(lib_a-errno.o)
                              src/bsp/syscalls.o (__errno)
c:/st/stm32cubeide_1.5.0/stm32cubeide/plugins/com.st.stm32cube.ide.mcu.externaltools.gnu-tools-for-stm32.7-2018-q2-update.win32_1.5.0.202011040924/tools/bin/../lib/gcc/arm-none-eabi/7.3.1/../../../../arm-none-eabi/lib/thumb/v7e-m/fpv4-sp/hard\libc_nano.a(lib_a-exit.o)
                              c:/st/stm32cubeide_1.5.0/stm32cubeide/plugins/com.st.stm32cube.ide.mcu.externaltools.gnu-tools-for-stm32.7-2018-q2-update.win32_1.5.0.202011040924/tools/bin/../lib/gcc/arm-none-eabi/7.3.1/../../../../arm-none-eabi/lib/thumb/v7e-m/fpv4-sp/hard/crt0.o (exit)
c:/st/stm32cubeide_1.5.0/stm32cubeide/plugins/com.st.stm32cube.ide.mcu.externaltools.gnu-tools-for-stm32.7-2018-q2-update.win32_1.5.0.202011040924/tools/bin/../lib/gcc/arm-none-eabi/7.3.1/../../../../arm-none-eabi/lib/thumb/v7e-m/fpv4-sp/hard\libc_nano.a(lib_a-impure.o)
                              c:/st/stm32cubeide_1.5.0/stm32cubeide/plugins/com.st.stm32cube.ide.mcu.externaltools.gnu-tools-for-stm32.7-2018-q2-update.win32_1.5.0.202011040924/tools/bin/../lib/gcc/arm-none-eabi/7.3.1/../../../../arm-none-eabi/lib/thumb/v7e-m/fpv4-sp/hard\libc_nano.a(lib_a-exit.o) (_global_impure_ptr)
c:/st/stm32cubeide_1.5.0/stm32cubeide/plugins/com.st.stm32cube.ide.mcu.externaltools.gnu-tools-for-stm32.7-2018-q2-update.win32_1.5.0.202011040924/tools/bin/../lib/gcc/arm-none-eabi/7.3.1/../../../../arm-none-eabi/lib/thumb/v7e-m/fpv4-sp/hard\libc_nano.a(lib_a-init.o)
                              c:/st/stm32cubeide_1.5.0/stm32cubeide/plugins/com.st.stm32cube.ide.mcu.externaltools.gnu-tools-for-stm32.7-2018-q2-update.win32_1.5.0.202011040924/tools/bin/../lib/gcc/arm-none-eabi/7.3.1/../../../../arm-none-eabi/lib/thumb/v7e-m/fpv4-sp/hard/crt0.o (__libc_init_array)
c:/st/stm32cubeide_1.5.0/stm32cubeide/plugins/com.st.stm32cube.ide.mcu.externaltools.gnu-tools-for-stm32.7-2018-q2-update.win32_1.5.0.202011040924/tools/bin/../lib/gcc/arm-none-eabi/7.3.1/../../../../arm-none-eabi/lib/thumb/v7e-m/fpv4-sp/hard\libc_nano.a(lib_a-malloc.o)
                              src/lib/FatFs/src/option/syscall.o (malloc)
c:/st/stm32cubeide_1.5.0/stm32cubeide/plugins/com.st.stm32cube.ide.mcu.externaltools.gnu-tools-for-stm32.7-2018-q2-update.win32_1.5.0.202011040924/tools/bin/../lib/gcc/arm-none-eabi/7.3.1/../../../../arm-none-eabi/lib/thumb/v7e-m/fpv4-sp/hard\libc_nano.a(lib_a-memcpy-stub.o)
                              src/hw/driver/cli.o (memcpy)
c:/st/stm32cubeide_1.5.0/stm32cubeide/plugins/com.st.stm32cube.ide.mcu.externaltools.gnu-tools-for-stm32.7-2018-q2-update.win32_1.5.0.202011040924/tools/bin/../lib/gcc/arm-none-eabi/7.3.1/../../../../arm-none-eabi/lib/thumb/v7e-m/fpv4-sp/hard\libc_nano.a(lib_a-memset.o)
                              c:/st/stm32cubeide_1.5.0/stm32cubeide/plugins/com.st.stm32cube.ide.mcu.externaltools.gnu-tools-for-stm32.7-2018-q2-update.win32_1.5.0.202011040924/tools/bin/../lib/gcc/arm-none-eabi/7.3.1/../../../../arm-none-eabi/lib/thumb/v7e-m/fpv4-sp/hard/crt0.o (memset)
c:/st/stm32cubeide_1.5.0/stm32cubeide/plugins/com.st.stm32cube.ide.mcu.externaltools.gnu-tools-for-stm32.7-2018-q2-update.win32_1.5.0.202011040924/tools/bin/../lib/gcc/arm-none-eabi/7.3.1/../../../../arm-none-eabi/lib/thumb/v7e-m/fpv4-sp/hard\libc_nano.a(lib_a-nano-freer.o)
                              c:/st/stm32cubeide_1.5.0/stm32cubeide/plugins/com.st.stm32cube.ide.mcu.externaltools.gnu-tools-for-stm32.7-2018-q2-update.win32_1.5.0.202011040924/tools/bin/../lib/gcc/arm-none-eabi/7.3.1/../../../../arm-none-eabi/lib/thumb/v7e-m/fpv4-sp/hard\libc_nano.a(lib_a-malloc.o) (_free_r)
c:/st/stm32cubeide_1.5.0/stm32cubeide/plugins/com.st.stm32cube.ide.mcu.externaltools.gnu-tools-for-stm32.7-2018-q2-update.win32_1.5.0.202011040924/tools/bin/../lib/gcc/arm-none-eabi/7.3.1/../../../../arm-none-eabi/lib/thumb/v7e-m/fpv4-sp/hard\libc_nano.a(lib_a-nano-mallocr.o)
                              c:/st/stm32cubeide_1.5.0/stm32cubeide/plugins/com.st.stm32cube.ide.mcu.externaltools.gnu-tools-for-stm32.7-2018-q2-update.win32_1.5.0.202011040924/tools/bin/../lib/gcc/arm-none-eabi/7.3.1/../../../../arm-none-eabi/lib/thumb/v7e-m/fpv4-sp/hard\libc_nano.a(lib_a-malloc.o) (_malloc_r)
c:/st/stm32cubeide_1.5.0/stm32cubeide/plugins/com.st.stm32cube.ide.mcu.externaltools.gnu-tools-for-stm32.7-2018-q2-update.win32_1.5.0.202011040924/tools/bin/../lib/gcc/arm-none-eabi/7.3.1/../../../../arm-none-eabi/lib/thumb/v7e-m/fpv4-sp/hard\libc_nano.a(lib_a-puts.o)
                              src/hw/driver/files.o (puts)
[...]
Memory Configuration

Name             Origin             Length             Attributes
RAM              0x0000000020000000 0x0000000000020000 xrw
FLASH            0x0000000008000000 0x0000000000080000 xr
*default*        0x0000000000000000 0xffffffffffffffff

Linker script and memory map

LOAD c:/st/stm32cubeide_1.5.0/stm32cubeide/plugins/com.st.stm32cube.ide.mcu.externaltools.gnu-tools-for-stm32.7-2018-q2-update.win32_1.5.0.202011040924/tools/bin/../lib/gcc/arm-none-eabi/7.3.1/thumb/v7e-m/fpv4-sp/hard/crti.o
LOAD c:/st/stm32cubeide_1.5.0/stm32cubeide/plugins/com.st.stm32cube.ide.mcu.externaltools.gnu-tools-for-stm32.7-2018-q2-update.win32_1.5.0.202011040924/tools/bin/../lib/gcc/arm-none-eabi/7.3.1/thumb/v7e-m/fpv4-sp/hard/crtbegin.o
LOAD c:/st/stm32cubeide_1.5.0/stm32cubeide/plugins/com.st.stm32cube.ide.mcu.externaltools.gnu-tools-for-stm32.7-2018-q2-update.win32_1.5.0.202011040924/tools/bin/../lib/gcc/arm-none-eabi/7.3.1/../../../../arm-none-eabi/lib/thumb/v7e-m/fpv4-sp/hard/crt0.o
LOAD src/ap/ap.o
LOAD src/bsp/bsp.o
LOAD src/bsp/stm32f4xx_hal_msp.o
LOAD src/bsp/stm32f4xx_it.o
LOAD src/bsp/syscalls.o
LOAD src/bsp/sysmem.o
LOAD src/bsp/system_stm32f4xx.o
LOAD src/bsp/startup/startup_stm32f411ceux.o
LOAD src/common/core/qbuffer.o
LOAD src/common/core/user_delay.o
LOAD src/hw/driver/button.o
LOAD src/hw/driver/clcd.o
LOAD src/hw/driver/cli.o
LOAD src/hw/driver/ds18b20.o
LOAD src/hw/driver/fatfs.o
LOAD src/hw/driver/files.o
LOAD src/hw/driver/gpio.o
LOAD src/hw/driver/i2c.o
LOAD src/hw/driver/lcd.o
LOAD src/hw/driver/led.o
LOAD src/hw/driver/onewire.o
LOAD src/hw/driver/sd.o
LOAD src/hw/driver/sonar.o
LOAD src/hw/driver/spi.o
LOAD src/hw/driver/tds.o
LOAD src/hw/driver/uart.o
LOAD src/hw/driver/fatfs/sd_diskio.o
LOAD src/hw/driver/hangul/han.o
LOAD src/hw/driver/lcd/lcd_fonts.o
LOAD src/hw/driver/lcd/ssd1306.o
LOAD src/hw/driver/lcd/st7735.o
LOAD src/hw/hw.o
LOAD src/lib/FatFs/src/diskio.o
LOAD src/lib/FatFs/src/ff.o
LOAD src/lib/FatFs/src/ff_gen_drv.o
LOAD src/lib/FatFs/src/option/syscall.o
LOAD src/lib/FatFs/src/option/unicode.o
LOAD src/lib/f411/Drivers/STM32F4xx_HAL_Driver/Src/stm32f4xx_hal.o
LOAD src/lib/f411/Drivers/STM32F4xx_HAL_Driver/Src/stm32f4xx_hal_adc.o
LOAD src/lib/f411/Drivers/STM32F4xx_HAL_Driver/Src/stm32f4xx_hal_adc_ex.o
LOAD src/lib/f411/Drivers/STM32F4xx_HAL_Driver/Src/stm32f4xx_hal_cortex.o
LOAD src/lib/f411/Drivers/STM32F4xx_HAL_Driver/Src/stm32f4xx_hal_dma.o
LOAD src/lib/f411/Drivers/STM32F4xx_HAL_Driver/Src/stm32f4xx_hal_dma_ex.o
LOAD src/lib/f411/Drivers/STM32F4xx_HAL_Driver/Src/stm32f4xx_hal_exti.o
LOAD src/lib/f411/Drivers/STM32F4xx_HAL_Driver/Src/stm32f4xx_hal_flash.o
LOAD src/lib/f411/Drivers/STM32F4xx_HAL_Driver/Src/stm32f4xx_hal_flash_ex.o
LOAD src/lib/f411/Drivers/STM32F4xx_HAL_Driver/Src/stm32f4xx_hal_flash_ramfunc.o
LOAD src/lib/f411/Drivers/STM32F4xx_HAL_Driver/Src/stm32f4xx_hal_gpio.o
LOAD src/lib/f411/Drivers/STM32F4xx_HAL_Driver/Src/stm32f4xx_hal_pwr.o
LOAD src/lib/f411/Drivers/STM32F4xx_HAL_Driver/Src/stm32f4xx_hal_pwr_ex.o
LOAD src/lib/f411/Drivers/STM32F4xx_HAL_Driver/Src/stm32f4xx_hal_rcc.o
LOAD src/lib/f411/Drivers/STM32F4xx_HAL_Driver/Src/stm32f4xx_hal_rcc_ex.o
LOAD src/lib/f411/Drivers/STM32F4xx_HAL_Driver/Src/stm32f4xx_hal_sd.o
LOAD src/lib/f411/Drivers/STM32F4xx_HAL_Driver/Src/stm32f4xx_hal_spi.o
LOAD src/lib/f411/Drivers/STM32F4xx_HAL_Driver/Src/stm32f4xx_hal_tim.o
LOAD src/lib/f411/Drivers/STM32F4xx_HAL_Driver/Src/stm32f4xx_hal_tim_ex.o
LOAD src/lib/f411/Drivers/STM32F4xx_HAL_Driver/Src/stm32f4xx_hal_uart.o
LOAD src/lib/f411/Drivers/STM32F4xx_HAL_Driver/Src/stm32f4xx_ll_sdmmc.o
LOAD src/main.o
START GROUP
LOAD c:/st/stm32cubeide_1.5.0/stm32cubeide/plugins/com.st.stm32cube.ide.mcu.externaltools.gnu-tools-for-stm32.7-2018-q2-update.win32_1.5.0.202011040924/tools/bin/../lib/gcc/arm-none-eabi/7.3.1/../../../../arm-none-eabi/lib/thumb/v7e-m/fpv4-sp/hard\libc_nano.a
LOAD c:/st/stm32cubeide_1.5.0/stm32cubeide/plugins/com.st.stm32cube.ide.mcu.externaltools.gnu-tools-for-stm32.7-2018-q2-update.win32_1.5.0.202011040924/tools/bin/../lib/gcc/arm-none-eabi/7.3.1/../../../../arm-none-eabi/lib/thumb/v7e-m/fpv4-sp/hard\libm.a
END GROUP
START GROUP
LOAD c:/st/stm32cubeide_1.5.0/stm32cubeide/plugins/com.st.stm32cube.ide.mcu.externaltools.gnu-tools-for-stm32.7-2018-q2-update.win32_1.5.0.202011040924/tools/bin/../lib/gcc/arm-none-eabi/7.3.1/thumb/v7e-m/fpv4-sp/hard\libgcc.a
LOAD c:/st/stm32cubeide_1.5.0/stm32cubeide/plugins/com.st.stm32cube.ide.mcu.externaltools.gnu-tools-for-stm32.7-2018-q2-update.win32_1.5.0.202011040924/tools/bin/../lib/gcc/arm-none-eabi/7.3.1/../../../../arm-none-eabi/lib/thumb/v7e-m/fpv4-sp/hard\libc_nano.a
END GROUP
START GROUP
LOAD c:/st/stm32cubeide_1.5.0/stm32cubeide/plugins/com.st.stm32cube.ide.mcu.externaltools.gnu-tools-for-stm32.7-2018-q2-update.win32_1.5.0.202011040924/tools/bin/../lib/gcc/arm-none-eabi/7.3.1/thumb/v7e-m/fpv4-sp/hard\libgcc.a
LOAD c:/st/stm32cubeide_1.5.0/stm32cubeide/plugins/com.st.stm32cube.ide.mcu.externaltools.gnu-tools-for-stm32.7-2018-q2-update.win32_1.5.0.202011040924/tools/bin/../lib/gcc/arm-none-eabi/7.3.1/../../../../arm-none-eabi/lib/thumb/v7e-m/fpv4-sp/hard\libc_nano.a
LOAD c:/st/stm32cubeide_1.5.0/stm32cubeide/plugins/com.st.stm32cube.ide.mcu.externaltools.gnu-tools-for-stm32.7-2018-q2-update.win32_1.5.0.202011040924/tools/bin/../lib/gcc/arm-none-eabi/7.3.1/../../../../arm-none-eabi/lib/thumb/v7e-m/fpv4-sp/hard\libnosys.a
END GROUP
START GROUP
LOAD c:/st/stm32cubeide_1.5.0/stm32cubeide/plugins/com.st.stm32cube.ide.mcu.externaltools.gnu-tools-for-stm32.7-2018-q2-update.win32_1.5.0.202011040924/tools/bin/../lib/gcc/arm-none-eabi/7.3.1/thumb/v7e-m/fpv4-sp/hard\libgcc.a
LOAD c:/st/stm32cubeide_1.5.0/stm32cubeide/plugins/com.st.stm32cube.ide.mcu.externaltools.gnu-tools-for-stm32.7-2018-q2-update.win32_1.5.0.202011040924/tools/bin/../lib/gcc/arm-none-eabi/7.3.1/../../../../arm-none-eabi/lib/thumb/v7e-m/fpv4-sp/hard\libc_nano.a
LOAD c:/st/stm32cubeide_1.5.0/stm32cubeide/plugins/com.st.stm32cube.ide.mcu.externaltools.gnu-tools-for-stm32.7-2018-q2-update.win32_1.5.0.202011040924/tools/bin/../lib/gcc/arm-none-eabi/7.3.1/../../../../arm-none-eabi/lib/thumb/v7e-m/fpv4-sp/hard\libnosys.a
END GROUP
LOAD c:/st/stm32cubeide_1.5.0/stm32cubeide/plugins/com.st.stm32cube.ide.mcu.externaltools.gnu-tools-for-stm32.7-2018-q2-update.win32_1.5.0.202011040924/tools/bin/../lib/gcc/arm-none-eabi/7.3.1/thumb/v7e-m/fpv4-sp/hard/crtend.o
LOAD c:/st/stm32cubeide_1.5.0/stm32cubeide/plugins/com.st.stm32cube.ide.mcu.externaltools.gnu-tools-for-stm32.7-2018-q2-update.win32_1.5.0.202011040924/tools/bin/../lib/gcc/arm-none-eabi/7.3.1/thumb/v7e-m/fpv4-sp/hard/crtn.o
                0x0000000020020000                _estack = (ORIGIN (RAM) + LENGTH (RAM))
                0x0000000000000200                _Min_Heap_Size = 0x200
                0x0000000000000400                _Min_Stack_Size = 0x400

.isr_vector     0x0000000008000000      0x198
                0x0000000008000000                . = ALIGN (0x4)
 *(.isr_vector)
 .isr_vector    0x0000000008000000      0x198 src/bsp/startup/startup_stm32f411ceux.o
                0x0000000008000000                g_pfnVectors
                0x0000000008000198                . = ALIGN (0x4)

.text           0x00000000080001a0    0x1407c
                0x00000000080001a0                . = ALIGN (0x4)
 *(.text)
 .text          0x00000000080001a0       0x40 c:/st/stm32cubeide_1.5.0/stm32cubeide/plugins/com.st.stm32cube.ide.mcu.externaltools.gnu-tools-for-stm32.7-2018-q2-update.win32_1.5.0.202011040924/tools/bin/../lib/gcc/arm-none-eabi/7.3.1/thumb/v7e-m/fpv4-sp/hard/crtbegin.o
 .text          0x00000000080001e0       0x14 c:/st/stm32cubeide_1.5.0/stm32cubeide/plugins/com.st.stm32cube.ide.mcu.externaltools.gnu-tools-for-stm32.7-2018-q2-update.win32_1.5.0.202011040924/tools/bin/../lib/gcc/arm-none-eabi/7.3.1/../../../../arm-none-eabi/lib/thumb/v7e-m/fpv4-sp/hard\libc_nano.a(lib_a-strcmp.o)
                0x00000000080001e0                strcmp
 .text          0x00000000080001f4       0x10 c:/st/stm32cubeide_1.5.0/stm32cubeide/plugins/com.st.stm32cube.ide.mcu.externaltools.gnu-tools-for-stm32.7-2018-q2-update.win32_1.5.0.202011040924/tools/bin/../lib/gcc/arm-none-eabi/7.3.1/../../../../arm-none-eabi/lib/thumb/v7e-m/fpv4-sp/hard\libc_nano.a(lib_a-strlen.o)
                0x00000000080001f4                strlen
 *fill*         0x0000000008000204        0xc 
 .text          0x0000000008000210       0xa0 c:/st/stm32cubeide_1.5.0/stm32cubeide/plugins/com.st.stm32cube.ide.mcu.externaltools.gnu-tools-for-stm32.7-2018-q2-update.win32_1.5.0.202011040924/tools/bin/../lib/gcc/arm-none-eabi/7.3.1/../../../../arm-none-eabi/lib/thumb/v7e-m/fpv4-sp/hard\libc_nano.a(lib_a-memchr.o)
                0x0000000008000210                memchr
 .text          0x00000000080002b0      0x378 c:/st/stm32cubeide_1.5.0/stm32cubeide/plugins/com.st.stm32cube.ide.mcu.externaltools.gnu-tools-for-stm32.7-2018-q2-update.win32_1.5.0.202011040924/tools/bin/../lib/gcc/arm-none-eabi/7.3.1/thumb/v7e-m/fpv4-sp/hard\libgcc.a(_arm_addsubdf3.o)
                0x00000000080002b0                __aeabi_drsub
                0x00000000080002b8                __aeabi_dsub
                0x00000000080002b8                __subdf3
                0x00000000080002bc                __aeabi_dadd
                0x00000000080002bc                __adddf3
                0x0000000008000534                __floatunsidf
                0x0000000008000534                __aeabi_ui2d
                0x0000000008000554                __floatsidf
                0x0000000008000554                __aeabi_i2d
                0x0000000008000578                __aeabi_f2d
                0x0000000008000578                __extendsfdf2
                0x00000000080005bc                __floatundidf
                0x00000000080005bc                __aeabi_ul2d
                0x00000000080005cc                __floatdidf
                0x00000000080005cc                __aeabi_l2d
 .text          0x0000000008000628      0x424 c:/st/stm32cubeide_1.5.0/stm32cubeide/plugins/com.st.stm32cube.ide.mcu.externaltools.gnu-tools-for-stm32.7-2018-q2-update.win32_1.5.0.202011040924/tools/bin/../lib/gcc/arm-none-eabi/7.3.1/thumb/v7e-m/fpv4-sp/hard\libgcc.a(_arm_muldivdf3.o)
                0x0000000008000628                __aeabi_dmul
                0x0000000008000628                __muldf3
                0x000000000800087c                __divdf3
                0x000000000800087c                __aeabi_ddiv
 .text          0x0000000008000a4c      0x110 c:/st/stm32cubeide_1.5.0/stm32cubeide/plugins/com.st.stm32cube.ide.mcu.externaltools.gnu-tools-for-stm32.7-2018-q2-update.win32_1.5.0.202011040924/tools/bin/../lib/gcc/arm-none-eabi/7.3.1/thumb/v7e-m/fpv4-sp/hard\libgcc.a(_arm_cmpdf2.o)
                0x0000000008000a4c                __gtdf2
                0x0000000008000a4c                __gedf2
                0x0000000008000a54                __ltdf2
                0x0000000008000a54                __ledf2
                0x0000000008000a5c                __nedf2
                0x0000000008000a5c                __eqdf2
                0x0000000008000a5c                __cmpdf2
                0x0000000008000ad8                __aeabi_cdrcmple
                0x0000000008000ae8                __aeabi_cdcmpeq
                0x0000000008000ae8                __aeabi_cdcmple
                0x0000000008000af8                __aeabi_dcmpeq
                0x0000000008000b0c                __aeabi_dcmplt
                0x0000000008000b20                __aeabi_dcmple
                0x0000000008000b34                __aeabi_dcmpge
                0x0000000008000b48                __aeabi_dcmpgt
 .text          0x0000000008000b5c       0x2c c:/st/stm32cubeide_1.5.0/stm32cubeide/plugins/com.st.stm32cube.ide.mcu.externaltools.gnu-tools-for-stm32.7-2018-q2-update.win32_1.5.0.202011040924/tools/bin/../lib/gcc/arm-none-eabi/7.3.1/thumb/v7e-m/fpv4-sp/hard\libgcc.a(_arm_unorddf2.o)
                0x0000000008000b5c                __unorddf2
                0x0000000008000b5c                __aeabi_dcmpun
 .text          0x0000000008000b88       0x50 c:/st/stm32cubeide_1.5.0/stm32cubeide/plugins/com.st.stm32cube.ide.mcu.externaltools.gnu-tools-for-stm32.7-2018-q2-update.win32_1.5.0.202011040924/tools/bin/../lib/gcc/arm-none-eabi/7.3.1/thumb/v7e-m/fpv4-sp/hard\libgcc.a(_arm_fixdfsi.o)
                0x0000000008000b88                __aeabi_d2iz
                0x0000000008000b88                __fixdfsi
 .text          0x0000000008000bd8       0x40 c:/st/stm32cubeide_1.5.0/stm32cubeide/plugins/com.st.stm32cube.ide.mcu.externaltools.gnu-tools-for-stm32.7-2018-q2-update.win32_1.5.0.202011040924/tools/bin/../lib/gcc/arm-none-eabi/7.3.1/thumb/v7e-m/fpv4-sp/hard\libgcc.a(_arm_fixunsdfsi.o)
                0x0000000008000bd8                __aeabi_d2uiz
                0x0000000008000bd8                __fixunsdfsi
 .text          0x0000000008000c18       0xa0 c:/st/stm32cubeide_1.5.0/stm32cubeide/plugins/com.st.stm32cube.ide.mcu.externaltools.gnu-tools-for-stm32.7-2018-q2-update.win32_1.5.0.202011040924/tools/bin/../lib/gcc/arm-none-eabi/7.3.1/thumb/v7e-m/fpv4-sp/hard\libgcc.a(_arm_truncdfsf2.o)
                0x0000000008000c18                __truncdfsf2
                0x0000000008000c18                __aeabi_d2f
 .text          0x0000000008000cb8       0x30 c:/st/stm32cubeide_1.5.0/stm32cubeide/plugins/com.st.stm32cube.ide.mcu.externaltools.gnu-tools-for-stm32.7-2018-q2-update.win32_1.5.0.202011040924/tools/bin/../lib/gcc/arm-none-eabi/7.3.1/thumb/v7e-m/fpv4-sp/hard\libgcc.a(_aeabi_uldivmod.o)
                0x0000000008000cb8                __aeabi_uldivmod
 .text          0x0000000008000ce8      0x2cc c:/st/stm32cubeide_1.5.0/stm32cubeide/plugins/com.st.stm32cube.ide.mcu.externaltools.gnu-tools-for-stm32.7-2018-q2-update.win32_1.5.0.202011040924/tools/bin/../lib/gcc/arm-none-eabi/7.3.1/thumb/v7e-m/fpv4-sp/hard\libgcc.a(_udivmoddi4.o)
                0x0000000008000ce8                __udivmoddi4
 .text          0x0000000008000fb4        0x4 c:/st/stm32cubeide_1.5.0/stm32cubeide/plugins/com.st.stm32cube.ide.mcu.externaltools.gnu-tools-for-stm32.7-2018-q2-update.win32_1.5.0.202011040924/tools/bin/../lib/gcc/arm-none-eabi/7.3.1/thumb/v7e-m/fpv4-sp/hard\libgcc.a(_dvmd_tls.o)
                0x0000000008000fb4                __aeabi_idiv0
                0x0000000008000fb4                __aeabi_ldiv0
 *(.text*)
 .text.apInit   0x0000000008000fb8       0x12 src/ap/ap.o
                0x0000000008000fb8                apInit
 .text.apMain   0x0000000008000fca       0x4e src/ap/ap.o
                0x0000000008000fca                apMain
 .text.lcdMain  0x0000000008001018      0x188 src/ap/ap.o
                0x0000000008001018                lcdMain
 .text.bspInit  0x00000000080011a0       0x54 src/bsp/bsp.o
                0x00000000080011a0                bspInit
 .text.delay    0x00000000080011f4       0x16 src/bsp/bsp.o
                0x00000000080011f4                delay
 .text.millis   0x000000000800120a        0xe src/bsp/bsp.o
                0x000000000800120a                millis
 .text.SystemClock_Config
                0x0000000008001218       0xd0 src/bsp/bsp.o
                0x0000000008001218                SystemClock_Config
 .text.Error_Handler
                0x00000000080012e8        0x8 src/bsp/bsp.o
                0x00000000080012e8                Error_Handler
 .text.HAL_MspInit
                0x00000000080012f0       0x50 src/bsp/stm32f4xx_hal_msp.o
                0x00000000080012f0                HAL_MspInit
 .text.NMI_Handler
                0x0000000008001340        0x6 src/bsp/stm32f4xx_it.o
                0x0000000008001340                NMI_Handler
 .text.HardFault_Handler
                0x0000000008001346        0x6 src/bsp/stm32f4xx_it.o
                0x0000000008001346                HardFault_Handler
 .text.MemManage_Handler
                0x000000000800134c        0x6 src/bsp/stm32f4xx_it.o
                0x000000000800134c                MemManage_Handler
 .text.BusFault_Handler
                0x0000000008001352        0x6 src/bsp/stm32f4xx_it.o
                0x0000000008001352                BusFault_Handler
 .text.UsageFault_Handler
                0x0000000008001358        0x6 src/bsp/stm32f4xx_it.o
                0x0000000008001358                UsageFault_Handler
 .text.SVC_Handler
                0x000000000800135e        0xe src/bsp/stm32f4xx_it.o
                0x000000000800135e                SVC_Handler
 .text.DebugMon_Handler
                0x000000000800136c        0xe src/bsp/stm32f4xx_it.o
                0x000000000800136c                DebugMon_Handler
 .text.PendSV_Handler
                0x000000000800137a        0xe src/bsp/stm32f4xx_it.o
                0x000000000800137a                PendSV_Handler
 .text.SysTick_Handler
                0x0000000008001388        0xc src/bsp/stm32f4xx_it.o
                0x0000000008001388                SysTick_Handler
 .text.ADC_IRQHandler
                0x0000000008001394       0x14 src/bsp/stm32f4xx_it.o
                0x0000000008001394                ADC_IRQHandler
 .text.TIM3_IRQHandler
                0x00000000080013a8       0x14 src/bsp/stm32f4xx_it.o
                0x00000000080013a8                TIM3_IRQHandler
 .text.SPI1_IRQHandler
                0x00000000080013bc       0x14 src/bsp/stm32f4xx_it.o
                0x00000000080013bc                SPI1_IRQHandler
 .text.USART1_IRQHandler
                0x00000000080013d0       0x14 src/bsp/stm32f4xx_it.o
                0x00000000080013d0                USART1_IRQHandler
 .text.SDIO_IRQHandler
                0x00000000080013e4       0x14 src/bsp/stm32f4xx_it.o
                0x00000000080013e4                SDIO_IRQHandler
 .text.DMA2_Stream0_IRQHandler
                0x00000000080013f8       0x14 src/bsp/stm32f4xx_it.o
                0x00000000080013f8                DMA2_Stream0_IRQHandler
 .text.DMA2_Stream2_IRQHandler
                0x000000000800140c       0x14 src/bsp/stm32f4xx_it.o
                0x000000000800140c                DMA2_Stream2_IRQHandler
 .text.DMA2_Stream3_IRQHandler
                0x0000000008001420       0x14 src/bsp/stm32f4xx_it.o
                0x0000000008001420                DMA2_Stream3_IRQHandler
 .text.DMA2_Stream5_IRQHandler
                0x0000000008001434       0x14 src/bsp/stm32f4xx_it.o
                0x0000000008001434                DMA2_Stream5_IRQHandler
 .text.DMA2_Stream6_IRQHandler
                0x0000000008001448       0x14 src/bsp/stm32f4xx_it.o
                0x0000000008001448                DMA2_Stream6_IRQHandler
 .text.DMA2_Stream7_IRQHandler
                0x000000000800145c       0x14 src/bsp/stm32f4xx_it.o
                0x000000000800145c                DMA2_Stream7_IRQHandler
 .text._sbrk    0x0000000008001470       0x6c src/bsp/sysmem.o
                0x0000000008001470                _sbrk
 .text.SystemInit
                0x00000000080014dc       0x2c src/bsp/system_stm32f4xx.o
                0x00000000080014dc                SystemInit
 .text.Reset_Handler
                0x0000000008001508       0x50 src/bsp/startup/startup_stm32f411ceux.o
                0x0000000008001508                Reset_Handler
 .text.Default_Handler
                0x0000000008001558        0x2 src/bsp/startup/startup_stm32f411ceux.o
                0x0000000008001558                RTC_Alarm_IRQHandler
                0x0000000008001558                EXTI2_IRQHandler
                0x0000000008001558                SPI4_IRQHandler
                0x0000000008001558                TIM1_CC_IRQHandler
                0x0000000008001558                DMA1_Stream5_IRQHandler
                0x0000000008001558                PVD_IRQHandler
                0x0000000008001558                TAMP_STAMP_IRQHandler
                0x0000000008001558                EXTI3_IRQHandler
                0x0000000008001558                TIM1_UP_TIM10_IRQHandler
                0x0000000008001558                I2C3_ER_IRQHandler
                0x0000000008001558                EXTI0_IRQHandler
                0x0000000008001558                I2C2_EV_IRQHandler
                0x0000000008001558                DMA1_Stream2_IRQHandler
                0x0000000008001558                FPU_IRQHandler
                0x0000000008001558                TIM1_BRK_TIM9_IRQHandler
                0x0000000008001558                USART6_IRQHandler
                0x0000000008001558                TIM4_IRQHandler
                0x0000000008001558                I2C1_EV_IRQHandler
                0x0000000008001558                DMA1_Stream6_IRQHandler
                0x0000000008001558                DMA1_Stream1_IRQHandler
                0x0000000008001558                RCC_IRQHandler
                0x0000000008001558                Default_Handler
                0x0000000008001558                EXTI15_10_IRQHandler
                0x0000000008001558                DMA1_Stream7_IRQHandler
                0x0000000008001558                SPI5_IRQHandler
                0x0000000008001558                TIM5_IRQHandler
                0x0000000008001558                I2C3_EV_IRQHandler
                0x0000000008001558                EXTI9_5_IRQHandler
                0x0000000008001558                RTC_WKUP_IRQHandler
                0x0000000008001558                SPI2_IRQHandler
                0x0000000008001558                DMA1_Stream0_IRQHandler
                0x0000000008001558                EXTI4_IRQHandler
                0x0000000008001558                WWDG_IRQHandler
                0x0000000008001558                TIM2_IRQHandler
                0x0000000008001558                OTG_FS_WKUP_IRQHandler
                0x0000000008001558                TIM1_TRG_COM_TIM11_IRQHandler
                0x0000000008001558                EXTI1_IRQHandler
                0x0000000008001558                USART2_IRQHandler
                0x0000000008001558                I2C2_ER_IRQHandler
                0x0000000008001558                DMA2_Stream1_IRQHandler
                0x0000000008001558                FLASH_IRQHandler
                0x0000000008001558                DMA2_Stream4_IRQHandler
                0x0000000008001558                OTG_FS_IRQHandler
                0x0000000008001558                SPI3_IRQHandler
                0x0000000008001558                DMA1_Stream4_IRQHandler
                0x0000000008001558                I2C1_ER_IRQHandler
                0x0000000008001558                DMA1_Stream3_IRQHandler
 .text.qbufferCreate
                0x000000000800155a       0x36 src/common/core/qbuffer.o
                0x000000000800155a                qbufferCreate
 .text.qbufferRead
                0x0000000008001590       0x7a src/common/core/qbuffer.o
                0x0000000008001590                qbufferRead
 .text.qbufferAvailable
                0x000000000800160a       0x30 src/common/core/qbuffer.o
                0x000000000800160a                qbufferAvailable
 *fill*         0x000000000800163a        0x2 
 .text.DWT_Delay_Init
                0x000000000800163c       0x60 src/common/core/user_delay.o
                0x000000000800163c                DWT_Delay_Init
 .text.buttonInit
                0x000000000800169c       0xa0 src/hw/driver/button.o
                0x000000000800169c                buttonInit
 .text.buttonGetPressed
                0x000000000800173c       0xe0 src/hw/driver/button.o
                0x000000000800173c                buttonGetPressed
 .text.cliButton
                0x000000000800181c       0x90 src/hw/driver/button.o
 .text.cliInit  0x00000000080018ac       0x98 src/hw/driver/cli.o
                0x00000000080018ac                cliInit
 .text.cliOpen  0x0000000008001944       0x3c src/hw/driver/cli.o
                0x0000000008001944                cliOpen
 .text.cliShowLog
                0x0000000008001980      0x104 src/hw/driver/cli.o
                0x0000000008001980                cliShowLog
 .text.cliShowPrompt
                0x0000000008001a84       0x30 src/hw/driver/cli.o
 .text.cliMain  0x0000000008001ab4       0x44 src/hw/driver/cli.o
                0x0000000008001ab4                cliMain
 .text.cliUpdate
                0x0000000008001af8      0x4c8 src/hw/driver/cli.o
 .text.cliLineClean
                0x0000000008001fc0       0x34 src/hw/driver/cli.o
 .text.cliLineAdd
                0x0000000008001ff4       0x88 src/hw/driver/cli.o
 .text.cliLineChange
                0x000000000800207c      0x114 src/hw/driver/cli.o
 .text.cliRunCmd
                0x0000000008002190       0xb4 src/hw/driver/cli.o
 .text.cliParseArgs
                0x0000000008002244       0x90 src/hw/driver/cli.o
 .text.cliPrintf
                0x00000000080022d4       0x48 src/hw/driver/cli.o
                0x00000000080022d4                cliPrintf
 .text.cliToUpper
                0x000000000800231c       0x68 src/hw/driver/cli.o
 .text.cliArgsGetData
                0x0000000008002384       0x50 src/hw/driver/cli.o
 .text.cliArgsGetFloat
                0x00000000080023d4       0x58 src/hw/driver/cli.o
 .text.cliArgsGetStr
                0x000000000800242c       0x48 src/hw/driver/cli.o
 .text.cliArgsIsStr
                0x0000000008002474       0x54 src/hw/driver/cli.o
 .text.cliKeepLoop
                0x00000000080024c8       0x2c src/hw/driver/cli.o
                0x00000000080024c8                cliKeepLoop
 .text.cliAdd   0x00000000080024f4       0x94 src/hw/driver/cli.o
                0x00000000080024f4                cliAdd
 .text.cliShowList
                0x0000000008002588       0x70 src/hw/driver/cli.o
                0x0000000008002588                cliShowList
 .text.cliMemoryDump
                0x00000000080025f8      0x144 src/hw/driver/cli.o
                0x00000000080025f8                cliMemoryDump
 .text.Ds18b20_Init
                0x000000000800273c      0x100 src/hw/driver/ds18b20.o
                0x000000000800273c                Ds18b20_Init
 .text.DS18B20_SetResolution
                0x000000000800283c      0x110 src/hw/driver/ds18b20.o
                0x000000000800283c                DS18B20_SetResolution
 .text.DS18B20_Is
                0x000000000800294c       0x22 src/hw/driver/ds18b20.o
                0x000000000800294c                DS18B20_Is
 .text.DS18B20_DisableAlarmTemperature
                0x000000000800296e       0xb6 src/hw/driver/ds18b20.o
                0x000000000800296e                DS18B20_DisableAlarmTemperature
 .text.fatfsInit
                0x0000000008002a24       0x58 src/hw/driver/fatfs.o
                0x0000000008002a24                fatfsInit
 .text.fatfsDir
                0x0000000008002a7c       0xb0 src/hw/driver/fatfs.o
                0x0000000008002a7c                fatfsDir
 .text.cliFatfs
                0x0000000008002b2c      0x2a8 src/hw/driver/fatfs.o
 .text.gpioInit
                0x0000000008002dd4       0xb0 src/hw/driver/gpio.o
                0x0000000008002dd4                gpioInit
 .text.gpioPinMode
                0x0000000008002e84       0xe4 src/hw/driver/gpio.o
                0x0000000008002e84                gpioPinMode
 .text.gpioPinWrite
                0x0000000008002f68       0xa8 src/hw/driver/gpio.o
                0x0000000008002f68                gpioPinWrite
 .text.gpioPinRead
                0x0000000008003010       0x70 src/hw/driver/gpio.o
                0x0000000008003010                gpioPinRead
 .text.cliGpio  0x0000000008003080      0x160 src/hw/driver/gpio.o
 .text.TransferDoneISR
                0x00000000080031e0       0x50 src/hw/driver/lcd.o
                0x00000000080031e0                TransferDoneISR
 .text.lcdInit  0x0000000008003230       0xc8 src/hw/driver/lcd.o
                0x0000000008003230                lcdInit
 .text.lcdIsInit
                0x00000000080032f8       0x18 src/hw/driver/lcd.o
                0x00000000080032f8                lcdIsInit
 .text.lcdSetBackLight
                0x0000000008003310       0x4c src/hw/driver/lcd.o
                0x0000000008003310                lcdSetBackLight
 .text.lcdDrawPixel
                0x000000000800335c       0x18 src/hw/driver/lcd.o
                0x000000000800335c                lcdDrawPixel
 .text.lcdClearBuffer
                0x0000000008003374       0x1c src/hw/driver/lcd.o
                0x0000000008003374                lcdClearBuffer
 .text.lcdDrawCircleHelper
                0x0000000008003390      0x140 src/hw/driver/lcd.o
                0x0000000008003390                lcdDrawCircleHelper
 .text.lcdDrawRoundRect
                0x00000000080034d0       0xfe src/hw/driver/lcd.o
                0x00000000080034d0                lcdDrawRoundRect
 .text.lcdDrawFillCircleHelper
                0x00000000080035ce      0x104 src/hw/driver/lcd.o
                0x00000000080035ce                lcdDrawFillCircleHelper
 .text.lcdDrawFillRoundRect
                0x00000000080036d2       0x66 src/hw/driver/lcd.o
                0x00000000080036d2                lcdDrawFillRoundRect
 .text.lcdGetFps
                0x0000000008003738       0x18 src/hw/driver/lcd.o
                0x0000000008003738                lcdGetFps
 .text.lcdGetFpsTime
                0x0000000008003750       0x18 src/hw/driver/lcd.o
                0x0000000008003750                lcdGetFpsTime
 .text.lcdDrawAvailable
                0x0000000008003768       0x2c src/hw/driver/lcd.o
                0x0000000008003768                lcdDrawAvailable
 .text.lcdRequestDraw
                0x0000000008003794       0x70 src/hw/driver/lcd.o
                0x0000000008003794                lcdRequestDraw
 .text.lcdUpdateDraw
                0x0000000008003804       0x58 src/hw/driver/lcd.o
                0x0000000008003804                lcdUpdateDraw
 .text.lcdGetFrameBuffer
                0x000000000800385c       0x18 src/hw/driver/lcd.o
                0x000000000800385c                lcdGetFrameBuffer
 .text.lcdDrawLine
                0x0000000008003874      0x16a src/hw/driver/lcd.o
                0x0000000008003874                lcdDrawLine
 .text.lcdDrawVLine
                0x00000000080039de       0x4a src/hw/driver/lcd.o
                0x00000000080039de                lcdDrawVLine
 .text.lcdDrawHLine
                0x0000000008003a28       0x4a src/hw/driver/lcd.o
                0x0000000008003a28                lcdDrawHLine
 .text.lcdDrawFillRect
                0x0000000008003a72       0x5c src/hw/driver/lcd.o
                0x0000000008003a72                lcdDrawFillRect
 *fill*         0x0000000008003ace        0x2 
 .text.lcdPrintf
                0x0000000008003ad0      0x1e8 src/hw/driver/lcd.o
                0x0000000008003ad0                lcdPrintf
 .text.disHanFont
                0x0000000008003cb8       0xa8 src/hw/driver/lcd.o
 .text.disEngFont
                0x0000000008003d60       0x96 src/hw/driver/lcd.o
 *fill*         0x0000000008003df6        0x2 
 .text.lcdSetFont
                0x0000000008003df8       0x20 src/hw/driver/lcd.o
                0x0000000008003df8                lcdSetFont
 .text.cliLcd   0x0000000008003e18      0x10c src/hw/driver/lcd.o
 .text.ledInit  0x0000000008003f24       0x9c src/hw/driver/led.o
                0x0000000008003f24                ledInit
 .text.ledOn    0x0000000008003fc0       0x40 src/hw/driver/led.o
                0x0000000008003fc0                ledOn
 .text.ledOff   0x0000000008004000       0x40 src/hw/driver/led.o
                0x0000000008004000                ledOff
 .text.ledToggle
                0x0000000008004040       0x38 src/hw/driver/led.o
                0x0000000008004040                ledToggle
 .text.cliLed   0x0000000008004078       0xa0 src/hw/driver/led.o
 .text.DWT_Delay_us
                0x0000000008004118       0x44 src/hw/driver/onewire.o
 .text.ONEWIRE_LOW
                0x000000000800415c       0x20 src/hw/driver/onewire.o
                0x000000000800415c                ONEWIRE_LOW
 .text.ONEWIRE_HIGH
                0x000000000800417c       0x1e src/hw/driver/onewire.o
                0x000000000800417c                ONEWIRE_HIGH
 .text.ONEWIRE_INPUT
                0x000000000800419a       0x32 src/hw/driver/onewire.o
                0x000000000800419a                ONEWIRE_INPUT
 .text.ONEWIRE_OUTPUT
                0x00000000080041cc       0x32 src/hw/driver/onewire.o
                0x00000000080041cc                ONEWIRE_OUTPUT
 .text.OneWire_Init
                0x00000000080041fe       0x52 src/hw/driver/onewire.o
                0x00000000080041fe                OneWire_Init
 .text.OneWire_Reset
                0x0000000008004250       0x54 src/hw/driver/onewire.o
                0x0000000008004250                OneWire_Reset
 .text.OneWire_WriteBit
                0x00000000080042a4       0x64 src/hw/driver/onewire.o
                0x00000000080042a4                OneWire_WriteBit
 .text.OneWire_ReadBit
                0x0000000008004308       0x54 src/hw/driver/onewire.o
                0x0000000008004308                OneWire_ReadBit
 .text.OneWire_WriteByte
                0x000000000800435c       0x3a src/hw/driver/onewire.o
                0x000000000800435c                OneWire_WriteByte
 .text.OneWire_ReadByte
                0x0000000008004396       0x42 src/hw/driver/onewire.o
                0x0000000008004396                OneWire_ReadByte
 .text.OneWire_First
                0x00000000080043d8       0x20 src/hw/driver/onewire.o
                0x00000000080043d8                OneWire_First
 .text.OneWire_Next
                0x00000000080043f8       0x1a src/hw/driver/onewire.o
                0x00000000080043f8                OneWire_Next
 .text.OneWire_ResetSearch
                0x0000000008004412       0x26 src/hw/driver/onewire.o
                0x0000000008004412                OneWire_ResetSearch
 .text.OneWire_Search
                0x0000000008004438      0x18c src/hw/driver/onewire.o
                0x0000000008004438                OneWire_Search
 .text.OneWire_SelectWithPointer
                0x00000000080045c4       0x3c src/hw/driver/onewire.o
                0x00000000080045c4                OneWire_SelectWithPointer
 .text.OneWire_GetFullROM
                0x0000000008004600       0x38 src/hw/driver/onewire.o
                0x0000000008004600                OneWire_GetFullROM
 .text.sdInit   0x0000000008004638       0x98 src/hw/driver/sd.o
                0x0000000008004638                sdInit
 .text.sdIsInit
                0x00000000080046d0       0x18 src/hw/driver/sd.o
                0x00000000080046d0                sdIsInit
 .text.sdIsDetected
                0x00000000080046e8       0x2c src/hw/driver/sd.o
                0x00000000080046e8                sdIsDetected
 .text.sdGetInfo
                0x0000000008004714       0xac src/hw/driver/sd.o
                0x0000000008004714                sdGetInfo
 .text.sdIsBusy
                0x00000000080047c0       0x2c src/hw/driver/sd.o
                0x00000000080047c0                sdIsBusy
 .text.sdIsReady
                0x00000000080047ec       0x3e src/hw/driver/sd.o
                0x00000000080047ec                sdIsReady
 *fill*         0x000000000800482a        0x2 
 .text.sdReadBlocks
                0x000000000800482c       0x94 src/hw/driver/sd.o
                0x000000000800482c                sdReadBlocks
 .text.sdWriteBlocks
                0x00000000080048c0       0x98 src/hw/driver/sd.o
                0x00000000080048c0                sdWriteBlocks
 .text.HAL_SD_RxCpltCallback
                0x0000000008004958       0x20 src/hw/driver/sd.o
                0x0000000008004958                HAL_SD_RxCpltCallback
 .text.HAL_SD_TxCpltCallback
                0x0000000008004978       0x20 src/hw/driver/sd.o
                0x0000000008004978                HAL_SD_TxCpltCallback
 .text.HAL_SD_MspInit
                0x0000000008004998      0x21c src/hw/driver/sd.o
                0x0000000008004998                HAL_SD_MspInit
 .text.cliSd    0x0000000008004bb4      0x214 src/hw/driver/sd.o
 .text.DWT_Delay_us
                0x0000000008004dc8       0x44 src/hw/driver/sonar.o
 .text.sonarInit
                0x0000000008004e0c       0xf4 src/hw/driver/sonar.o
                0x0000000008004e0c                sonarInit
 .text.Sonar_measure
                0x0000000008004f00      0x198 src/hw/driver/sonar.o
                0x0000000008004f00                Sonar_measure
 .text.HAL_TIM_Base_MspInit
                0x0000000008005098       0xa0 src/hw/driver/sonar.o
                0x0000000008005098                HAL_TIM_Base_MspInit
 .text.HAL_TIM_IC_CaptureCallback
                0x0000000008005138       0x7c src/hw/driver/sonar.o
                0x0000000008005138                HAL_TIM_IC_CaptureCallback
 .text.spiInit  0x00000000080051b4       0xa4 src/hw/driver/spi.o
                0x00000000080051b4                spiInit
 .text.spiBegin
                0x0000000008005258       0xb8 src/hw/driver/spi.o
                0x0000000008005258                spiBegin
 .text.spiSetDataMode
                0x0000000008005310       0xcc src/hw/driver/spi.o
                0x0000000008005310                spiSetDataMode
 .text.spiSetBitWidth
                0x00000000080053dc       0x60 src/hw/driver/spi.o
                0x00000000080053dc                spiSetBitWidth
 .text.spiTransfer8
                0x000000000800543c       0x54 src/hw/driver/spi.o
                0x000000000800543c                spiTransfer8
 .text.spiDmaTxStart
                0x0000000008005490       0x50 src/hw/driver/spi.o
                0x0000000008005490                spiDmaTxStart
 .text.spiDmaTxTransfer
                0x00000000080054e0       0x60 src/hw/driver/spi.o
                0x00000000080054e0                spiDmaTxTransfer
 .text.spiDmaTxIsDone
                0x0000000008005540       0x40 src/hw/driver/spi.o
                0x0000000008005540                spiDmaTxIsDone
 .text.spiAttachTxInterrupt
                0x0000000008005580       0x44 src/hw/driver/spi.o
                0x0000000008005580                spiAttachTxInterrupt
 .text.HAL_SPI_ErrorCallback
                0x00000000080055c4       0x2c src/hw/driver/spi.o
                0x00000000080055c4                HAL_SPI_ErrorCallback
 .text.HAL_SPI_TxCpltCallback
                0x00000000080055f0       0x3c src/hw/driver/spi.o
                0x00000000080055f0                HAL_SPI_TxCpltCallback
 .text.HAL_SPI_MspInit
                0x000000000800562c      0x134 src/hw/driver/spi.o
                0x000000000800562c                HAL_SPI_MspInit
 .text.HAL_SPI_MspDeInit
                0x0000000008005760       0x4c src/hw/driver/spi.o
                0x0000000008005760                HAL_SPI_MspDeInit
 .text.tdsInit  0x00000000080057ac       0xe8 src/hw/driver/tds.o
                0x00000000080057ac                tdsInit
 *fill*         0x0000000008005894        0x4 
 .text.tds_measure
                0x0000000008005898      0x264 src/hw/driver/tds.o
                0x0000000008005898                tds_measure
 .text.HAL_ADC_MspInit
                0x0000000008005afc      0x12c src/hw/driver/tds.o
                0x0000000008005afc                HAL_ADC_MspInit
 .text.uartInit
                0x0000000008005c28       0x34 src/hw/driver/uart.o
                0x0000000008005c28                uartInit
 .text.uartOpen
                0x0000000008005c5c      0x224 src/hw/driver/uart.o
                0x0000000008005c5c                uartOpen
 .text.uartAvailable
                0x0000000008005e80       0x8c src/hw/driver/uart.o
                0x0000000008005e80                uartAvailable
 .text.uartRead
                0x0000000008005f0c       0x4c src/hw/driver/uart.o
                0x0000000008005f0c                uartRead
 .text.uartWrite
                0x0000000008005f58       0x70 src/hw/driver/uart.o
                0x0000000008005f58                uartWrite
 .text.uartPrintf
                0x0000000008005fc8       0x5c src/hw/driver/uart.o
                0x0000000008005fc8                uartPrintf
 .text.HAL_UART_ErrorCallback
                0x0000000008006024       0x14 src/hw/driver/uart.o
                0x0000000008006024                HAL_UART_ErrorCallback
 .text.HAL_UART_RxCpltCallback
                0x0000000008006038       0x14 src/hw/driver/uart.o
                0x0000000008006038                HAL_UART_RxCpltCallback
 .text.HAL_UART_MspInit
                0x000000000800604c      0x1ac src/hw/driver/uart.o
                0x000000000800604c                HAL_UART_MspInit
 .text.HAL_UART_MspDeInit
                0x00000000080061f8       0x64 src/hw/driver/uart.o
                0x00000000080061f8                HAL_UART_MspDeInit
 .text.SD_CheckStatus
                0x000000000800625c       0x84 src/hw/driver/fatfs/sd_diskio.o
 .text.SD_initialize
                0x00000000080062e0       0x44 src/hw/driver/fatfs/sd_diskio.o
                0x00000000080062e0                SD_initialize
 .text.SD_status
                0x0000000008006324       0x1c src/hw/driver/fatfs/sd_diskio.o
                0x0000000008006324                SD_status
 .text.SD_read  0x0000000008006340       0x36 src/hw/driver/fatfs/sd_diskio.o
                0x0000000008006340                SD_read
 .text.SD_write
                0x0000000008006376       0x36 src/hw/driver/fatfs/sd_diskio.o
                0x0000000008006376                SD_write
 .text.SD_ioctl
                0x00000000080063ac       0xb0 src/hw/driver/fatfs/sd_diskio.o
                0x00000000080063ac                SD_ioctl
 .text.hanFontLoad
                0x000000000800645c       0xc8 src/hw/driver/hangul/han.o
                0x000000000800645c                hanFontLoad
 .text.hanWanFontLoad
                0x0000000008006524      0x1fc src/hw/driver/hangul/han.o
                0x0000000008006524                hanWanFontLoad
 .text.hanUniFontLoad
                0x0000000008006720      0x250 src/hw/driver/hangul/han.o
                0x0000000008006720                hanUniFontLoad
 .text.hanEngFontLoad
                0x0000000008006970       0x54 src/hw/driver/hangul/han.o
                0x0000000008006970                hanEngFontLoad
 .text.hanCnvCodeWan2Johab
                0x00000000080069c4       0x44 src/hw/driver/hangul/han.o
                0x00000000080069c4                hanCnvCodeWan2Johab
 .text.TransferDoneISR
                0x0000000008006a08       0x38 src/hw/driver/lcd/st7735.o
 .text.st7735Init
                0x0000000008006a40       0x18 src/hw/driver/lcd/st7735.o
                0x0000000008006a40                st7735Init
 .text.st7735InitDriver
                0x0000000008006a58       0x5c src/hw/driver/lcd/st7735.o
                0x0000000008006a58                st7735InitDriver
 .text.st7735Reset
                0x0000000008006ab4       0x78 src/hw/driver/lcd/st7735.o
 .text.st7735GetWidth
                0x0000000008006b2c       0x10 src/hw/driver/lcd/st7735.o
                0x0000000008006b2c                st7735GetWidth
 .text.st7735GetHeight
                0x0000000008006b3c       0x10 src/hw/driver/lcd/st7735.o
                0x0000000008006b3c                st7735GetHeight
 .text.writecommand
                0x0000000008006b4c       0x3c src/hw/driver/lcd/st7735.o
 .text.writedata
                0x0000000008006b88       0x3c src/hw/driver/lcd/st7735.o
 .text.st7735InitRegs
                0x0000000008006bc4      0x15e src/hw/driver/lcd/st7735.o
 *fill*         0x0000000008006d22        0x2 
 .text.st7735SetRotation
                0x0000000008006d24       0x54 src/hw/driver/lcd/st7735.o
 .text.st7735SetWindow
                0x0000000008006d78       0x98 src/hw/driver/lcd/st7735.o
                0x0000000008006d78                st7735SetWindow
 .text.st7735FillRect
                0x0000000008006e10      0x170 src/hw/driver/lcd/st7735.o
 .text.st7735SendBuffer
                0x0000000008006f80       0x4c src/hw/driver/lcd/st7735.o
                0x0000000008006f80                st7735SendBuffer
 .text.st7735SetCallBack
                0x0000000008006fcc       0x20 src/hw/driver/lcd/st7735.o
                0x0000000008006fcc                st7735SetCallBack
 .text.hwInit   0x0000000008006fec       0x46 src/hw/hw.o
                0x0000000008006fec                hwInit
 *fill*         0x0000000008007032        0x2 
 .text.disk_status
                0x0000000008007034       0x34 src/lib/FatFs/src/diskio.o
                0x0000000008007034                disk_status
 .text.disk_initialize
                0x0000000008007068       0x4c src/lib/FatFs/src/diskio.o
                0x0000000008007068                disk_initialize
 .text.disk_read
                0x00000000080070b4       0x40 src/lib/FatFs/src/diskio.o
                0x00000000080070b4                disk_read
 .text.disk_write
                0x00000000080070f4       0x40 src/lib/FatFs/src/diskio.o
                0x00000000080070f4                disk_write
 .text.disk_ioctl
                0x0000000008007134       0x3c src/lib/FatFs/src/diskio.o
                0x0000000008007134                disk_ioctl
 .text.get_fattime
                0x0000000008007170       0x10 src/lib/FatFs/src/diskio.o
                0x0000000008007170                get_fattime
 .text.ld_word  0x0000000008007180       0x30 src/lib/FatFs/src/ff.o
 .text.ld_dword
                0x00000000080071b0       0x46 src/lib/FatFs/src/ff.o
 .text.st_word  0x00000000080071f6       0x36 src/lib/FatFs/src/ff.o
 .text.st_dword
                0x000000000800722c       0x58 src/lib/FatFs/src/ff.o
 .text.mem_cpy  0x0000000008007284       0x42 src/lib/FatFs/src/ff.o
 .text.mem_set  0x00000000080072c6       0x34 src/lib/FatFs/src/ff.o
 .text.mem_cmp  0x00000000080072fa       0x4e src/lib/FatFs/src/ff.o
 .text.chk_chr  0x0000000008007348       0x36 src/lib/FatFs/src/ff.o
 *fill*         0x000000000800737e        0x2 
 .text.chk_lock
                0x0000000008007380       0xb8 src/lib/FatFs/src/ff.o
 .text.enq_lock
                0x0000000008007438       0x44 src/lib/FatFs/src/ff.o
 .text.inc_lock
                0x000000000800747c      0x11c src/lib/FatFs/src/ff.o
 .text.dec_lock
                0x0000000008007598       0x78 src/lib/FatFs/src/ff.o
 .text.clear_lock
                0x0000000008007610       0x48 src/lib/FatFs/src/ff.o
 .text.sync_window
                0x0000000008007658       0x88 src/lib/FatFs/src/ff.o
 .text.move_window
                0x00000000080076e0       0x5a src/lib/FatFs/src/ff.o
 *fill*         0x000000000800773a        0x2 
 .text.sync_fs  0x000000000800773c       0xdc src/lib/FatFs/src/ff.o
 .text.clust2sect
                0x0000000008007818       0x3e src/lib/FatFs/src/ff.o
 .text.get_fat  0x0000000008007856      0x14a src/lib/FatFs/src/ff.o
 .text.put_fat  0x00000000080079a0      0x1ce src/lib/FatFs/src/ff.o
 .text.remove_chain
                0x0000000008007b6e       0xca src/lib/FatFs/src/ff.o
 .text.create_chain
                0x0000000008007c38      0x130 src/lib/FatFs/src/ff.o
 .text.clmt_clust
                0x0000000008007d68       0x68 src/lib/FatFs/src/ff.o
 .text.dir_sdi  0x0000000008007dd0       0xf6 src/lib/FatFs/src/ff.o
 .text.dir_next
                0x0000000008007ec6      0x18a src/lib/FatFs/src/ff.o
 .text.dir_alloc
                0x0000000008008050       0x8e src/lib/FatFs/src/ff.o
 .text.ld_clust
                0x00000000080080de       0x3e src/lib/FatFs/src/ff.o
 .text.st_clust
                0x000000000800811c       0x40 src/lib/FatFs/src/ff.o
 .text.cmp_lfn  0x000000000800815c       0xe0 src/lib/FatFs/src/ff.o
 .text.pick_lfn
                0x000000000800823c       0xc8 src/lib/FatFs/src/ff.o
 .text.put_lfn  0x0000000008008304       0xd0 src/lib/FatFs/src/ff.o
 .text.gen_numname
                0x00000000080083d4      0x11e src/lib/FatFs/src/ff.o
 .text.sum_sfn  0x00000000080084f2       0x42 src/lib/FatFs/src/ff.o
 .text.dir_read
                0x0000000008008534      0x14e src/lib/FatFs/src/ff.o
 .text.dir_find
                0x0000000008008682      0x180 src/lib/FatFs/src/ff.o
 *fill*         0x0000000008008802        0x2 
 .text.dir_register
                0x0000000008008804      0x1f0 src/lib/FatFs/src/ff.o
 .text.get_fileinfo
                0x00000000080089f4      0x1ba src/lib/FatFs/src/ff.o
 *fill*         0x0000000008008bae        0x2 
 .text.create_name
                0x0000000008008bb0      0x370 src/lib/FatFs/src/ff.o
 .text.follow_path
                0x0000000008008f20       0xe2 src/lib/FatFs/src/ff.o
 .text.get_ldnumber
                0x0000000008009002       0x88 src/lib/FatFs/src/ff.o
 *fill*         0x000000000800908a        0x2 
 .text.check_fs
                0x000000000800908c       0xac src/lib/FatFs/src/ff.o
 .text.find_volume
                0x0000000008009138      0x498 src/lib/FatFs/src/ff.o
 .text.validate
                0x00000000080095d0       0x6a src/lib/FatFs/src/ff.o
 *fill*         0x000000000800963a        0x2 
 .text.f_mount  0x000000000800963c       0x8c src/lib/FatFs/src/ff.o
                0x000000000800963c                f_mount
 .text.f_open   0x00000000080096c8      0x39c src/lib/FatFs/src/ff.o
                0x00000000080096c8                f_open
 .text.f_read   0x0000000008009a64      0x27e src/lib/FatFs/src/ff.o
                0x0000000008009a64                f_read
 .text.f_write  0x0000000008009ce2      0x2ea src/lib/FatFs/src/ff.o
                0x0000000008009ce2                f_write
 .text.f_sync   0x0000000008009fcc       0xfc src/lib/FatFs/src/ff.o
                0x0000000008009fcc                f_sync
 .text.f_close  0x000000000800a0c8       0x54 src/lib/FatFs/src/ff.o
                0x000000000800a0c8                f_close
 .text.f_lseek  0x000000000800a11c      0x412 src/lib/FatFs/src/ff.o
                0x000000000800a11c                f_lseek
 .text.f_opendir
                0x000000000800a52e      0x106 src/lib/FatFs/src/ff.o
                0x000000000800a52e                f_opendir
 .text.f_closedir
                0x000000000800a634       0x4c src/lib/FatFs/src/ff.o
                0x000000000800a634                f_closedir
 .text.f_readdir
                0x000000000800a680       0x9a src/lib/FatFs/src/ff.o
                0x000000000800a680                f_readdir
 .text.f_getfree
                0x000000000800a71a      0x16a src/lib/FatFs/src/ff.o
                0x000000000800a71a                f_getfree
 .text.putc_bfd
                0x000000000800a884       0x7a src/lib/FatFs/src/ff.o
 .text.putc_flush
                0x000000000800a8fe       0x4c src/lib/FatFs/src/ff.o
 .text.putc_init
                0x000000000800a94a       0x2a src/lib/FatFs/src/ff.o
 .text.f_printf
                0x000000000800a974      0x440 src/lib/FatFs/src/ff.o
                0x000000000800a974                f_printf
 .text.FATFS_LinkDriverEx
                0x000000000800adb4       0x98 src/lib/FatFs/src/ff_gen_drv.o
                0x000000000800adb4                FATFS_LinkDriverEx
 .text.FATFS_LinkDriver
                0x000000000800ae4c       0x1e src/lib/FatFs/src/ff_gen_drv.o
                0x000000000800ae4c                FATFS_LinkDriver
 .text.ff_memalloc
                0x000000000800ae6a       0x18 src/lib/FatFs/src/option/syscall.o
                0x000000000800ae6a                ff_memalloc
 .text.ff_memfree
                0x000000000800ae82       0x16 src/lib/FatFs/src/option/syscall.o
                0x000000000800ae82                ff_memfree
 .text.ff_convert
                0x000000000800ae98       0x78 src/lib/FatFs/src/option/unicode.o
                0x000000000800ae98                ff_convert
 .text.ff_wtoupper
                0x000000000800af10      0x114 src/lib/FatFs/src/option/unicode.o
                0x000000000800af10                ff_wtoupper
 .text.HAL_Init
                0x000000000800b024       0x44 src/lib/f411/Drivers/STM32F4xx_HAL_Driver/Src/stm32f4xx_hal.o
                0x000000000800b024                HAL_Init
 .text.HAL_InitTick
                0x000000000800b068       0x60 src/lib/f411/Drivers/STM32F4xx_HAL_Driver/Src/stm32f4xx_hal.o
                0x000000000800b068                HAL_InitTick
 .text.HAL_IncTick
                0x000000000800b0c8       0x28 src/lib/f411/Drivers/STM32F4xx_HAL_Driver/Src/stm32f4xx_hal.o
                0x000000000800b0c8                HAL_IncTick
 .text.HAL_GetTick
                0x000000000800b0f0       0x18 src/lib/f411/Drivers/STM32F4xx_HAL_Driver/Src/stm32f4xx_hal.o
                0x000000000800b0f0                HAL_GetTick
 .text.HAL_Delay
                0x000000000800b108       0x44 src/lib/f411/Drivers/STM32F4xx_HAL_Driver/Src/stm32f4xx_hal.o
                0x000000000800b108                HAL_Delay
 .text.HAL_ADC_Init
                0x000000000800b14c       0x86 src/lib/f411/Drivers/STM32F4xx_HAL_Driver/Src/stm32f4xx_hal_adc.o
                0x000000000800b14c                HAL_ADC_Init
 .text.HAL_ADC_IRQHandler
                0x000000000800b1d2      0x282 src/lib/f411/Drivers/STM32F4xx_HAL_Driver/Src/stm32f4xx_hal_adc.o
                0x000000000800b1d2                HAL_ADC_IRQHandler
 .text.HAL_ADC_Start_DMA
                0x000000000800b454      0x1a8 src/lib/f411/Drivers/STM32F4xx_HAL_Driver/Src/stm32f4xx_hal_adc.o
                0x000000000800b454                HAL_ADC_Start_DMA
 .text.HAL_ADC_ConvCpltCallback
                0x000000000800b5fc       0x14 src/lib/f411/Drivers/STM32F4xx_HAL_Driver/Src/stm32f4xx_hal_adc.o
                0x000000000800b5fc                HAL_ADC_ConvCpltCallback
 .text.HAL_ADC_ConvHalfCpltCallback
                0x000000000800b610       0x14 src/lib/f411/Drivers/STM32F4xx_HAL_Driver/Src/stm32f4xx_hal_adc.o
                0x000000000800b610                HAL_ADC_ConvHalfCpltCallback
 .text.HAL_ADC_LevelOutOfWindowCallback
                0x000000000800b624       0x14 src/lib/f411/Drivers/STM32F4xx_HAL_Driver/Src/stm32f4xx_hal_adc.o
                0x000000000800b624                HAL_ADC_LevelOutOfWindowCallback
 .text.HAL_ADC_ErrorCallback
                0x000000000800b638       0x14 src/lib/f411/Drivers/STM32F4xx_HAL_Driver/Src/stm32f4xx_hal_adc.o
                0x000000000800b638                HAL_ADC_ErrorCallback
 .text.HAL_ADC_ConfigChannel
                0x000000000800b64c      0x264 src/lib/f411/Drivers/STM32F4xx_HAL_Driver/Src/stm32f4xx_hal_adc.o
                0x000000000800b64c                HAL_ADC_ConfigChannel
 .text.ADC_Init
                0x000000000800b8b0      0x1f8 src/lib/f411/Drivers/STM32F4xx_HAL_Driver/Src/stm32f4xx_hal_adc.o
 .text.ADC_DMAConvCplt
                0x000000000800baa8       0xba src/lib/f411/Drivers/STM32F4xx_HAL_Driver/Src/stm32f4xx_hal_adc.o
 .text.ADC_DMAHalfConvCplt
                0x000000000800bb62       0x1c src/lib/f411/Drivers/STM32F4xx_HAL_Driver/Src/stm32f4xx_hal_adc.o
 .text.ADC_DMAError
                0x000000000800bb7e       0x2e src/lib/f411/Drivers/STM32F4xx_HAL_Driver/Src/stm32f4xx_hal_adc.o
 .text.HAL_ADCEx_InjectedConvCpltCallback
                0x000000000800bbac       0x14 src/lib/f411/Drivers/STM32F4xx_HAL_Driver/Src/stm32f4xx_hal_adc_ex.o
                0x000000000800bbac                HAL_ADCEx_InjectedConvCpltCallback
 .text.__NVIC_SetPriorityGrouping
                0x000000000800bbc0       0x48 src/lib/f411/Drivers/STM32F4xx_HAL_Driver/Src/stm32f4xx_hal_cortex.o
 .text.__NVIC_GetPriorityGrouping
                0x000000000800bc08       0x1c src/lib/f411/Drivers/STM32F4xx_HAL_Driver/Src/stm32f4xx_hal_cortex.o
 .text.__NVIC_EnableIRQ
                0x000000000800bc24       0x3c src/lib/f411/Drivers/STM32F4xx_HAL_Driver/Src/stm32f4xx_hal_cortex.o
 .text.__NVIC_DisableIRQ
                0x000000000800bc60       0x44 src/lib/f411/Drivers/STM32F4xx_HAL_Driver/Src/stm32f4xx_hal_cortex.o
 .text.__NVIC_SetPriority
                0x000000000800bca4       0x54 src/lib/f411/Drivers/STM32F4xx_HAL_Driver/Src/stm32f4xx_hal_cortex.o
 .text.NVIC_EncodePriority
                0x000000000800bcf8       0x66 src/lib/f411/Drivers/STM32F4xx_HAL_Driver/Src/stm32f4xx_hal_cortex.o
 *fill*         0x000000000800bd5e        0x2 
 .text.SysTick_Config
                0x000000000800bd60       0x44 src/lib/f411/Drivers/STM32F4xx_HAL_Driver/Src/stm32f4xx_hal_cortex.o
 .text.HAL_NVIC_SetPriorityGrouping
                0x000000000800bda4       0x16 src/lib/f411/Drivers/STM32F4xx_HAL_Driver/Src/stm32f4xx_hal_cortex.o
                0x000000000800bda4                HAL_NVIC_SetPriorityGrouping
 .text.HAL_NVIC_SetPriority
                0x000000000800bdba       0x38 src/lib/f411/Drivers/STM32F4xx_HAL_Driver/Src/stm32f4xx_hal_cortex.o
                0x000000000800bdba                HAL_NVIC_SetPriority
 .text.HAL_NVIC_EnableIRQ
                0x000000000800bdf2       0x1c src/lib/f411/Drivers/STM32F4xx_HAL_Driver/Src/stm32f4xx_hal_cortex.o
                0x000000000800bdf2                HAL_NVIC_EnableIRQ
 .text.HAL_NVIC_DisableIRQ
                0x000000000800be0e       0x1c src/lib/f411/Drivers/STM32F4xx_HAL_Driver/Src/stm32f4xx_hal_cortex.o
                0x000000000800be0e                HAL_NVIC_DisableIRQ
 .text.HAL_SYSTICK_Config
                0x000000000800be2a       0x18 src/lib/f411/Drivers/STM32F4xx_HAL_Driver/Src/stm32f4xx_hal_cortex.o
                0x000000000800be2a                HAL_SYSTICK_Config
 *fill*         0x000000000800be42        0x2 
 .text.HAL_DMA_Init
                0x000000000800be44      0x15c src/lib/f411/Drivers/STM32F4xx_HAL_Driver/Src/stm32f4xx_hal_dma.o
                0x000000000800be44                HAL_DMA_Init
 .text.HAL_DMA_DeInit
                0x000000000800bfa0       0xbc src/lib/f411/Drivers/STM32F4xx_HAL_Driver/Src/stm32f4xx_hal_dma.o
                0x000000000800bfa0                HAL_DMA_DeInit
 .text.HAL_DMA_Start_IT
                0x000000000800c05c       0xb0 src/lib/f411/Drivers/STM32F4xx_HAL_Driver/Src/stm32f4xx_hal_dma.o
                0x000000000800c05c                HAL_DMA_Start_IT
 .text.HAL_DMA_Abort_IT
                0x000000000800c10c       0x44 src/lib/f411/Drivers/STM32F4xx_HAL_Driver/Src/stm32f4xx_hal_dma.o
                0x000000000800c10c                HAL_DMA_Abort_IT
 .text.HAL_DMA_IRQHandler
                0x000000000800c150      0x314 src/lib/f411/Drivers/STM32F4xx_HAL_Driver/Src/stm32f4xx_hal_dma.o
                0x000000000800c150                HAL_DMA_IRQHandler
 .text.HAL_DMA_GetError
                0x000000000800c464       0x18 src/lib/f411/Drivers/STM32F4xx_HAL_Driver/Src/stm32f4xx_hal_dma.o
                0x000000000800c464                HAL_DMA_GetError
 .text.DMA_SetConfig
                0x000000000800c47c       0x5c src/lib/f411/Drivers/STM32F4xx_HAL_Driver/Src/stm32f4xx_hal_dma.o
 .text.DMA_CalcBaseAndBitshift
                0x000000000800c4d8       0x6c src/lib/f411/Drivers/STM32F4xx_HAL_Driver/Src/stm32f4xx_hal_dma.o
 .text.DMA_CheckFifoParam
                0x000000000800c544       0xf4 src/lib/f411/Drivers/STM32F4xx_HAL_Driver/Src/stm32f4xx_hal_dma.o
 .text.HAL_GPIO_Init
                0x000000000800c638      0x304 src/lib/f411/Drivers/STM32F4xx_HAL_Driver/Src/stm32f4xx_hal_gpio.o
                0x000000000800c638                HAL_GPIO_Init
 .text.HAL_GPIO_DeInit
                0x000000000800c93c      0x1c4 src/lib/f411/Drivers/STM32F4xx_HAL_Driver/Src/stm32f4xx_hal_gpio.o
                0x000000000800c93c                HAL_GPIO_DeInit
 .text.HAL_GPIO_ReadPin
                0x000000000800cb00       0x30 src/lib/f411/Drivers/STM32F4xx_HAL_Driver/Src/stm32f4xx_hal_gpio.o
                0x000000000800cb00                HAL_GPIO_ReadPin
 .text.HAL_GPIO_WritePin
                0x000000000800cb30       0x32 src/lib/f411/Drivers/STM32F4xx_HAL_Driver/Src/stm32f4xx_hal_gpio.o
                0x000000000800cb30                HAL_GPIO_WritePin
 .text.HAL_GPIO_TogglePin
                0x000000000800cb62       0x36 src/lib/f411/Drivers/STM32F4xx_HAL_Driver/Src/stm32f4xx_hal_gpio.o
                0x000000000800cb62                HAL_GPIO_TogglePin
 .text.HAL_RCC_OscConfig
                0x000000000800cb98      0x4e0 src/lib/f411/Drivers/STM32F4xx_HAL_Driver/Src/stm32f4xx_hal_rcc.o
                0x000000000800cb98                HAL_RCC_OscConfig
 .text.HAL_RCC_ClockConfig
                0x000000000800d078      0x1cc src/lib/f411/Drivers/STM32F4xx_HAL_Driver/Src/stm32f4xx_hal_rcc.o
                0x000000000800d078                HAL_RCC_ClockConfig
 .text.HAL_RCC_GetSysClockFreq
                0x000000000800d244      0x164 src/lib/f411/Drivers/STM32F4xx_HAL_Driver/Src/stm32f4xx_hal_rcc.o
                0x000000000800d244                HAL_RCC_GetSysClockFreq
 .text.HAL_RCC_GetHCLKFreq
                0x000000000800d3a8       0x18 src/lib/f411/Drivers/STM32F4xx_HAL_Driver/Src/stm32f4xx_hal_rcc.o
                0x000000000800d3a8                HAL_RCC_GetHCLKFreq
 .text.HAL_RCC_GetPCLK1Freq
                0x000000000800d3c0       0x28 src/lib/f411/Drivers/STM32F4xx_HAL_Driver/Src/stm32f4xx_hal_rcc.o
                0x000000000800d3c0                HAL_RCC_GetPCLK1Freq
 .text.HAL_RCC_GetPCLK2Freq
                0x000000000800d3e8       0x28 src/lib/f411/Drivers/STM32F4xx_HAL_Driver/Src/stm32f4xx_hal_rcc.o
                0x000000000800d3e8                HAL_RCC_GetPCLK2Freq
 .text.HAL_SD_Init
                0x000000000800d410       0x60 src/lib/f411/Drivers/STM32F4xx_HAL_Driver/Src/stm32f4xx_hal_sd.o
                0x000000000800d410                HAL_SD_Init
 .text.HAL_SD_InitCard
                0x000000000800d470       0xc0 src/lib/f411/Drivers/STM32F4xx_HAL_Driver/Src/stm32f4xx_hal_sd.o
                0x000000000800d470                HAL_SD_InitCard
 .text.HAL_SD_ReadBlocks_DMA
                0x000000000800d530      0x1d4 src/lib/f411/Drivers/STM32F4xx_HAL_Driver/Src/stm32f4xx_hal_sd.o
                0x000000000800d530                HAL_SD_ReadBlocks_DMA
 .text.HAL_SD_WriteBlocks_DMA
                0x000000000800d704      0x1e0 src/lib/f411/Drivers/STM32F4xx_HAL_Driver/Src/stm32f4xx_hal_sd.o
                0x000000000800d704                HAL_SD_WriteBlocks_DMA
 .text.HAL_SD_IRQHandler
                0x000000000800d8e4      0x30c src/lib/f411/Drivers/STM32F4xx_HAL_Driver/Src/stm32f4xx_hal_sd.o
                0x000000000800d8e4                HAL_SD_IRQHandler
 .text.HAL_SD_ErrorCallback
                0x000000000800dbf0       0x14 src/lib/f411/Drivers/STM32F4xx_HAL_Driver/Src/stm32f4xx_hal_sd.o
                0x000000000800dbf0                HAL_SD_ErrorCallback
 .text.HAL_SD_AbortCallback
                0x000000000800dc04       0x14 src/lib/f411/Drivers/STM32F4xx_HAL_Driver/Src/stm32f4xx_hal_sd.o
                0x000000000800dc04                HAL_SD_AbortCallback
 .text.HAL_SD_GetCardCSD
                0x000000000800dc18      0x348 src/lib/f411/Drivers/STM32F4xx_HAL_Driver/Src/stm32f4xx_hal_sd.o
                0x000000000800dc18                HAL_SD_GetCardCSD
 .text.HAL_SD_GetCardInfo
                0x000000000800df60       0x58 src/lib/f411/Drivers/STM32F4xx_HAL_Driver/Src/stm32f4xx_hal_sd.o
                0x000000000800df60                HAL_SD_GetCardInfo
 .text.HAL_SD_ConfigWideBusOperation
                0x000000000800dfb8       0xf8 src/lib/f411/Drivers/STM32F4xx_HAL_Driver/Src/stm32f4xx_hal_sd.o
                0x000000000800dfb8                HAL_SD_ConfigWideBusOperation
 .text.HAL_SD_GetCardState
                0x000000000800e0b0       0x40 src/lib/f411/Drivers/STM32F4xx_HAL_Driver/Src/stm32f4xx_hal_sd.o
                0x000000000800e0b0                HAL_SD_GetCardState
 .text.SD_DMATransmitCplt
                0x000000000800e0f0       0x2a src/lib/f411/Drivers/STM32F4xx_HAL_Driver/Src/stm32f4xx_hal_sd.o
 .text.SD_DMAReceiveCplt
                0x000000000800e11a       0x70 src/lib/f411/Drivers/STM32F4xx_HAL_Driver/Src/stm32f4xx_hal_sd.o
 *fill*         0x000000000800e18a        0x2 
 .text.SD_DMAError
                0x000000000800e18c       0xa4 src/lib/f411/Drivers/STM32F4xx_HAL_Driver/Src/stm32f4xx_hal_sd.o
 .text.SD_DMATxAbort
                0x000000000800e230       0x6e src/lib/f411/Drivers/STM32F4xx_HAL_Driver/Src/stm32f4xx_hal_sd.o
 .text.SD_DMARxAbort
                0x000000000800e29e       0x6e src/lib/f411/Drivers/STM32F4xx_HAL_Driver/Src/stm32f4xx_hal_sd.o
 .text.SD_InitCard
                0x000000000800e30c      0x19a src/lib/f411/Drivers/STM32F4xx_HAL_Driver/Src/stm32f4xx_hal_sd.o
 *fill*         0x000000000800e4a6        0x2 
 .text.SD_PowerON
                0x000000000800e4a8      0x11c src/lib/f411/Drivers/STM32F4xx_HAL_Driver/Src/stm32f4xx_hal_sd.o
 .text.SD_SendStatus
                0x000000000800e5c4       0x50 src/lib/f411/Drivers/STM32F4xx_HAL_Driver/Src/stm32f4xx_hal_sd.o
 .text.SD_WideBus_Enable
                0x000000000800e614       0x96 src/lib/f411/Drivers/STM32F4xx_HAL_Driver/Src/stm32f4xx_hal_sd.o
 .text.SD_WideBus_Disable
                0x000000000800e6aa       0x96 src/lib/f411/Drivers/STM32F4xx_HAL_Driver/Src/stm32f4xx_hal_sd.o
 .text.SD_FindSCR
                0x000000000800e740      0x194 src/lib/f411/Drivers/STM32F4xx_HAL_Driver/Src/stm32f4xx_hal_sd.o
 .text.SD_Read_IT
                0x000000000800e8d4       0xa2 src/lib/f411/Drivers/STM32F4xx_HAL_Driver/Src/stm32f4xx_hal_sd.o
 .text.SD_Write_IT
                0x000000000800e976       0xaa src/lib/f411/Drivers/STM32F4xx_HAL_Driver/Src/stm32f4xx_hal_sd.o
 .text.HAL_SPI_Init
                0x000000000800ea20       0xc8 src/lib/f411/Drivers/STM32F4xx_HAL_Driver/Src/stm32f4xx_hal_spi.o
                0x000000000800ea20                HAL_SPI_Init
 .text.HAL_SPI_DeInit
                0x000000000800eae8       0x50 src/lib/f411/Drivers/STM32F4xx_HAL_Driver/Src/stm32f4xx_hal_spi.o
                0x000000000800eae8                HAL_SPI_DeInit
 .text.HAL_SPI_TransmitReceive
                0x000000000800eb38      0x344 src/lib/f411/Drivers/STM32F4xx_HAL_Driver/Src/stm32f4xx_hal_spi.o
                0x000000000800eb38                HAL_SPI_TransmitReceive
 .text.HAL_SPI_Transmit_DMA
                0x000000000800ee7c      0x15c src/lib/f411/Drivers/STM32F4xx_HAL_Driver/Src/stm32f4xx_hal_spi.o
                0x000000000800ee7c                HAL_SPI_Transmit_DMA
 .text.HAL_SPI_IRQHandler
                0x000000000800efd8      0x200 src/lib/f411/Drivers/STM32F4xx_HAL_Driver/Src/stm32f4xx_hal_spi.o
                0x000000000800efd8                HAL_SPI_IRQHandler
 .text.HAL_SPI_TxHalfCpltCallback
                0x000000000800f1d8       0x14 src/lib/f411/Drivers/STM32F4xx_HAL_Driver/Src/stm32f4xx_hal_spi.o
                0x000000000800f1d8                HAL_SPI_TxHalfCpltCallback
 .text.SPI_DMATransmitCplt
                0x000000000800f1ec       0xa8 src/lib/f411/Drivers/STM32F4xx_HAL_Driver/Src/stm32f4xx_hal_spi.o
 .text.SPI_DMAHalfTransmitCplt
                0x000000000800f294       0x1c src/lib/f411/Drivers/STM32F4xx_HAL_Driver/Src/stm32f4xx_hal_spi.o
 .text.SPI_DMAError
                0x000000000800f2b0       0x40 src/lib/f411/Drivers/STM32F4xx_HAL_Driver/Src/stm32f4xx_hal_spi.o
 .text.SPI_DMAAbortOnError
                0x000000000800f2f0       0x28 src/lib/f411/Drivers/STM32F4xx_HAL_Driver/Src/stm32f4xx_hal_spi.o
 .text.SPI_WaitFlagStateUntilTimeout
                0x000000000800f318       0xd4 src/lib/f411/Drivers/STM32F4xx_HAL_Driver/Src/stm32f4xx_hal_spi.o
 .text.SPI_EndRxTxTransaction
                0x000000000800f3ec       0x84 src/lib/f411/Drivers/STM32F4xx_HAL_Driver/Src/stm32f4xx_hal_spi.o
 .text.HAL_TIM_Base_Init
                0x000000000800f470       0x56 src/lib/f411/Drivers/STM32F4xx_HAL_Driver/Src/stm32f4xx_hal_tim.o
                0x000000000800f470                HAL_TIM_Base_Init
 .text.HAL_TIM_IC_Init
                0x000000000800f4c6       0x56 src/lib/f411/Drivers/STM32F4xx_HAL_Driver/Src/stm32f4xx_hal_tim.o
                0x000000000800f4c6                HAL_TIM_IC_Init
 .text.HAL_TIM_IC_MspInit
                0x000000000800f51c       0x14 src/lib/f411/Drivers/STM32F4xx_HAL_Driver/Src/stm32f4xx_hal_tim.o
                0x000000000800f51c                HAL_TIM_IC_MspInit
 .text.HAL_TIM_IC_Start_IT
                0x000000000800f530       0xd0 src/lib/f411/Drivers/STM32F4xx_HAL_Driver/Src/stm32f4xx_hal_tim.o
                0x000000000800f530                HAL_TIM_IC_Start_IT
 .text.HAL_TIM_IRQHandler
                0x000000000800f600      0x210 src/lib/f411/Drivers/STM32F4xx_HAL_Driver/Src/stm32f4xx_hal_tim.o
                0x000000000800f600                HAL_TIM_IRQHandler
 .text.HAL_TIM_IC_ConfigChannel
                0x000000000800f810      0x138 src/lib/f411/Drivers/STM32F4xx_HAL_Driver/Src/stm32f4xx_hal_tim.o
                0x000000000800f810                HAL_TIM_IC_ConfigChannel
 .text.HAL_TIM_ConfigClockSource
                0x000000000800f948      0x16e src/lib/f411/Drivers/STM32F4xx_HAL_Driver/Src/stm32f4xx_hal_tim.o
                0x000000000800f948                HAL_TIM_ConfigClockSource
 .text.HAL_TIM_PeriodElapsedCallback
                0x000000000800fab6       0x14 src/lib/f411/Drivers/STM32F4xx_HAL_Driver/Src/stm32f4xx_hal_tim.o
                0x000000000800fab6                HAL_TIM_PeriodElapsedCallback
 .text.HAL_TIM_OC_DelayElapsedCallback
                0x000000000800faca       0x14 src/lib/f411/Drivers/STM32F4xx_HAL_Driver/Src/stm32f4xx_hal_tim.o
                0x000000000800faca                HAL_TIM_OC_DelayElapsedCallback
 .text.HAL_TIM_PWM_PulseFinishedCallback
                0x000000000800fade       0x14 src/lib/f411/Drivers/STM32F4xx_HAL_Driver/Src/stm32f4xx_hal_tim.o
                0x000000000800fade                HAL_TIM_PWM_PulseFinishedCallback
 .text.HAL_TIM_TriggerCallback
                0x000000000800faf2       0x14 src/lib/f411/Drivers/STM32F4xx_HAL_Driver/Src/stm32f4xx_hal_tim.o
                0x000000000800faf2                HAL_TIM_TriggerCallback
 *fill*         0x000000000800fb06        0x2 
 .text.TIM_Base_SetConfig
                0x000000000800fb08      0x100 src/lib/f411/Drivers/STM32F4xx_HAL_Driver/Src/stm32f4xx_hal_tim.o
                0x000000000800fb08                TIM_Base_SetConfig
 .text.TIM_TI1_SetConfig
                0x000000000800fc08       0xd0 src/lib/f411/Drivers/STM32F4xx_HAL_Driver/Src/stm32f4xx_hal_tim.o
                0x000000000800fc08                TIM_TI1_SetConfig
 .text.TIM_TI1_ConfigInputStage
                0x000000000800fcd8       0x5e src/lib/f411/Drivers/STM32F4xx_HAL_Driver/Src/stm32f4xx_hal_tim.o
 .text.TIM_TI2_SetConfig
                0x000000000800fd36       0x7a src/lib/f411/Drivers/STM32F4xx_HAL_Driver/Src/stm32f4xx_hal_tim.o
 .text.TIM_TI2_ConfigInputStage
                0x000000000800fdb0       0x60 src/lib/f411/Drivers/STM32F4xx_HAL_Driver/Src/stm32f4xx_hal_tim.o
 .text.TIM_TI3_SetConfig
                0x000000000800fe10       0x78 src/lib/f411/Drivers/STM32F4xx_HAL_Driver/Src/stm32f4xx_hal_tim.o
 .text.TIM_TI4_SetConfig
                0x000000000800fe88       0x7a src/lib/f411/Drivers/STM32F4xx_HAL_Driver/Src/stm32f4xx_hal_tim.o
 .text.TIM_ITRx_SetConfig
                0x000000000800ff02       0x36 src/lib/f411/Drivers/STM32F4xx_HAL_Driver/Src/stm32f4xx_hal_tim.o
 .text.TIM_ETR_SetConfig
                0x000000000800ff38       0x40 src/lib/f411/Drivers/STM32F4xx_HAL_Driver/Src/stm32f4xx_hal_tim.o
                0x000000000800ff38                TIM_ETR_SetConfig
 .text.TIM_CCxChannelCmd
                0x000000000800ff78       0x4a src/lib/f411/Drivers/STM32F4xx_HAL_Driver/Src/stm32f4xx_hal_tim.o
                0x000000000800ff78                TIM_CCxChannelCmd
 *fill*         0x000000000800ffc2        0x2 
 .text.HAL_TIMEx_MasterConfigSynchronization
                0x000000000800ffc4       0xdc src/lib/f411/Drivers/STM32F4xx_HAL_Driver/Src/stm32f4xx_hal_tim_ex.o
                0x000000000800ffc4                HAL_TIMEx_MasterConfigSynchronization
 .text.HAL_TIMEx_CommutCallback
                0x00000000080100a0       0x14 src/lib/f411/Drivers/STM32F4xx_HAL_Driver/Src/stm32f4xx_hal_tim_ex.o
                0x00000000080100a0                HAL_TIMEx_CommutCallback
 .text.HAL_TIMEx_BreakCallback
                0x00000000080100b4       0x14 src/lib/f411/Drivers/STM32F4xx_HAL_Driver/Src/stm32f4xx_hal_tim_ex.o
                0x00000000080100b4                HAL_TIMEx_BreakCallback
 .text.HAL_UART_Init
                0x00000000080100c8       0x9a src/lib/f411/Drivers/STM32F4xx_HAL_Driver/Src/stm32f4xx_hal_uart.o
                0x00000000080100c8                HAL_UART_Init
 .text.HAL_UART_DeInit
                0x0000000008010162       0x58 src/lib/f411/Drivers/STM32F4xx_HAL_Driver/Src/stm32f4xx_hal_uart.o
                0x0000000008010162                HAL_UART_DeInit
 .text.HAL_UART_Transmit
                0x00000000080101ba      0x132 src/lib/f411/Drivers/STM32F4xx_HAL_Driver/Src/stm32f4xx_hal_uart.o
                0x00000000080101ba                HAL_UART_Transmit
 .text.HAL_UART_Receive_DMA
                0x00000000080102ec      0x100 src/lib/f411/Drivers/STM32F4xx_HAL_Driver/Src/stm32f4xx_hal_uart.o
                0x00000000080102ec                HAL_UART_Receive_DMA
 .text.HAL_UART_IRQHandler
                0x00000000080103ec      0x200 src/lib/f411/Drivers/STM32F4xx_HAL_Driver/Src/stm32f4xx_hal_uart.o
                0x00000000080103ec                HAL_UART_IRQHandler
 .text.HAL_UART_TxCpltCallback
                0x00000000080105ec       0x14 src/lib/f411/Drivers/STM32F4xx_HAL_Driver/Src/stm32f4xx_hal_uart.o
                0x00000000080105ec                HAL_UART_TxCpltCallback
 .text.HAL_UART_RxHalfCpltCallback
                0x0000000008010600       0x14 src/lib/f411/Drivers/STM32F4xx_HAL_Driver/Src/stm32f4xx_hal_uart.o
                0x0000000008010600                HAL_UART_RxHalfCpltCallback
 .text.UART_DMAReceiveCplt
                0x0000000008010614       0x68 src/lib/f411/Drivers/STM32F4xx_HAL_Driver/Src/stm32f4xx_hal_uart.o
 .text.UART_DMARxHalfCplt
                0x000000000801067c       0x1c src/lib/f411/Drivers/STM32F4xx_HAL_Driver/Src/stm32f4xx_hal_uart.o
 .text.UART_DMAError
                0x0000000008010698       0x94 src/lib/f411/Drivers/STM32F4xx_HAL_Driver/Src/stm32f4xx_hal_uart.o
 .text.UART_WaitOnFlagUntilTimeout
                0x000000000801072c       0x94 src/lib/f411/Drivers/STM32F4xx_HAL_Driver/Src/stm32f4xx_hal_uart.o
 .text.UART_EndTxTransfer
                0x00000000080107c0       0x2c src/lib/f411/Drivers/STM32F4xx_HAL_Driver/Src/stm32f4xx_hal_uart.o
 .text.UART_EndRxTransfer
                0x00000000080107ec       0x3c src/lib/f411/Drivers/STM32F4xx_HAL_Driver/Src/stm32f4xx_hal_uart.o
 .text.UART_DMAAbortOnError
                0x0000000008010828       0x28 src/lib/f411/Drivers/STM32F4xx_HAL_Driver/Src/stm32f4xx_hal_uart.o
 .text.UART_Transmit_IT
                0x0000000008010850       0xac src/lib/f411/Drivers/STM32F4xx_HAL_Driver/Src/stm32f4xx_hal_uart.o
 .text.UART_EndTransmit_IT
                0x00000000080108fc       0x30 src/lib/f411/Drivers/STM32F4xx_HAL_Driver/Src/stm32f4xx_hal_uart.o
 .text.UART_Receive_IT
                0x000000000801092c      0x102 src/lib/f411/Drivers/STM32F4xx_HAL_Driver/Src/stm32f4xx_hal_uart.o
 *fill*         0x0000000008010a2e        0x2 
 .text.UART_SetConfig
                0x0000000008010a30      0x6f8 src/lib/f411/Drivers/STM32F4xx_HAL_Driver/Src/stm32f4xx_hal_uart.o
 .text.SDIO_Init
                0x0000000008011128       0x56 src/lib/f411/Drivers/STM32F4xx_HAL_Driver/Src/stm32f4xx_ll_sdmmc.o
                0x0000000008011128                SDIO_Init
 .text.SDIO_ReadFIFO
                0x000000000801117e       0x1a src/lib/f411/Drivers/STM32F4xx_HAL_Driver/Src/stm32f4xx_ll_sdmmc.o
                0x000000000801117e                SDIO_ReadFIFO
 .text.SDIO_WriteFIFO
                0x0000000008011198       0x22 src/lib/f411/Drivers/STM32F4xx_HAL_Driver/Src/stm32f4xx_ll_sdmmc.o
                0x0000000008011198                SDIO_WriteFIFO
 .text.SDIO_PowerState_ON
                0x00000000080111ba       0x1e src/lib/f411/Drivers/STM32F4xx_HAL_Driver/Src/stm32f4xx_ll_sdmmc.o
                0x00000000080111ba                SDIO_PowerState_ON
 .text.SDIO_GetPowerState
                0x00000000080111d8       0x1c src/lib/f411/Drivers/STM32F4xx_HAL_Driver/Src/stm32f4xx_ll_sdmmc.o
                0x00000000080111d8                SDIO_GetPowerState
 .text.SDIO_SendCommand
                0x00000000080111f4       0x54 src/lib/f411/Drivers/STM32F4xx_HAL_Driver/Src/stm32f4xx_ll_sdmmc.o
                0x00000000080111f4                SDIO_SendCommand
 .text.SDIO_GetCommandResponse
                0x0000000008011248       0x1a src/lib/f411/Drivers/STM32F4xx_HAL_Driver/Src/stm32f4xx_ll_sdmmc.o
                0x0000000008011248                SDIO_GetCommandResponse
 .text.SDIO_GetResponse
                0x0000000008011262       0x26 src/lib/f411/Drivers/STM32F4xx_HAL_Driver/Src/stm32f4xx_ll_sdmmc.o
                0x0000000008011262                SDIO_GetResponse
 .text.SDIO_ConfigData
                0x0000000008011288       0x58 src/lib/f411/Drivers/STM32F4xx_HAL_Driver/Src/stm32f4xx_ll_sdmmc.o
                0x0000000008011288                SDIO_ConfigData
 .text.SDMMC_CmdBlockLength
                0x00000000080112e0       0x44 src/lib/f411/Drivers/STM32F4xx_HAL_Driver/Src/stm32f4xx_ll_sdmmc.o
                0x00000000080112e0                SDMMC_CmdBlockLength
 .text.SDMMC_CmdReadSingleBlock
                0x0000000008011324       0x44 src/lib/f411/Drivers/STM32F4xx_HAL_Driver/Src/stm32f4xx_ll_sdmmc.o
                0x0000000008011324                SDMMC_CmdReadSingleBlock
 .text.SDMMC_CmdReadMultiBlock
                0x0000000008011368       0x44 src/lib/f411/Drivers/STM32F4xx_HAL_Driver/Src/stm32f4xx_ll_sdmmc.o
                0x0000000008011368                SDMMC_CmdReadMultiBlock
 .text.SDMMC_CmdWriteSingleBlock
                0x00000000080113ac       0x44 src/lib/f411/Drivers/STM32F4xx_HAL_Driver/Src/stm32f4xx_ll_sdmmc.o
                0x00000000080113ac                SDMMC_CmdWriteSingleBlock
 .text.SDMMC_CmdWriteMultiBlock
                0x00000000080113f0       0x44 src/lib/f411/Drivers/STM32F4xx_HAL_Driver/Src/stm32f4xx_ll_sdmmc.o
                0x00000000080113f0                SDMMC_CmdWriteMultiBlock
 .text.SDMMC_CmdStopTransfer
                0x0000000008011434       0x44 src/lib/f411/Drivers/STM32F4xx_HAL_Driver/Src/stm32f4xx_ll_sdmmc.o
                0x0000000008011434                SDMMC_CmdStopTransfer
 .text.SDMMC_CmdSelDesel
                0x0000000008011478       0x46 src/lib/f411/Drivers/STM32F4xx_HAL_Driver/Src/stm32f4xx_ll_sdmmc.o
                0x0000000008011478                SDMMC_CmdSelDesel
 .text.SDMMC_CmdGoIdleState
                0x00000000080114be       0x3c src/lib/f411/Drivers/STM32F4xx_HAL_Driver/Src/stm32f4xx_ll_sdmmc.o
                0x00000000080114be                SDMMC_CmdGoIdleState
 .text.SDMMC_CmdOperCond
                0x00000000080114fa       0x3e src/lib/f411/Drivers/STM32F4xx_HAL_Driver/Src/stm32f4xx_ll_sdmmc.o
                0x00000000080114fa                SDMMC_CmdOperCond
 .text.SDMMC_CmdAppCommand
                0x0000000008011538       0x44 src/lib/f411/Drivers/STM32F4xx_HAL_Driver/Src/stm32f4xx_ll_sdmmc.o
                0x0000000008011538                SDMMC_CmdAppCommand
 .text.SDMMC_CmdAppOperCommand
                0x000000000801157c       0x46 src/lib/f411/Drivers/STM32F4xx_HAL_Driver/Src/stm32f4xx_ll_sdmmc.o
                0x000000000801157c                SDMMC_CmdAppOperCommand
 .text.SDMMC_CmdBusWidth
                0x00000000080115c2       0x44 src/lib/f411/Drivers/STM32F4xx_HAL_Driver/Src/stm32f4xx_ll_sdmmc.o
                0x00000000080115c2                SDMMC_CmdBusWidth
 .text.SDMMC_CmdSendSCR
                0x0000000008011606       0x42 src/lib/f411/Drivers/STM32F4xx_HAL_Driver/Src/stm32f4xx_ll_sdmmc.o
                0x0000000008011606                SDMMC_CmdSendSCR
 .text.SDMMC_CmdSendCID
                0x0000000008011648       0x3c src/lib/f411/Drivers/STM32F4xx_HAL_Driver/Src/stm32f4xx_ll_sdmmc.o
                0x0000000008011648                SDMMC_CmdSendCID
 .text.SDMMC_CmdSendCSD
                0x0000000008011684       0x3e src/lib/f411/Drivers/STM32F4xx_HAL_Driver/Src/stm32f4xx_ll_sdmmc.o
                0x0000000008011684                SDMMC_CmdSendCSD
 .text.SDMMC_CmdSetRelAdd
                0x00000000080116c2       0x42 src/lib/f411/Drivers/STM32F4xx_HAL_Driver/Src/stm32f4xx_ll_sdmmc.o
                0x00000000080116c2                SDMMC_CmdSetRelAdd
 .text.SDMMC_CmdSendStatus
                0x0000000008011704       0x44 src/lib/f411/Drivers/STM32F4xx_HAL_Driver/Src/stm32f4xx_ll_sdmmc.o
                0x0000000008011704                SDMMC_CmdSendStatus
 .text.SDMMC_GetCmdError
                0x0000000008011748       0x50 src/lib/f411/Drivers/STM32F4xx_HAL_Driver/Src/stm32f4xx_ll_sdmmc.o
 .text.SDMMC_GetCmdResp1
                0x0000000008011798      0x1d8 src/lib/f411/Drivers/STM32F4xx_HAL_Driver/Src/stm32f4xx_ll_sdmmc.o
 .text.SDMMC_GetCmdResp2
                0x0000000008011970       0x8c src/lib/f411/Drivers/STM32F4xx_HAL_Driver/Src/stm32f4xx_ll_sdmmc.o
 .text.SDMMC_GetCmdResp3
                0x00000000080119fc       0x74 src/lib/f411/Drivers/STM32F4xx_HAL_Driver/Src/stm32f4xx_ll_sdmmc.o
 .text.SDMMC_GetCmdResp6
                0x0000000008011a70       0xe8 src/lib/f411/Drivers/STM32F4xx_HAL_Driver/Src/stm32f4xx_ll_sdmmc.o
 .text.SDMMC_GetCmdResp7
                0x0000000008011b58       0x98 src/lib/f411/Drivers/STM32F4xx_HAL_Driver/Src/stm32f4xx_ll_sdmmc.o
 .text.main     0x0000000008011bf0       0x16 src/main.o
                0x0000000008011bf0                main
 *fill*         0x0000000008011c06        0x2 
 .text.__errno  0x0000000008011c08        0xc c:/st/stm32cubeide_1.5.0/stm32cubeide/plugins/com.st.stm32cube.ide.mcu.externaltools.gnu-tools-for-stm32.7-2018-q2-update.win32_1.5.0.202011040924/tools/bin/../lib/gcc/arm-none-eabi/7.3.1/../../../../arm-none-eabi/lib/thumb/v7e-m/fpv4-sp/hard\libc_nano.a(lib_a-errno.o)
                0x0000000008011c08                __errno
 .text.__libc_init_array
                0x0000000008011c14       0x48 c:/st/stm32cubeide_1.5.0/stm32cubeide/plugins/com.st.stm32cube.ide.mcu.externaltools.gnu-tools-for-stm32.7-2018-q2-update.win32_1.5.0.202011040924/tools/bin/../lib/gcc/arm-none-eabi/7.3.1/../../../../arm-none-eabi/lib/thumb/v7e-m/fpv4-sp/hard\libc_nano.a(lib_a-init.o)
                0x0000000008011c14                __libc_init_array
 .text.malloc   0x0000000008011c5c       0x10 c:/st/stm32cubeide_1.5.0/stm32cubeide/plugins/com.st.stm32cube.ide.mcu.externaltools.gnu-tools-for-stm32.7-2018-q2-update.win32_1.5.0.202011040924/tools/bin/../lib/gcc/arm-none-eabi/7.3.1/../../../../arm-none-eabi/lib/thumb/v7e-m/fpv4-sp/hard\libc_nano.a(lib_a-malloc.o)
                0x0000000008011c5c                malloc
 .text.free     0x0000000008011c6c       0x10 c:/st/stm32cubeide_1.5.0/stm32cubeide/plugins/com.st.stm32cube.ide.mcu.externaltools.gnu-tools-for-stm32.7-2018-q2-update.win32_1.5.0.202011040924/tools/bin/../lib/gcc/arm-none-eabi/7.3.1/../../../../arm-none-eabi/lib/thumb/v7e-m/fpv4-sp/hard\libc_nano.a(lib_a-malloc.o)
                0x0000000008011c6c                free
 .text.memcpy   0x0000000008011c7c       0x16 c:/st/stm32cubeide_1.5.0/stm32cubeide/plugins/com.st.stm32cube.ide.mcu.externaltools.gnu-tools-for-stm32.7-2018-q2-update.win32_1.5.0.202011040924/tools/bin/../lib/gcc/arm-none-eabi/7.3.1/../../../../arm-none-eabi/lib/thumb/v7e-m/fpv4-sp/hard\libc_nano.a(lib_a-memcpy-stub.o)
                0x0000000008011c7c                memcpy
 .text.memset   0x0000000008011c92       0x10 c:/st/stm32cubeide_1.5.0/stm32cubeide/plugins/com.st.stm32cube.ide.mcu.externaltools.gnu-tools-for-stm32.7-2018-q2-update.win32_1.5.0.202011040924/tools/bin/../lib/gcc/arm-none-eabi/7.3.1/../../../../arm-none-eabi/lib/thumb/v7e-m/fpv4-sp/hard\libc_nano.a(lib_a-memset.o)
                0x0000000008011c92                memset
 *fill*         0x0000000008011ca2        0x2 
 .text._free_r  0x0000000008011ca4       0x9c c:/st/stm32cubeide_1.5.0/stm32cubeide/plugins/com.st.stm32cube.ide.mcu.externaltools.gnu-tools-for-stm32.7-2018-q2-update.win32_1.5.0.202011040924/tools/bin/../lib/gcc/arm-none-eabi/7.3.1/../../../../arm-none-eabi/lib/thumb/v7e-m/fpv4-sp/hard\libc_nano.a(lib_a-nano-freer.o)
                0x0000000008011ca4                _free_r
 .text._malloc_r
                0x0000000008011d40       0xb4 c:/st/stm32cubeide_1.5.0/stm32cubeide/plugins/com.st.stm32cube.ide.mcu.externaltools.gnu-tools-for-stm32.7-2018-q2-update.win32_1.5.0.202011040924/tools/bin/../lib/gcc/arm-none-eabi/7.3.1/../../../../arm-none-eabi/lib/thumb/v7e-m/fpv4-sp/hard\libc_nano.a(lib_a-nano-mallocr.o)
                0x0000000008011d40                _malloc_r
 .text._sbrk_r  0x0000000008011df4       0x20 c:/st/stm32cubeide_1.5.0/stm32cubeide/plugins/com.st.stm32cube.ide.mcu.externaltools.gnu-tools-for-stm32.7-2018-q2-update.win32_1.5.0.202011040924/tools/bin/../lib/gcc/arm-none-eabi/7.3.1/../../../../arm-none-eabi/lib/thumb/v7e-m/fpv4-sp/hard\libc_nano.a(lib_a-sbrkr.o)
                0x0000000008011df4                _sbrk_r
 .text.strcpy   0x0000000008011e14       0x10 c:/st/stm32cubeide_1.5.0/stm32cubeide/plugins/com.st.stm32cube.ide.mcu.externaltools.gnu-tools-for-stm32.7-2018-q2-update.win32_1.5.0.202011040924/tools/bin/../lib/gcc/arm-none-eabi/7.3.1/../../../../arm-none-eabi/lib/thumb/v7e-m/fpv4-sp/hard\libc_nano.a(lib_a-strcpy.o)
                0x0000000008011e14                strcpy
 .text.unlikely.sulp
                0x0000000008011e24       0x38 c:/st/stm32cubeide_1.5.0/stm32cubeide/plugins/com.st.stm32cube.ide.mcu.externaltools.gnu-tools-for-stm32.7-2018-q2-update.win32_1.5.0.202011040924/tools/bin/../lib/gcc/arm-none-eabi/7.3.1/../../../../arm-none-eabi/lib/thumb/v7e-m/fpv4-sp/hard\libc_nano.a(lib_a-strtod.o)
 *fill*         0x0000000008011e5c        0x4 
 .text._strtod_l
                0x0000000008011e60      0xbe8 c:/st/stm32cubeide_1.5.0/stm32cubeide/plugins/com.st.stm32cube.ide.mcu.externaltools.gnu-tools-for-stm32.7-2018-q2-update.win32_1.5.0.202011040924/tools/bin/../lib/gcc/arm-none-eabi/7.3.1/../../../../arm-none-eabi/lib/thumb/v7e-m/fpv4-sp/hard\libc_nano.a(lib_a-strtod.o)
                0x0000000008011e60                _strtod_l
 .text.strtof   0x0000000008012a48       0xa8 c:/st/stm32cubeide_1.5.0/stm32cubeide/plugins/com.st.stm32cube.ide.mcu.externaltools.gnu-tools-for-stm32.7-2018-q2-update.win32_1.5.0.202011040924/tools/bin/../lib/gcc/arm-none-eabi/7.3.1/../../../../arm-none-eabi/lib/thumb/v7e-m/fpv4-sp/hard\libc_nano.a(lib_a-strtod.o)
                0x0000000008012a48                strtof
 .text.__strtok_r
                0x0000000008012af0       0x54 c:/st/stm32cubeide_1.5.0/stm32cubeide/plugins/com.st.stm32cube.ide.mcu.externaltools.gnu-tools-for-stm32.7-2018-q2-update.win32_1.5.0.202011040924/tools/bin/../lib/gcc/arm-none-eabi/7.3.1/../../../../arm-none-eabi/lib/thumb/v7e-m/fpv4-sp/hard\libc_nano.a(lib_a-strtok_r.o)
                0x0000000008012af0                __strtok_r
 .text.strtok_r
                0x0000000008012b44        0x6 c:/st/stm32cubeide_1.5.0/stm32cubeide/plugins/com.st.stm32cube.ide.mcu.externaltools.gnu-tools-for-stm32.7-2018-q2-update.win32_1.5.0.202011040924/tools/bin/../lib/gcc/arm-none-eabi/7.3.1/../../../../arm-none-eabi/lib/thumb/v7e-m/fpv4-sp/hard\libc_nano.a(lib_a-strtok_r.o)
                0x0000000008012b44                strtok_r
 .text._strtoul_l.isra.0
                0x0000000008012b4a       0xf4 c:/st/stm32cubeide_1.5.0/stm32cubeide/plugins/com.st.stm32cube.ide.mcu.externaltools.gnu-tools-for-stm32.7-2018-q2-update.win32_1.5.0.202011040924/tools/bin/../lib/gcc/arm-none-eabi/7.3.1/../../../../arm-none-eabi/lib/thumb/v7e-m/fpv4-sp/hard\libc_nano.a(lib_a-strtoul.o)
 *fill*         0x0000000008012c3e        0x2 
 .text.strtoul  0x0000000008012c40       0x2c c:/st/stm32cubeide_1.5.0/stm32cubeide/plugins/com.st.stm32cube.ide.mcu.externaltools.gnu-tools-for-stm32.7-2018-q2-update.win32_1.5.0.202011040924/tools/bin/../lib/gcc/arm-none-eabi/7.3.1/../../../../arm-none-eabi/lib/thumb/v7e-m/fpv4-sp/hard\libc_nano.a(lib_a-strtoul.o)
                0x0000000008012c40                strtoul
 .text._vsnprintf_r
                0x0000000008012c6c       0x58 c:/st/stm32cubeide_1.5.0/stm32cubeide/plugins/com.st.stm32cube.ide.mcu.externaltools.gnu-tools-for-stm32.7-2018-q2-update.win32_1.5.0.202011040924/tools/bin/../lib/gcc/arm-none-eabi/7.3.1/../../../../arm-none-eabi/lib/thumb/v7e-m/fpv4-sp/hard\libc_nano.a(lib_a-vsnprintf.o)
                0x0000000008012c6c                _vsniprintf_r
                0x0000000008012c6c                _vsnprintf_r
 .text.vsnprintf
                0x0000000008012cc4       0x1c c:/st/stm32cubeide_1.5.0/stm32cubeide/plugins/com.st.stm32cube.ide.mcu.externaltools.gnu-tools-for-stm32.7-2018-q2-update.win32_1.5.0.202011040924/tools/bin/../lib/gcc/arm-none-eabi/7.3.1/../../../../arm-none-eabi/lib/thumb/v7e-m/fpv4-sp/hard\libc_nano.a(lib_a-vsnprintf.o)
                0x0000000008012cc4                vsniprintf
                0x0000000008012cc4                vsnprintf
 .text.rshift   0x0000000008012ce0       0x74 c:/st/stm32cubeide_1.5.0/stm32cubeide/plugins/com.st.stm32cube.ide.mcu.externaltools.gnu-tools-for-stm32.7-2018-q2-update.win32_1.5.0.202011040924/tools/bin/../lib/gcc/arm-none-eabi/7.3.1/../../../../arm-none-eabi/lib/thumb/v7e-m/fpv4-sp/hard\libc_nano.a(lib_a-gdtoa-gethex.o)
 .text.__hexdig_fun
                0x0000000008012d54       0x2a c:/st/stm32cubeide_1.5.0/stm32cubeide/plugins/com.st.stm32cube.ide.mcu.externaltools.gnu-tools-for-stm32.7-2018-q2-update.win32_1.5.0.202011040924/tools/bin/../lib/gcc/arm-none-eabi/7.3.1/../../../../arm-none-eabi/lib/thumb/v7e-m/fpv4-sp/hard\libc_nano.a(lib_a-gdtoa-gethex.o)
                0x0000000008012d54                __hexdig_fun
 .text.__gethex
                0x0000000008012d7e      0x442 c:/st/stm32cubeide_1.5.0/stm32cubeide/plugins/com.st.stm32cube.ide.mcu.externaltools.gnu-tools-for-stm32.7-2018-q2-update.win32_1.5.0.202011040924/tools/bin/../lib/gcc/arm-none-eabi/7.3.1/../../../../arm-none-eabi/lib/thumb/v7e-m/fpv4-sp/hard\libc_nano.a(lib_a-gdtoa-gethex.o)
                0x0000000008012d7e                __gethex
 .text.L_shift  0x00000000080131c0       0x24 c:/st/stm32cubeide_1.5.0/stm32cubeide/plugins/com.st.stm32cube.ide.mcu.externaltools.gnu-tools-for-stm32.7-2018-q2-update.win32_1.5.0.202011040924/tools/bin/../lib/gcc/arm-none-eabi/7.3.1/../../../../arm-none-eabi/lib/thumb/v7e-m/fpv4-sp/hard\libc_nano.a(lib_a-gdtoa-hexnan.o)
 .text.__match  0x00000000080131e4       0x28 c:/st/stm32cubeide_1.5.0/stm32cubeide/plugins/com.st.stm32cube.ide.mcu.externaltools.gnu-tools-for-stm32.7-2018-q2-update.win32_1.5.0.202011040924/tools/bin/../lib/gcc/arm-none-eabi/7.3.1/../../../../arm-none-eabi/lib/thumb/v7e-m/fpv4-sp/hard\libc_nano.a(lib_a-gdtoa-hexnan.o)
                0x00000000080131e4                __match
 .text.__hexnan
                0x000000000801320c      0x120 c:/st/stm32cubeide_1.5.0/stm32cubeide/plugins/com.st.stm32cube.ide.mcu.externaltools.gnu-tools-for-stm32.7-2018-q2-update.win32_1.5.0.202011040924/tools/bin/../lib/gcc/arm-none-eabi/7.3.1/../../../../arm-none-eabi/lib/thumb/v7e-m/fpv4-sp/hard\libc_nano.a(lib_a-gdtoa-hexnan.o)
                0x000000000801320c                __hexnan
 .text.__locale_ctype_ptr_l
                0x000000000801332c        0x6 c:/st/stm32cubeide_1.5.0/stm32cubeide/plugins/com.st.stm32cube.ide.mcu.externaltools.gnu-tools-for-stm32.7-2018-q2-update.win32_1.5.0.202011040924/tools/bin/../lib/gcc/arm-none-eabi/7.3.1/../../../../arm-none-eabi/lib/thumb/v7e-m/fpv4-sp/hard\libc_nano.a(lib_a-locale.o)
                0x000000000801332c                __locale_ctype_ptr_l
 .text.__localeconv_l
                0x0000000008013332        0x4 c:/st/stm32cubeide_1.5.0/stm32cubeide/plugins/com.st.stm32cube.ide.mcu.externaltools.gnu-tools-for-stm32.7-2018-q2-update.win32_1.5.0.202011040924/tools/bin/../lib/gcc/arm-none-eabi/7.3.1/../../../../arm-none-eabi/lib/thumb/v7e-m/fpv4-sp/hard\libc_nano.a(lib_a-localeconv.o)
                0x0000000008013332                __localeconv_l
 .text.__ascii_mbtowc
                0x0000000008013336       0x24 c:/st/stm32cubeide_1.5.0/stm32cubeide/plugins/com.st.stm32cube.ide.mcu.externaltools.gnu-tools-for-stm32.7-2018-q2-update.win32_1.5.0.202011040924/tools/bin/../lib/gcc/arm-none-eabi/7.3.1/../../../../arm-none-eabi/lib/thumb/v7e-m/fpv4-sp/hard\libc_nano.a(lib_a-mbtowc_r.o)
                0x0000000008013336                __ascii_mbtowc
 .text.__malloc_lock
                0x000000000801335a        0x2 c:/st/stm32cubeide_1.5.0/stm32cubeide/plugins/com.st.stm32cube.ide.mcu.externaltools.gnu-tools-for-stm32.7-2018-q2-update.win32_1.5.0.202011040924/tools/bin/../lib/gcc/arm-none-eabi/7.3.1/../../../../arm-none-eabi/lib/thumb/v7e-m/fpv4-sp/hard\libc_nano.a(lib_a-mlock.o)
                0x000000000801335a                __malloc_lock
 .text.__malloc_unlock
                0x000000000801335c        0x2 c:/st/stm32cubeide_1.5.0/stm32cubeide/plugins/com.st.stm32cube.ide.mcu.externaltools.gnu-tools-for-stm32.7-2018-q2-update.win32_1.5.0.202011040924/tools/bin/../lib/gcc/arm-none-eabi/7.3.1/../../../../arm-none-eabi/lib/thumb/v7e-m/fpv4-sp/hard\libc_nano.a(lib_a-mlock.o)
                0x000000000801335c                __malloc_unlock
 .text._Balloc  0x000000000801335e       0x68 c:/st/stm32cubeide_1.5.0/stm32cubeide/plugins/com.st.stm32cube.ide.mcu.externaltools.gnu-tools-for-stm32.7-2018-q2-update.win32_1.5.0.202011040924/tools/bin/../lib/gcc/arm-none-eabi/7.3.1/../../../../arm-none-eabi/lib/thumb/v7e-m/fpv4-sp/hard\libc_nano.a(lib_a-mprec.o)
                0x000000000801335e                _Balloc
 .text._Bfree   0x00000000080133c6       0x2e c:/st/stm32cubeide_1.5.0/stm32cubeide/plugins/com.st.stm32cube.ide.mcu.externaltools.gnu-tools-for-stm32.7-2018-q2-update.win32_1.5.0.202011040924/tools/bin/../lib/gcc/arm-none-eabi/7.3.1/../../../../arm-none-eabi/lib/thumb/v7e-m/fpv4-sp/hard\libc_nano.a(lib_a-mprec.o)
                0x00000000080133c6                _Bfree
 .text.__multadd