../src/hw/driver/cli.c:111:6:cliInit	8	static
../src/hw/driver/cli.c:136:6:cliOpen	16	static
../src/hw/driver/cli.c:146:6:cliOpenLog	24	static
../src/hw/driver/cli.c:162:6:cliLogClose	4	static
../src/hw/driver/cli.c:168:6:cliShowLog	24	static
../src/hw/driver/cli.c:188:6:cliShowPrompt	16	static
../src/hw/driver/cli.c:194:6:cliMain	8	static
../src/hw/driver/cli.c:209:10:cliAvailable	8	static
../src/hw/driver/cli.c:214:9:cliRead	8	static
../src/hw/driver/cli.c:219:10:cliWrite	16	static
../src/hw/driver/cli.c:224:6:cliUpdate	56	static
../src/hw/driver/cli.c:436:6:cliLineClean	16	static
../src/hw/driver/cli.c:444:6:cliLineAdd	16	static
../src/hw/driver/cli.c:459:6:cliLineChange	24	static
../src/hw/driver/cli.c:501:6:cliRunCmd	24	static
../src/hw/driver/cli.c:527:6:cliParseArgs	40	static
../src/hw/driver/cli.c:559:6:cliPrintf	24	static
../src/hw/driver/cli.c:573:6:cliToUpper	24	static
../src/hw/driver/cli.c:600:9:cliArgsGetData	24	static
../src/hw/driver/cli.c:616:7:cliArgsGetFloat	24	static
../src/hw/driver/cli.c:632:7:cliArgsGetStr	24	static
../src/hw/driver/cli.c:648:6:cliArgsIsStr	24	static
../src/hw/driver/cli.c:667:6:cliKeepLoop	16	static
../src/hw/driver/cli.c:682:6:cliAdd	32	static
../src/hw/driver/cli.c:705:6:cliShowList	24	static
../src/hw/driver/cli.c:722:6:cliMemoryDump	56	static
