user_delay.h:19:22:DWT_Delay_us	24	static
clcd.c:15:6:digit10000	16	static
clcd.c:16:6:digit1000	16	static
clcd.c:17:6:digit100	16	static
clcd.c:18:6:digit10	16	static
clcd.c:19:6:digit1	16	static
clcd.c:21:6:EN_PULSE	8	static
clcd.c:29:6:write_4bit	16	static
clcd.c:35:9:LCD_readCMD	16	static
clcd.c:56:6:LCD_CMD	16	static
clcd.c:64:6:LCD_DATA	16	static
clcd.c:72:6:LCD_print	16	static
clcd.c:81:6:LCD_print_SC	16	static
clcd.c:89:6:Set_Cursor	8	static
clcd.c:93:6:Clear_Cursor	8	static
clcd.c:98:6:LCD_INIT	8	static
clcd.c:112:6:LCD_XY	16	static
clcd.c:119:6:LCD_CLEAR	8	static
clcd.c:121:6:LCD_PUTS	16	static
clcd.c:123:6:LCDprintInt16	32	static
clcd.c:141:6:lcdprint_uint32	16	static
clcd.c:157:6:output_TEMP	16	static
clcd.c:175:6:output_DISTANCE	16	static
clcd.c:187:6:output_time_out	16	static
