lcd.c:87:6:TransferDoneISR	8	static
lcd.c:101:6:lcdInit	24	static
lcd.c:145:10:lcdGetDrawTime	4	static
lcd.c:150:6:lcdIsInit	4	static
lcd.c:155:6:lcdReset	8	static
lcd.c:160:9:lcdGetBackLight	4	static
lcd.c:165:6:lcdSetBackLight	16	static
lcd.c:184:22:lcdReadPixel	0	static
lcd.c:189:18:lcdDrawPixel	0	static
lcd.c:194:18:lcdClear	8	static
lcd.c:201:18:lcdClearBuffer	8	static
lcd.c:211:18:lcdDrawFillCircle	48	static
lcd.c:242:18:lcdDrawCircleHelper	56	static
lcd.c:283:18:lcdDrawRoundRect	72	static
lcd.c:298:18:lcdDrawFillCircleHelper	56	static
lcd.c:333:18:lcdDrawFillRoundRect	40	static
lcd.c:343:18:lcdDrawTriangle	40	static
lcd.c:350:18:lcdDrawFillTriangle	80	dynamic
lcd.c:386:10:lcdGetFps	4	static
lcd.c:391:10:lcdGetFpsTime	4	static
lcd.c:396:6:lcdDrawAvailable	4	static
lcd.c:401:6:lcdRequestDraw	16	static
lcd.c:420:6:lcdUpdateDraw	16	static
lcd.c:442:6:lcdSetWindow	24	static
lcd.c:452:11:lcdGetFrameBuffer	4	static
lcd.c:457:11:lcdGetCurrentFrameBuffer	4	static
lcd.c:462:6:lcdDisplayOff	4	static
lcd.c:466:6:lcdDisplayOn	8	static
lcd.c:471:9:lcdGetWidth	4	static
lcd.c:476:9:lcdGetHeight	4	static
lcd.c:482:6:lcdDrawLine	48	static
lcd.c:536:6:lcdDrawLineBuffer	48	static
lcd.c:604:6:lcdDrawVLine	32	static
lcd.c:609:6:lcdDrawHLine	32	static
lcd.c:614:6:lcdDrawFillRect	32	static
lcd.c:622:6:lcdDrawRect	24	static
lcd.c:630:6:lcdDrawFillScreen	24	static
lcd.c:635:6:lcdPrintf	364	static
lcd.c:701:10:lcdGetStrWidth	328	static
lcd.c:732:6:disHanFont	40	static
lcd.c:764:6:disEngFont	40	static
lcd.c:783:6:lcdSetFont	16	static
lcd.c:788:9:lcdGetFont	4	static
lcd.c:794:6:cliLcd	32	static
