lcd.c:88:6:TransferDoneISR	8	static
lcd.c:102:6:lcdInit	24	static
lcd.c:146:10:lcdGetDrawTime	4	static
lcd.c:151:6:lcdIsInit	4	static
lcd.c:156:6:lcdReset	8	static
lcd.c:161:9:lcdGetBackLight	4	static
lcd.c:166:6:lcdSetBackLight	16	static
lcd.c:185:22:lcdReadPixel	0	static
lcd.c:190:18:lcdDrawPixel	0	static
lcd.c:195:18:lcdClear	8	static
lcd.c:202:18:lcdClearBuffer	8	static
lcd.c:212:18:lcdDrawFillCircle	48	static
lcd.c:243:18:lcdDrawCircleHelper	56	static
lcd.c:284:18:lcdDrawRoundRect	72	static
lcd.c:299:18:lcdDrawFillCircleHelper	56	static
lcd.c:334:18:lcdDrawFillRoundRect	40	static
lcd.c:344:18:lcdDrawTriangle	40	static
lcd.c:351:18:lcdDrawFillTriangle	80	dynamic
lcd.c:387:10:lcdGetFps	4	static
lcd.c:392:10:lcdGetFpsTime	4	static
lcd.c:397:6:lcdDrawAvailable	4	static
lcd.c:402:6:lcdRequestDraw	16	static
lcd.c:421:6:lcdUpdateDraw	16	static
lcd.c:443:6:lcdSetWindow	24	static
lcd.c:453:11:lcdGetFrameBuffer	4	static
lcd.c:458:11:lcdGetCurrentFrameBuffer	4	static
lcd.c:463:6:lcdDisplayOff	4	static
lcd.c:467:6:lcdDisplayOn	8	static
lcd.c:472:9:lcdGetWidth	4	static
lcd.c:477:9:lcdGetHeight	4	static
lcd.c:483:6:lcdDrawLine	48	static
lcd.c:537:6:lcdDrawLineBuffer	48	static
lcd.c:605:6:lcdDrawVLine	32	static
lcd.c:610:6:lcdDrawHLine	32	static
lcd.c:615:6:lcdDrawFillRect	32	static
lcd.c:623:6:lcdDrawRect	24	static
lcd.c:631:6:lcdDrawImage	24	static
lcd.c:640:6:lcdDrawFillScreen	24	static
lcd.c:645:6:lcdPrintf	364	static
lcd.c:711:10:lcdGetStrWidth	328	static
lcd.c:742:6:disHanFont	40	static
lcd.c:774:6:disEngFont	40	static
lcd.c:793:6:lcdSetFont	16	static
lcd.c:798:9:lcdGetFont	4	static
lcd.c:804:6:cliLcd	32	static
