lcd.c:89:6:TransferDoneISR	8	static
lcd.c:103:6:lcdInit	24	static
lcd.c:147:10:lcdGetDrawTime	4	static
lcd.c:152:6:lcdIsInit	4	static
lcd.c:157:6:lcdReset	8	static
lcd.c:162:9:lcdGetBackLight	4	static
lcd.c:167:6:lcdSetBackLight	16	static
lcd.c:186:22:lcdReadPixel	0	static
lcd.c:191:18:lcdDrawPixel	0	static
lcd.c:196:18:lcdClear	8	static
lcd.c:203:18:lcdClearBuffer	8	static
lcd.c:213:18:lcdDrawFillCircle	48	static
lcd.c:244:18:lcdDrawCircleHelper	56	static
lcd.c:285:18:lcdDrawRoundRect	72	static
lcd.c:300:18:lcdDrawFillCircleHelper	56	static
lcd.c:335:18:lcdDrawFillRoundRect	40	static
lcd.c:345:18:lcdDrawTriangle	40	static
lcd.c:352:18:lcdDrawFillTriangle	80	dynamic
lcd.c:388:10:lcdGetFps	4	static
lcd.c:393:10:lcdGetFpsTime	4	static
lcd.c:398:6:lcdDrawAvailable	4	static
lcd.c:403:6:lcdRequestDraw	16	static
lcd.c:422:6:lcdUpdateDraw	16	static
lcd.c:444:6:lcdSetWindow	24	static
lcd.c:454:11:lcdGetFrameBuffer	4	static
lcd.c:459:11:lcdGetCurrentFrameBuffer	4	static
lcd.c:464:6:lcdDisplayOff	4	static
lcd.c:468:6:lcdDisplayOn	8	static
lcd.c:473:9:lcdGetWidth	4	static
lcd.c:478:9:lcdGetHeight	4	static
lcd.c:484:6:lcdDrawLine	48	static
lcd.c:538:6:lcdDrawLineBuffer	48	static
lcd.c:606:6:lcdDrawVLine	32	static
lcd.c:611:6:lcdDrawHLine	32	static
lcd.c:616:6:lcdDrawFillRect	32	static
lcd.c:624:6:lcdDrawRect	24	static
lcd.c:632:6:lcdDrawImage	24	static
lcd.c:640:6:lcdDrawBufferImage	32	static
lcd.c:656:6:lcdDrawFillScreen	24	static
lcd.c:661:6:lcdPrintf	364	static
lcd.c:727:10:lcdGetStrWidth	328	static
lcd.c:758:6:disHanFont	40	static
lcd.c:790:6:disEngFont	40	static
lcd.c:809:6:lcdSetFont	16	static
lcd.c:814:9:lcdGetFont	4	static
lcd.c:820:6:cliLcd	32	static
