../src/hw/driver/menu.c:54:6:menuSetCallBack	16	static
../src/hw/driver/menu.c:59:6:menuInit	8	static
../src/hw/driver/menu.c:82:6:menuMain	8	static
../src/hw/driver/menu.c:97:6:menuUpdate	24	static
../src/hw/driver/menu.c:109:6:menu_strToUpper	24	static
../src/hw/driver/menu.c:137:9:menuArgsGetData	24	static
../src/hw/driver/menu.c:153:7:menuArgsGetFloat	24	static
../src/hw/driver/menu.c:169:7:menuArgsGetStr	24	static
../src/hw/driver/menu.c:185:6:menuArgsIsStr	24	static
../src/hw/driver/menu.c:204:6:menuAdd	40	static
../src/hw/driver/menu.c:228:6:menu_relay1	24	static
../src/hw/driver/menu.c:234:6:menu_relay2	24	static
../src/hw/driver/menu.c:242:6:cliMenu	32	static
