D:/STM32CubeIDE/Aquarium/src/common/core/user_delay.h:19:22:DWT_Delay_us	24	static
../src/hw/driver/onewire.c:13:6:ONEWIRE_LOW	16	static
../src/hw/driver/onewire.c:17:6:ONEWIRE_HIGH	16	static
../src/hw/driver/onewire.c:21:6:ONEWIRE_INPUT	40	static
../src/hw/driver/onewire.c:30:6:ONEWIRE_OUTPUT	40	static
../src/hw/driver/onewire.c:40:6:OneWire_Init	24	static
../src/hw/driver/onewire.c:53:16:OneWire_Reset	24	static
../src/hw/driver/onewire.c:74:13:OneWire_WriteBit	16	static
../src/hw/driver/onewire.c:107:16:OneWire_ReadBit	24	static
../src/hw/driver/onewire.c:133:6:OneWire_WriteByte	24	static
../src/hw/driver/onewire.c:143:9:OneWire_ReadByte	24	static
../src/hw/driver/onewire.c:153:9:OneWire_First	16	static
../src/hw/driver/onewire.c:161:9:OneWire_Next	16	static
../src/hw/driver/onewire.c:166:6:OneWire_ResetSearch	16	static
../src/hw/driver/onewire.c:173:9:OneWire_Search	24	static
../src/hw/driver/onewire.c:286:5:OneWire_Verify	48	static
../src/hw/driver/onewire.c:326:6:OneWire_TargetSetup	24	static
../src/hw/driver/onewire.c:340:6:OneWire_FamilySkipSetup	16	static
../src/hw/driver/onewire.c:351:9:OneWire_GetROM	16	static
../src/hw/driver/onewire.c:355:6:OneWire_Select	24	static
../src/hw/driver/onewire.c:364:6:OneWire_SelectWithPointer	24	static
../src/hw/driver/onewire.c:373:6:OneWire_GetFullROM	24	static
../src/hw/driver/onewire.c:380:9:OneWire_CRC8	24	static
