../src/hw/driver/sd.c:31:6:sdInit	16	static
../src/hw/driver/sd.c:72:6:sdDeInit	16	static
../src/hw/driver/sd.c:87:6:sdIsInit	4	static
../src/hw/driver/sd.c:92:6:sdIsDetected	8	static
../src/hw/driver/sd.c:106:6:sdGetInfo	80	static
../src/hw/driver/sd.c:133:6:sdIsBusy	16	static
../src/hw/driver/sd.c:150:6:sdIsReady	24	static
../src/hw/driver/sd.c:167:6:sdReadBlocks	32	static
../src/hw/driver/sd.c:199:6:sdWriteBlocks	32	static
../src/hw/driver/sd.c:231:6:sdEraseBlocks	24	static
../src/hw/driver/sd.c:246:6:HAL_SD_RxCpltCallback	16	static
../src/hw/driver/sd.c:251:6:HAL_SD_TxCpltCallback	16	static
../src/hw/driver/sd.c:256:6:HAL_SD_MspInit	56	static
../src/hw/driver/sd.c:352:6:HAL_SD_MspDeInit	16	static
../src/hw/driver/sd.c:392:6:cliSd	552	static
