../src/hw/driver/telemetry.c:78:6:serialize8	16	static
../src/hw/driver/telemetry.c:84:6:serialize16	16	static
../src/hw/driver/telemetry.c:90:6:serialize32	16	static
../src/hw/driver/telemetry.c:98:9:read8	4	static
../src/hw/driver/telemetry.c:103:10:read16	16	static
../src/hw/driver/telemetry.c:110:10:read32	16	static
../src/hw/driver/telemetry.c:117:6:headSerial	16	static
../src/hw/driver/telemetry.c:127:6:headSerialSend	16	static
../src/hw/driver/telemetry.c:132:6:headSerialResponse	16	static
../src/hw/driver/telemetry.c:142:6:headSerialReply	16	static
../src/hw/driver/telemetry.c:147:6:headSerialError	16	static
../src/hw/driver/telemetry.c:152:6:tailSerialReply	8	static
../src/hw/driver/telemetry.c:159:6:s_struct_partial	16	static
../src/hw/driver/telemetry.c:164:6:s_struct	16	static
../src/hw/driver/telemetry.c:172:6:SerialCom	16	static
../src/hw/driver/telemetry.c:223:6:evaluateCommand	48	static
../src/hw/driver/telemetry.c:271:6:SerialSerialize	24	static
../src/hw/driver/telemetry.c:278:6:UartSendData	32	static
