../src/hw/driver/telemetry.c:79:6:serialize8	16	static
../src/hw/driver/telemetry.c:85:6:serialize16	16	static
../src/hw/driver/telemetry.c:91:6:serialize32	16	static
../src/hw/driver/telemetry.c:99:9:read8	4	static
../src/hw/driver/telemetry.c:104:10:read16	16	static
../src/hw/driver/telemetry.c:111:10:read32	16	static
../src/hw/driver/telemetry.c:118:6:headSerial	16	static
../src/hw/driver/telemetry.c:128:6:headSerialSend	16	static
../src/hw/driver/telemetry.c:133:6:headSerialResponse	16	static
../src/hw/driver/telemetry.c:143:6:headSerialReply	16	static
../src/hw/driver/telemetry.c:148:6:headSerialError	16	static
../src/hw/driver/telemetry.c:153:6:tailSerialReply	8	static
../src/hw/driver/telemetry.c:160:6:s_struct_partial	16	static
../src/hw/driver/telemetry.c:165:6:s_struct	16	static
../src/hw/driver/telemetry.c:173:6:SerialCom	16	static
../src/hw/driver/telemetry.c:224:6:evaluateCommand	48	static
../src/hw/driver/telemetry.c:299:6:SerialSerialize	24	static
../src/hw/driver/telemetry.c:306:6:UartSendData	32	static
