../src/hw/driver/telemetry.c:76:6:serialize8	16	static
../src/hw/driver/telemetry.c:82:6:serialize16	16	static
../src/hw/driver/telemetry.c:88:6:serialize32	16	static
../src/hw/driver/telemetry.c:96:9:read8	4	static
../src/hw/driver/telemetry.c:101:10:read16	16	static
../src/hw/driver/telemetry.c:108:10:read32	16	static
../src/hw/driver/telemetry.c:115:6:headSerial	16	static
../src/hw/driver/telemetry.c:125:6:headSerialSend	16	static
../src/hw/driver/telemetry.c:130:6:headSerialResponse	16	static
../src/hw/driver/telemetry.c:140:6:headSerialReply	16	static
../src/hw/driver/telemetry.c:145:6:headSerialError	16	static
../src/hw/driver/telemetry.c:150:6:tailSerialReply	8	static
../src/hw/driver/telemetry.c:157:6:s_struct_partial	16	static
../src/hw/driver/telemetry.c:162:6:s_struct	16	static
../src/hw/driver/telemetry.c:170:6:SerialCom	16	static
../src/hw/driver/telemetry.c:221:6:evaluateCommand	24	static
../src/hw/driver/telemetry.c:257:6:SerialSerialize	24	static
../src/hw/driver/telemetry.c:264:6:UartSendData	32	static
