../src/hw/driver/telemetry.c:75:6:serialize8	16	static
../src/hw/driver/telemetry.c:81:6:serialize16	16	static
../src/hw/driver/telemetry.c:87:6:serialize32	16	static
../src/hw/driver/telemetry.c:95:9:read8	4	static
../src/hw/driver/telemetry.c:100:10:read16	16	static
../src/hw/driver/telemetry.c:107:10:read32	16	static
../src/hw/driver/telemetry.c:114:6:headSerial	16	static
../src/hw/driver/telemetry.c:124:6:headSerialSend	16	static
../src/hw/driver/telemetry.c:129:6:headSerialResponse	16	static
../src/hw/driver/telemetry.c:139:6:headSerialReply	16	static
../src/hw/driver/telemetry.c:144:6:headSerialError	16	static
../src/hw/driver/telemetry.c:149:6:tailSerialReply	8	static
../src/hw/driver/telemetry.c:156:6:s_struct_partial	16	static
../src/hw/driver/telemetry.c:161:6:s_struct	16	static
../src/hw/driver/telemetry.c:169:6:SerialCom	16	static
../src/hw/driver/telemetry.c:220:6:evaluateCommand	24	static
../src/hw/driver/telemetry.c:254:6:SerialSerialize	24	static
../src/hw/driver/telemetry.c:261:6:UartSendData	32	static
